Component: Arm Compiler for Embedded 6.24 Tool: armlink [5f371500]

==============================================================================

Section Cross References

    CAN_Task.o(.text.CAN_Task) refers to bsp_tick.o(.text.Delay_ms) for Delay_ms
    CAN_Task.o(.text.CAN_Task) refers to mecanum_classic.o(.bss.total_speed) for total_speed
    CAN_Task.o(.text.CAN_Task) refers to dm_motor_ctrl.o(.bss.motor) for motor
    CAN_Task.o(.text.CAN_Task) refers to leg.o(.bss.lf_leg) for lf_leg
    CAN_Task.o(.text.CAN_Task) refers to fdcan.o(.bss.hfdcan1) for hfdcan1
    CAN_Task.o(.text.CAN_Task) refers to leg.o(.bss.rf_leg) for rf_leg
    CAN_Task.o(.text.CAN_Task) refers to pid_user.o(.text.PID_velocity_realize_2) for PID_velocity_realize_2
    CAN_Task.o(.text.CAN_Task) refers to fdcan_receive.o(.text.FDCAN2_CMD_1) for FDCAN2_CMD_1
    CAN_Task.o(.text.CAN_Task) refers to Control_Task.o(.bss.ctrl_j2) for ctrl_j2
    CAN_Task.o(.text.CAN_Task) refers to pid_user.o(.text.pid_call_3) for pid_call_3
    CAN_Task.o(.text.CAN_Task) refers to Control_Task.o(.bss.ctrl_j3) for ctrl_j3
    CAN_Task.o(.text.CAN_Task) refers to fdcan_receive.o(.text.FDCAN3_CMD_1) for FDCAN3_CMD_1
    CAN_Task.o(.text.CAN_Task) refers to cmsis_os.o(.text.osDelay) for osDelay
    CAN_Task.o(.text.CAN_Task) refers to dm_motor_drv.o(.text.pos_ctrl) for pos_ctrl
    CAN_Task.o(.text.CAN_Task) refers to leg.o(.bss.lb_leg) for lb_leg
    CAN_Task.o(.text.CAN_Task) refers to leg.o(.bss.rb_leg) for rb_leg
    CAN_Task.o(.ARM.exidx.text.CAN_Task) refers to CAN_Task.o(.text.CAN_Task) for [Anonymous Symbol]
    Control_Task.o(.text.Control_Task) refers to cmsis_os.o(.text.osDelay) for osDelay
    Control_Task.o(.text.Control_Task) refers to usb_device.o(.text.MX_USB_DEVICE_Init) for MX_USB_DEVICE_Init
    Control_Task.o(.text.Control_Task) refers to usart.o(.bss.huart10) for huart10
    Control_Task.o(.text.Control_Task) refers to CRC.o(.bss.btReceiveData) for btReceiveData
    Control_Task.o(.text.Control_Task) refers to stm32h7xx_hal_uart.o(.text.HAL_UART_Receive_IT) for HAL_UART_Receive_IT
    Control_Task.o(.text.Control_Task) refers to bsp_mcu.o(.text.MCU_Init) for MCU_Init
    Control_Task.o(.text.Control_Task) refers to arm_user.o(.text.ArmIK_ComponentInit) for ArmIK_ComponentInit
    Control_Task.o(.text.Control_Task) refers to mecanum_classic.o(.bss.total_vel) for total_vel
    Control_Task.o(.text.Control_Task) refers to leg.o(.bss.lf_leg) for lf_leg
    Control_Task.o(.text.Control_Task) refers to leg.o(.bss.rf_leg) for rf_leg
    Control_Task.o(.text.Control_Task) refers to Control_Task.o(.bss.lf_last_theta2) for lf_last_theta2
    Control_Task.o(.text.Control_Task) refers to CRC.o(.bss.legx) for legx
    Control_Task.o(.text.Control_Task) refers to CRC.o(.bss.legy) for legy
    Control_Task.o(.text.Control_Task) refers to Control_Task.o(.bss.lf_last_theta1) for lf_last_theta1
    Control_Task.o(.text.Control_Task) refers to leg.o(.text.InverseKinematics_Continuous) for InverseKinematics_Continuous
    Control_Task.o(.text.Control_Task) refers to Control_Task.o(.bss.rf_last_theta1) for rf_last_theta1
    Control_Task.o(.text.Control_Task) refers to Control_Task.o(.bss.rf_last_theta2) for rf_last_theta2
    Control_Task.o(.text.Control_Task) refers to CRC.o(.bss.leghtheta) for leghtheta
    Control_Task.o(.text.Control_Task) refers to leg.o(.bss.lb_leg) for lb_leg
    Control_Task.o(.text.Control_Task) refers to leg.o(.bss.rb_leg) for rb_leg
    Control_Task.o(.text.Control_Task) refers to bsp_usb.o(.bss.usb_Buf) for usb_Buf
    Control_Task.o(.text.Control_Task) refers to usbd_cdc_if.o(.text.CDC_App_Read) for CDC_App_Read
    Control_Task.o(.text.Control_Task) refers to bsp_usb.o(.text.Receive) for Receive
    Control_Task.o(.text.Control_Task) refers to leg.o(.bss.LEG_Cmd) for LEG_Cmd
    Control_Task.o(.text.Control_Task) refers to CRC.o(.text.BT_Data_MAC_Process) for BT_Data_MAC_Process
    Control_Task.o(.text.Control_Task) refers to mecanum_classic.o(.data.mecParam) for mecParam
    Control_Task.o(.text.Control_Task) refers to mecanum_classic.o(.bss.total_speed) for total_speed
    Control_Task.o(.text.Control_Task) refers to mecanum_classic.o(.text.Mecanum_Calc) for Mecanum_Calc
    Control_Task.o(.text.Control_Task) refers to CRC.o(.bss.leg_flag) for leg_flag
    Control_Task.o(.ARM.exidx.text.Control_Task) refers to Control_Task.o(.text.Control_Task) for [Anonymous Symbol]
    INS_Task.o(.text.INS_Task) refers to imu.o(.text.IMU_Init) for IMU_Init
    INS_Task.o(.text.INS_Task) refers to cmsis_os.o(.text.osDelay) for osDelay
    INS_Task.o(.ARM.exidx.text.INS_Task) refers to INS_Task.o(.text.INS_Task) for [Anonymous Symbol]
    pid.o(.text.PID_init) refers to rt_memclr_w.o(.text) for __aeabi_memclr4
    pid.o(.ARM.exidx.text.PID_init) refers to pid.o(.text.PID_init) for [Anonymous Symbol]
    pid.o(.ARM.exidx.text.PID_calc) refers to pid.o(.text.PID_calc) for [Anonymous Symbol]
[...]
    USBD_StringSerial                        0x24000058   Data          26  usbd_desc.o(.data.USBD_StringSerial)
    mecParam                                 0x24000074   Data          16  mecanum_classic.o(.data.mecParam)
    motor_position_3508_pid_2                0x24000084   Data          16  pid_user.o(.data.motor_position_3508_pid_2)
    motor_position_3508_pid_3                0x24000094   Data          16  pid_user.o(.data.motor_position_3508_pid_3)
    motor_speed_3508_pid_2                   0x240000a4   Data          16  pid_user.o(.data.motor_speed_3508_pid_2)
    uwTickFreq                               0x240000b5   Data           1  stm32h7xx_hal.o(.data.uwTickFreq)
    uwTickPrio                               0x240000b8   Data           4  stm32h7xx_hal.o(.data.uwTickPrio)
    LEG_Cmd                                  0x240000c4   Data           1  leg.o(.bss.LEG_Cmd)
    Start_CAN_TaskBuffer                     0x240000c8   Data        8192  freertos.o(.bss.Start_CAN_TaskBuffer)
    Start_CAN_TaskHandle                     0x240020c8   Data           4  freertos.o(.bss.Start_CAN_TaskHandle)
    Start_Control_TBuffer                    0x240020cc   Data        8192  freertos.o(.bss.Start_Control_TBuffer)
    Start_Control_TControlBlock              0x240040cc   Data          84  freertos.o(.bss.Start_Control_TControlBlock)
    Start_INS_TaskControlBlock               0x24004120   Data          84  freertos.o(.bss.Start_INS_TaskControlBlock)
    UserRxBufferHS                           0x24004394   Data        2048  usbd_cdc_if.o(.bss.UserRxBufferHS)
    arm_X                                    0x24004b94   Data           4  CRC.o(.bss.arm_X)
    arm_Z                                    0x24004b98   Data           4  CRC.o(.bss.arm_Z)
    bt_parse_ok                              0x24004b9c   Data           1  CRC.o(.bss.bt_parse_ok)
    ctrl_j3                                  0x24004ba0   Data           4  Control_Task.o(.bss.ctrl_j3)
    data_index                               0x24004ba4   Data           1  CRC.o(.bss.data_index)
    g_arm_ik_app                             0x24004ba8   Data          92  arm_user.o(.bss.g_arm_ik_app)
    hfdcan2                                  0x24004c04   Data         160  fdcan.o(.bss.hfdcan2)
    hpcd_USB_OTG_HS                          0x24004ca4   Data        1252  usbd_conf.o(.bss.hpcd_USB_OTG_HS)
    htim4                                    0x24005188   Data          76  tim.o(.bss.htim4)
    huart7                                   0x240051d4   Data         148  usart.o(.bss.huart7)
    imu_data                                 0x24005268   Data          40  imu.o(.bss.imu_data)
    imu_rx_byte                              0x24005290   Data           1  imu.o(.bss.imu_rx_byte)
    leg_flag                                 0x24005291   Data           1  CRC.o(.bss.leg_flag)
    legy                                     0x24005294   Data           4  CRC.o(.bss.legy)
    lf_last_theta1                           0x24005298   Data           4  Control_Task.o(.bss.lf_last_theta1)
    lf_last_theta2                           0x2400529c   Data           4  Control_Task.o(.bss.lf_last_theta2)
    motor_fdcan3                             0x240052a0   Data         224  fdcan_receive.o(.bss.motor_fdcan3)
    pid_v_2                                  0x2400538c   Data         640  pid_user.o(.bss.pid_v_2)
    pid_v_3                                  0x2400560c   Data         640  pid_user.o(.bss.pid_v_3)
    pxCurrentTCB                             0x2400588c   Data           4  tasks.o(.bss.pxCurrentTCB)
    rb_leg                                   0x24005920   Data           4  leg.o(.bss.rb_leg)
    rf_last_theta2                           0x24005924   Data           4  Control_Task.o(.bss.rf_last_theta2)
    rf_leg                                   0x24005928   Data           8  leg.o(.bss.rf_leg)
    s_rxRing                                 0x24005934   Data        4096  usbd_cdc_if.o(.bss.s_rxRing)
    s_txRing                                 0x24006938   Data        4096  usbd_cdc_if.o(.bss.s_txRing)
    usb_Buf                                  0x24007a50   Data         300  bsp_usb.o(.bss.usb_Buf)



==============================================================================

Memory Map of the image

  Image Entry point : 0x080002cd

  Load Region LR_IROM1 (Base: 0x08000000, Size: 0x0000dd00, Max: 0x00100000, ABSOLUTE)

    Execution Region ER_IROM1 (Exec base: 0x08000000, Load base: 0x08000000, Size: 0x0000dba0, Max: 0x00100000, ABSOLUTE)

    Exec Addr    Load Addr    Size         Type   Attr      Idx    E Section Name        Object

    0x08000000   0x08000000   0x000002cc   Data   RO          477    RESET               startup_stm32h723xx.o
    0x080002cc   0x080002cc   0x00000008   Code   RO         3187  * !!!main             c_w.l(__main.o)
    0x080002d4   0x080002d4   0x0000005c   Code   RO         3425    !!!scatter          c_w.l(__scatter.o)
    0x08000330   0x08000330   0x0000005a   Code   RO         3423    !!dczerorl2         c_w.l(__dczerorl2.o)
    0x0800038a   0x0800038a   0x00000002   PAD
    0x0800038c   0x0800038c   0x0000001a   Code   RO         3429    !!handler_copy      c_w.l(__scatter_copy.o)
    0x080003a6   0x080003a6   0x00000002   PAD
    0x080003a8   0x080003a8   0x00000002   Code   RO         3426    !!handler_null      c_w.l(__scatter.o)
    0x080003aa   0x080003aa   0x00000002   PAD
    0x080003ac   0x080003ac   0x0000001c   Code   RO         3431    !!handler_zi        c_w.l(__scatter_zi.o)
    0x080003c8   0x080003c8   0x00000002   Code   RO         3288    .ARM.Collect$$libinit$$00000000  c_w.l(libinit.o)
    0x080003ca   0x080003ca   0x00000004   Code   RO         3297    .ARM.Collect$$libinit$$00000001  c_w.l(libinit2.o)
    0x080003ce   0x080003ce   0x00000000   Code   RO         3300    .ARM.Collect$$libinit$$00000004  c_w.l(libinit2.o)
    0x080003ce   0x080003ce   0x00000000   Code   RO         3302    .ARM.Collect$$libinit$$00000006  c_w.l(libinit2.o)
    0x080003ce   0x080003ce   0x00000000   Code   RO         3305    .ARM.Collect$$libinit$$0000000C  c_w.l(libinit2.o)
    0x080003ce   0x080003ce   0x00000000   Code   RO         3307    .ARM.Collect$$libinit$$0000000E  c_w.l(libinit2.o)
    0x080003ce   0x080003ce   0x00000000   Code   RO         3309    .ARM.Collect$$libinit$$00000010  c_w.l(libinit2.o)
    0x080003ce   0x080003ce   0x00000000   Code   RO         3312    .ARM.Collect$$libinit$$00000013  c_w.l(libinit2.o)
    0x080003ce   0x080003ce   0x00000000   Code   RO         3314    .ARM.Collect$$libinit$$00000015  c_w.l(libinit2.o)
    0x080003ce   0x080003ce   0x00000000   Code   RO         3316    .ARM.Collect$$libinit$$00000017  c_w.l(libinit2.o)
    0x080003ce   0x080003ce   0x00000000   Code   RO         3318    .ARM.Collect$$libinit$$00000019  c_w.l(libinit2.o)
    0x080003ce   0x080003ce   0x00000000   Code   RO         3320    .ARM.Collect$$libinit$$0000001B  c_w.l(libinit2.o)
    0x080003ce   0x080003ce   0x00000000   Code   RO         3322    .ARM.Collect$$libinit$$0000001D  c_w.l(libinit2.o)
    0x080003ce   0x080003ce   0x00000000   Code   RO         3324    .ARM.Collect$$libinit$$0000001F  c_w.l(libinit2.o)
    0x080003ce   0x080003ce   0x00000000   Code   RO         3326    .ARM.Collect$$libinit$$00000021  c_w.l(libinit2.o)
    0x080003ce   0x080003ce   0x00000000   Code   RO         3328    .ARM.Collect$$libinit$$00000023  c_w.l(libinit2.o)
    0x080003ce   0x080003ce   0x00000000   Code   RO         3330    .ARM.Collect$$libinit$$00000025  c_w.l(libinit2.o)
    0x080003ce   0x080003ce   0x00000000   Code   RO         3332    .ARM.Collect$$libinit$$00000027  c_w.l(libinit2.o)
    0x080003ce   0x080003ce   0x00000000   Code   RO         3336    .ARM.Collect$$libinit$$0000002E  c_w.l(libinit2.o)
    0x080003ce   0x080003ce   0x00000000   Code   RO         3338    .ARM.Collect$$libinit$$00000030  c_w.l(libinit2.o)
    0x080003ce   0x080003ce   0x00000000   Code   RO         3340    .ARM.Collect$$libinit$$00000032  c_w.l(libinit2.o)
    0x080003ce   0x080003ce   0x00000000   Code   RO         3342    .ARM.Collect$$libinit$$00000034  c_w.l(libinit2.o)
    0x080003ce   0x080003ce   0x00000002   Code   RO         3343    .ARM.Collect$$libinit$$00000035  c_w.l(libinit2.o)
    0x080003d0   0x080003d0   0x00000002   Code   RO         3378    .ARM.Collect$$libshutdown$$00000000  c_w.l(libshutdown.o)
    0x080003d2   0x080003d2   0x00000000   Code   RO         3406    .ARM.Collect$$libshutdown$$00000002  c_w.l(libshutdown2.o)
    0x080003d2   0x080003d2   0x00000000   Code   RO         3408    .ARM.Collect$$libshutdown$$00000004  c_w.l(libshutdown2.o)
    0x080003d2   0x080003d2   0x00000000   Code   RO         3411    .ARM.Collect$$libshutdown$$00000007  c_w.l(libshutdown2.o)
    0x080003d2   0x080003d2   0x00000000   Code   RO         3414    .ARM.Collect$$libshutdown$$0000000A  c_w.l(libshutdown2.o)
    0x080003d2   0x080003d2   0x00000000   Code   RO         3416    .ARM.Collect$$libshutdown$$0000000C  c_w.l(libshutdown2.o)
    0x080003d2   0x080003d2   0x00000000   Code   RO         3419    .ARM.Collect$$libshutdown$$0000000F  c_w.l(libshutdown2.o)
    0x080003d2   0x080003d2   0x00000002   Code   RO         3420    .ARM.Collect$$libshutdown$$00000010  c_w.l(libshutdown2.o)
    0x080003d4   0x080003d4   0x00000000   Code   RO         3219    .ARM.Collect$$rtentry$$00000000  c_w.l(__rtentry.o)
    0x080003d4   0x080003d4   0x00000000   Code   RO         3251    .ARM.Collect$$rtentry$$00000002  c_w.l(__rtentry2.o)
    0x080003d4   0x080003d4   0x00000006   Code   RO         3263    .ARM.Collect$$rtentry$$00000004  c_w.l(__rtentry4.o)
    0x080003da   0x080003da   0x00000000   Code   RO         3253    .ARM.Collect$$rtentry$$00000009  c_w.l(__rtentry2.o)
    0x080003da   0x080003da   0x00000004   Code   RO         3254    .ARM.Collect$$rtentry$$0000000A  c_w.l(__rtentry2.o)
    0x080003de   0x080003de   0x00000000   Code   RO         3256    .ARM.Collect$$rtentry$$0000000C  c_w.l(__rtentry2.o)
    0x080003de   0x080003de   0x00000008   Code   RO         3257    .ARM.Collect$$rtentry$$0000000D  c_w.l(__rtentry2.o)
    0x080003e6   0x080003e6   0x00000002   Code   RO         3289    .ARM.Collect$$rtexit$$00000000  c_w.l(rtexit.o)
    0x080003e8   0x080003e8   0x00000000   Code   RO         3349    .ARM.Collect$$rtexit$$00000002  c_w.l(rtexit2.o)
    0x080003e8   0x080003e8   0x00000004   Code   RO         3350    .ARM.Collect$$rtexit$$00000003  c_w.l(rtexit2.o)
    0x080003ec   0x080003ec   0x00000006   Code   RO         3351    .ARM.Collect$$rtexit$$00000004  c_w.l(rtexit2.o)
    0x080003f2   0x080003f2   0x00000002   PAD
    0x080003f4   0x080003f4   0x00000048   Code   RO          478    .text               startup_stm32h723xx.o
    0x0800043c   0x0800043c   0x000000f0   Code   RO         3177    .text               c_w.l(lludivv7m.o)
    0x0800052c   0x0800052c   0x0000008a   Code   RO         3179    .text               c_w.l(rt_memcpy_v6.o)
    0x080005b6   0x080005b6   0x0000004e   Code   RO         3183    .text               c_w.l(rt_memclr_w.o)
    0x08000604   0x08000604   0x00000006   Code   RO         3185    .text               c_w.l(heapauxi.o)
    0x0800060a   0x0800060a   0x00000016   Code   RO         3224    .text               c_w.l(_rserrno.o)
    0x08000620   0x08000620   0x00000064   Code   RO         3226    .text               c_w.l(rt_memcpy_w.o)
    0x08000684   0x08000684   0x00000008   Code   RO         3270    .text               c_w.l(rt_errno_addr_intlibspace.o)
    0x0800068c   0x0800068c   0x00000008   Code   RO         3272    .text               c_w.l(libspace.o)
    0x08000694   0x08000694   0x0000004a   Code   RO         3275    .text               c_w.l(sys_stackheap_outer.o)
    0x080006de   0x080006de   0x00000012   Code   RO         3277    .text               c_w.l(exit.o)
    0x080006f0   0x080006f0   0x0000000c   Code   RO         3344    .text               c_w.l(sys_exit.o)
    0x080006fc   0x080006fc   0x00000002   Code   RO         3367    .text               c_w.l(use_no_semi.o)
    0x080006fe   0x080006fe   0x00000000   Code   RO         3369    .text               c_w.l(indicate_semi.o)
    0x080006fe   0x080006fe   0x00000002   PAD
    0x08000700   0x08000700   0x0000001c   Code   RO          330    .text.Arm3R_DegToRad  arm_ik_3r_safe_stm32h7.o
    0x0800071c   0x0800071c   0x00000004   PAD
    0x08000720   0x08000720   0x0000005a   Code   RO          354    .text.Arm3R_GeomCtrlToMotorCtrl  arm_ik_3r_safe_stm32h7.o
    0x0800077a   0x0800077a   0x00000006   PAD
    0x08000780   0x08000780   0x00000008   Code   RO          340    .text.Arm3R_GetResult  arm_ik_3r_safe_stm32h7.o
    0x08000788   0x08000788   0x0000004e   Code   RO          338    .text.Arm3R_Init    arm_ik_3r_safe_stm32h7.o
    0x080007d6   0x080007d6   0x00000002   PAD
    0x080007d8   0x080007d8   0x0000001c   Code   RO          332    .text.Arm3R_RadToDeg  arm_ik_3r_safe_stm32h7.o
    0x080007f4   0x080007f4   0x00000004   PAD
    0x080007f8   0x080007f8   0x00000460   Code   RO          352    .text.Arm3R_Solve   arm_ik_3r_safe_stm32h7.o
    0x08000c58   0x08000c58   0x00000074   Code   RO          364    .text.ArmIK_ComponentInit  arm_user.o
    0x08000ccc   0x08000ccc   0x00000004   PAD
    0x08000cd0   0x08000cd0   0x000001b8   Code   RO          366    .text.ArmIK_ComponentStep  arm_user.o
    0x08000e88   0x08000e88   0x000001f0   Code   RO          269    .text.BT_Data_MAC_Process  CRC.o
    0x08001078   0x08001078   0x00000002   Code   RO          606    .text.BusFault_Handler  stm32h7xx_it.o
    0x0800107a   0x0800107a   0x00000006   PAD
    0x08001080   0x08001080   0x0000017c   Code   RO            2    .text.CAN_Task      CAN_Task.o
    0x080011fc   0x080011fc   0x00000004   PAD
    0x08001200   0x08001200   0x0000005c   Code   RO          726    .text.CDC_App_Read  usbd_cdc_if.o
    0x0800125c   0x0800125c   0x00000004   PAD
    0x08001260   0x08001260   0x00000024   Code   RO          722    .text.CDC_App_TxFree  usbd_cdc_if.o
    0x08001284   0x08001284   0x00000004   PAD
    0x08001288   0x08001288   0x000000ec   Code   RO          728    .text.CDC_App_Write  usbd_cdc_if.o
    0x08001374   0x08001374   0x00000004   PAD
    0x08001378   0x08001378   0x00000016   Code   RO          710    .text.CDC_Control_HS  usbd_cdc_if.o
    0x0800138e   0x0800138e   0x00000002   PAD
    0x08001390   0x08001390   0x00000004   Code   RO          708    .text.CDC_DeInit_HS  usbd_cdc_if.o
    0x08001394   0x08001394   0x00000004   PAD
    0x08001398   0x08001398   0x00000070   Code   RO          706    .text.CDC_Init_HS   usbd_cdc_if.o
    0x08001408   0x08001408   0x00000076   Code   RO          712    .text.CDC_Receive_HS  usbd_cdc_if.o
    0x0800147e   0x0800147e   0x00000002   PAD
    0x08001480   0x08001480   0x00000004   Code   RO          714    .text.CDC_TransmitCplt_HS  usbd_cdc_if.o
    0x08001484   0x08001484   0x00000004   PAD
    0x08001488   0x08001488   0x000001f4   Code   RO           11    .text.Control_Task  Control_Task.o
    0x0800167c   0x0800167c   0x00000004   PAD
    0x08001680   0x08001680   0x000000a6   Code   RO          456    .text.Data_Analysis  bsp_usb.o
    0x08001726   0x08001726   0x00000002   PAD
    0x08001728   0x08001728   0x00000002   Code   RO          610    .text.DebugMon_Handler  stm32h7xx_it.o
    0x0800172a   0x0800172a   0x00000006   PAD
    0x08001730   0x08001730   0x00000018   Code   RO          424    .text.Delay_ms      bsp_tick.o
    0x08001748   0x08001748   0x0000000a   Code   RO          489    .text.Error_Handler  main.o
    0x08001752   0x08001752   0x00000006   PAD
    0x08001758   0x08001758   0x0000001a   Code   RO         2576    .text.ExitRun0Mode  system_stm32h7xx.o
    0x08001772   0x08001772   0x00000006   PAD
    0x08001778   0x08001778   0x0000000c   Code   RO          612    .text.FDCAN1_IT0_IRQHandler  stm32h7xx_it.o
    0x08001784   0x08001784   0x00000004   PAD
    0x08001788   0x08001788   0x0000000c   Code   RO          616    .text.FDCAN1_IT1_IRQHandler  stm32h7xx_it.o
    0x08001794   0x08001794   0x00000004   PAD
    0x08001798   0x08001798   0x00000062   Code   RO          161    .text.FDCAN2_CMD_1  fdcan_receive.o
    0x080017fa   0x080017fa   0x00000006   PAD
    0x08001800   0x08001800   0x00000054   Code   RO          398    .text.FDCAN2_Filter_Init  bsp_fdcan.o
    0x08001854   0x08001854   0x00000004   PAD
    0x08001858   0x08001858   0x0000000c   Code   RO          614    .text.FDCAN2_IT0_IRQHandler  stm32h7xx_it.o
    0x08001864   0x08001864   0x00000004   PAD
    0x08001868   0x08001868   0x0000000c   Code   RO          618    .text.FDCAN2_IT1_IRQHandler  stm32h7xx_it.o
    0x08001874   0x08001874   0x00000004   PAD
    0x08001878   0x08001878   0x00000062   Code   RO          165    .text.FDCAN3_CMD_1  fdcan_receive.o
    0x080018da   0x080018da   0x00000006   PAD
    0x080018e0   0x080018e0   0x00000056   Code   RO          400    .text.FDCAN3_Filter_Init  bsp_fdcan.o
    0x08001936   0x08001936   0x00000002   PAD
    0x08001938   0x08001938   0x0000000c   Code   RO          632    .text.FDCAN3_IT0_IRQHandler  stm32h7xx_it.o
    0x08001944   0x08001944   0x00000004   PAD
    0x08001948   0x08001948   0x0000000c   Code   RO          634    .text.FDCAN3_IT1_IRQHandler  stm32h7xx_it.o
    0x08001954   0x08001954   0x00000004   PAD
    0x08001958   0x08001958   0x0000007a   Code   RO         2250    .text.FDCAN_CopyMessageToRAM  stm32h7xx_hal_fdcan.o
    0x080019d2   0x080019d2   0x00000006   PAD
    0x080019d8   0x080019d8   0x000004e0   Code   RO         1585    .text.HAL_DMA_Abort  stm32h7xx_hal_dma.o
    0x08001eb8   0x08001eb8   0x00000298   Code   RO         1587    .text.HAL_DMA_Abort_IT  stm32h7xx_hal_dma.o
    0x08002150   0x08002150   0x00000028   Code   RO         1879    .text.HAL_Delay     stm32h7xx_hal.o
    0x08002178   0x08002178   0x00000078   Code   RO         2328    .text.HAL_FDCAN_ActivateNotification  stm32h7xx_hal_fdcan.o
    0x080021f0   0x080021f0   0x0000006a   Code   RO         2248    .text.HAL_FDCAN_AddMessageToTxFifoQ  stm32h7xx_hal_fdcan.o
    0x0800225a   0x0800225a   0x00000006   PAD
    0x08002260   0x08002260   0x00000002   Code   RO         2342    .text.HAL_FDCAN_ClockCalibrationCallback  stm32h7xx_hal_fdcan.o
    0x08002262   0x08002262   0x00000006   PAD
    0x08002268   0x08002268   0x0000005a   Code   RO         2208    .text.HAL_FDCAN_ConfigFifoWatermark  stm32h7xx_hal_fdcan.o
    0x080022c2   0x080022c2   0x00000006   PAD
    0x080022c8   0x080022c8   0x00000088   Code   RO         2200    .text.HAL_FDCAN_ConfigFilter  stm32h7xx_hal_fdcan.o
    0x08002350   0x08002350   0x00000036   Code   RO         2202    .text.HAL_FDCAN_ConfigGlobalFilter  stm32h7xx_hal_fdcan.o
    0x08002386   0x08002386   0x00000002   PAD
    0x08002388   0x08002388   0x00000098   Code   RO         2182    .text.HAL_FDCAN_DeInit  stm32h7xx_hal_fdcan.o
    0x08002420   0x08002420   0x00000002   Code   RO         2370    .text.HAL_FDCAN_ErrorCallback  stm32h7xx_hal_fdcan.o
    0x08002422   0x08002422   0x00000006   PAD
    0x08002428   0x08002428   0x00000012   Code   RO          394    .text.HAL_FDCAN_ErrorStatusCallback  bsp_fdcan.o
    0x0800243a   0x0800243a   0x00000006   PAD
    0x08002440   0x08002440   0x00000188   Code   RO         2260    .text.HAL_FDCAN_GetRxMessage  stm32h7xx_hal_fdcan.o
    0x080025c8   0x080025c8   0x00000002   Code   RO         2338    .text.HAL_FDCAN_HighPriorityMessageCallback  stm32h7xx_hal_fdcan.o
    0x080025ca   0x080025ca   0x00000006   PAD
    0x080025d0   0x080025d0   0x00000326   Code   RO         2336    .text.HAL_FDCAN_IRQHandler  stm32h7xx_hal_fdcan.o
    0x080028f6   0x080028f6   0x00000002   PAD
    0x080028f8   0x080028f8   0x000003c2   Code   RO         2178    .text.HAL_FDCAN_Init  stm32h7xx_hal_fdcan.o
    0x08002cba   0x08002cba   0x00000006   PAD
    0x08002cc0   0x08002cc0   0x000000d8   Code   RO          549    .text.HAL_FDCAN_MspDeInit  fdcan.o
    0x08002d98   0x08002d98   0x000001be   Code   RO          547    .text.HAL_FDCAN_MspInit  fdcan.o
    0x08002f56   0x08002f56   0x00000002   PAD
    0x08002f58   0x08002f58   0x00000002   Code   RO         2354    .text.HAL_FDCAN_RxBufferNewMessageCallback  stm32h7xx_hal_fdcan.o
    0x08002f5a   0x08002f5a   0x00000006   PAD
    0x08002f60   0x08002f60   0x00000012   Code   RO          402    .text.HAL_FDCAN_RxFifo0Callback  bsp_fdcan.o
    0x08002f72   0x08002f72   0x00000006   PAD
    0x08002f78   0x08002f78   0x000000bc   Code   RO          404    .text.HAL_FDCAN_RxFifo1Callback  bsp_fdcan.o
    0x08003034   0x08003034   0x00000004   PAD
    0x08003038   0x08003038   0x00000032   Code   RO         2246    .text.HAL_FDCAN_Start  stm32h7xx_hal_fdcan.o
    0x0800306a   0x0800306a   0x00000006   PAD
    0x08003070   0x08003070   0x00000002   Code   RO         2368    .text.HAL_FDCAN_TT_GlobalTimeCallback  stm32h7xx_hal_fdcan.o
    0x08003072   0x08003072   0x00000006   PAD
    0x08003078   0x08003078   0x00000002   Code   RO         2362    .text.HAL_FDCAN_TT_ScheduleSyncCallback  stm32h7xx_hal_fdcan.o
    0x0800307a   0x0800307a   0x00000006   PAD
    0x08003080   0x08003080   0x00000002   Code   RO         2366    .text.HAL_FDCAN_TT_StopWatchCallback  stm32h7xx_hal_fdcan.o
    0x08003082   0x08003082   0x00000006   PAD
    0x08003088   0x08003088   0x00000002   Code   RO         2364    .text.HAL_FDCAN_TT_TimeMarkCallback  stm32h7xx_hal_fdcan.o
    0x0800308a   0x0800308a   0x00000006   PAD
    0x08003090   0x08003090   0x00000002   Code   RO         2358    .text.HAL_FDCAN_TimeoutOccurredCallback  stm32h7xx_hal_fdcan.o
    0x08003092   0x08003092   0x00000006   PAD
    0x08003098   0x08003098   0x00000002   Code   RO         2356    .text.HAL_FDCAN_TimestampWraparoundCallback  stm32h7xx_hal_fdcan.o
    0x0800309a   0x0800309a   0x00000006   PAD
    0x080030a0   0x080030a0   0x00000002   Code   RO         2340    .text.HAL_FDCAN_TxBufferAbortCallback  stm32h7xx_hal_fdcan.o
    0x080030a2   0x080030a2   0x00000006   PAD
    0x080030a8   0x080030a8   0x00000002   Code   RO         2352    .text.HAL_FDCAN_TxBufferCompleteCallback  stm32h7xx_hal_fdcan.o
    0x080030aa   0x080030aa   0x00000006   PAD
    0x080030b0   0x080030b0   0x00000002   Code   RO         2344    .text.HAL_FDCAN_TxEventFifoCallback  stm32h7xx_hal_fdcan.o
    0x080030b2   0x080030b2   0x00000006   PAD
    0x080030b8   0x080030b8   0x00000002   Code   RO         2350    .text.HAL_FDCAN_TxFifoEmptyCallback  stm32h7xx_hal_fdcan.o
    0x080030ba   0x080030ba   0x00000006   PAD
    0x080030c0   0x080030c0   0x0000011c   Code   RO         1521    .text.HAL_GPIO_DeInit  stm32h7xx_hal_gpio.o
    0x080031dc   0x080031dc   0x00000004   PAD
    0x080031e0   0x080031e0   0x000001a2   Code   RO         1519    .text.HAL_GPIO_Init  stm32h7xx_hal_gpio.o
    0x08003382   0x08003382   0x00000006   PAD
    0x08003388   0x08003388   0x0000000a   Code   RO         1525    .text.HAL_GPIO_WritePin  stm32h7xx_hal_gpio.o
    0x08003392   0x08003392   0x00000006   PAD
    0x08003398   0x08003398   0x0000000c   Code   RO         1871    .text.HAL_GetTick   stm32h7xx_hal.o
    0x080033a4   0x080033a4   0x00000004   PAD
    0x080033a8   0x080033a8   0x0000001a   Code   RO         1869    .text.HAL_IncTick   stm32h7xx_hal.o
    0x080033c2   0x080033c2   0x00000006   PAD
    0x080033c8   0x080033c8   0x00000064   Code   RO         1859    .text.HAL_Init      stm32h7xx_hal.o
    0x0800342c   0x0800342c   0x00000004   PAD
    0x08003430   0x08003430   0x000000a4   Code   RO          652    .text.HAL_InitTick  stm32h7xx_hal_timebase_tim.o
    0x080034d4   0x080034d4   0x00000004   PAD
    0x080034d8   0x080034d8   0x0000005e   Code   RO         1829    .text.HAL_MPU_ConfigRegion  stm32h7xx_hal_cortex.o
    0x08003536   0x08003536   0x00000002   PAD
    0x08003538   0x08003538   0x0000001a   Code   RO         1821    .text.HAL_MPU_Disable  stm32h7xx_hal_cortex.o
    0x08003552   0x08003552   0x00000006   PAD
    0x08003558   0x08003558   0x00000020   Code   RO         1823    .text.HAL_MPU_Enable  stm32h7xx_hal_cortex.o
    0x08003578   0x08003578   0x0000002a   Code   RO          643    .text.HAL_MspInit   stm32h7xx_hal_msp.o
    0x080035a2   0x080035a2   0x00000006   PAD
    0x080035a8   0x080035a8   0x0000002a   Code   RO         1813    .text.HAL_NVIC_DisableIRQ  stm32h7xx_hal_cortex.o
    0x080035d2   0x080035d2   0x00000006   PAD
    0x080035d8   0x080035d8   0x00000022   Code   RO         1811    .text.HAL_NVIC_EnableIRQ  stm32h7xx_hal_cortex.o
    0x080035fa   0x080035fa   0x00000006   PAD
    0x08003600   0x08003600   0x0000005a   Code   RO         1809    .text.HAL_NVIC_SetPriority  stm32h7xx_hal_cortex.o
    0x0800365a   0x0800365a   0x00000006   PAD
    0x08003660   0x08003660   0x00000020   Code   RO         1807    .text.HAL_NVIC_SetPriorityGrouping  stm32h7xx_hal_cortex.o
    0x08003680   0x08003680   0x00000026   Code   RO         1232    .text.HAL_PCDEx_ActivateLPM  stm32h7xx_hal_pcd_ex.o
    0x080036a6   0x080036a6   0x00000002   PAD
    0x080036a8   0x080036a8   0x00000002   Code   RO         1244    .text.HAL_PCDEx_LPM_Callback  stm32h7xx_hal_pcd_ex.o
    0x080036aa   0x080036aa   0x00000006   PAD
    0x080036b0   0x080036b0   0x00000008   Code   RO         1230    .text.HAL_PCDEx_SetRxFiFo  stm32h7xx_hal_pcd_ex.o
    0x080036b8   0x080036b8   0x0000004e   Code   RO         1228    .text.HAL_PCDEx_SetTxFiFo  stm32h7xx_hal_pcd_ex.o
    0x08003706   0x08003706   0x00000002   PAD
    0x08003708   0x08003708   0x00000008   Code   RO          771    .text.HAL_PCD_ConnectCallback  usbd_conf.o
    0x08003710   0x08003710   0x00000012   Code   RO          757    .text.HAL_PCD_DataInStageCallback  usbd_conf.o
    0x08003722   0x08003722   0x00000006   PAD
    0x08003728   0x08003728   0x00000014   Code   RO          755    .text.HAL_PCD_DataOutStageCallback  usbd_conf.o
    0x0800373c   0x0800373c   0x00000004   PAD
    0x08003740   0x08003740   0x00000008   Code   RO          773    .text.HAL_PCD_DisconnectCallback  usbd_conf.o
    0x08003748   0x08003748   0x00000050   Code   RO         1198    .text.HAL_PCD_EP_Close  stm32h7xx_hal_pcd.o
    0x08003798   0x08003798   0x0000005e   Code   RO         1208    .text.HAL_PCD_EP_ClrStall  stm32h7xx_hal_pcd.o
    0x080037f6   0x080037f6   0x00000002   PAD
    0x080037f8   0x080037f8   0x00000012   Code   RO         1202    .text.HAL_PCD_EP_GetRxCount  stm32h7xx_hal_pcd.o
    0x0800380a   0x0800380a   0x00000006   PAD
    0x08003810   0x08003810   0x00000062   Code   RO         1196    .text.HAL_PCD_EP_Open  stm32h7xx_hal_pcd.o
    0x08003872   0x08003872   0x00000006   PAD
    0x08003878   0x08003878   0x00000038   Code   RO         1200    .text.HAL_PCD_EP_Receive  stm32h7xx_hal_pcd.o
    0x080038b0   0x080038b0   0x0000006a   Code   RO         1206    .text.HAL_PCD_EP_SetStall  stm32h7xx_hal_pcd.o
    0x0800391a   0x0800391a   0x00000006   PAD
    0x08003920   0x08003920   0x0000003c   Code   RO         1204    .text.HAL_PCD_EP_Transmit  stm32h7xx_hal_pcd.o
    0x0800395c   0x0800395c   0x00000004   PAD
    0x08003960   0x08003960   0x000007ce   Code   RO         1164    .text.HAL_PCD_IRQHandler  stm32h7xx_hal_pcd.o
    0x0800412e   0x0800412e   0x00000002   PAD
    0x08004130   0x08004130   0x00000008   Code   RO          769    .text.HAL_PCD_ISOINIncompleteCallback  usbd_conf.o
    0x08004138   0x08004138   0x00000008   Code   RO          767    .text.HAL_PCD_ISOOUTIncompleteCallback  usbd_conf.o
    0x08004140   0x08004140   0x000000f0   Code   RO         1152    .text.HAL_PCD_Init  stm32h7xx_hal_pcd.o
    0x08004230   0x08004230   0x0000008a   Code   RO          749    .text.HAL_PCD_MspInit  usbd_conf.o
    0x080042ba   0x080042ba   0x00000006   PAD
    0x080042c0   0x080042c0   0x00000026   Code   RO          761    .text.HAL_PCD_ResetCallback  usbd_conf.o
    0x080042e6   0x080042e6   0x00000002   PAD
    0x080042e8   0x080042e8   0x00000008   Code   RO          765    .text.HAL_PCD_ResumeCallback  usbd_conf.o
    0x080042f0   0x080042f0   0x00000008   Code   RO          759    .text.HAL_PCD_SOFCallback  usbd_conf.o
    0x080042f8   0x080042f8   0x00000028   Code   RO         1194    .text.HAL_PCD_SetAddress  stm32h7xx_hal_pcd.o
    0x08004320   0x08004320   0x0000000e   Code   RO          753    .text.HAL_PCD_SetupStageCallback  usbd_conf.o
    0x0800432e   0x0800432e   0x00000002   PAD
    0x08004330   0x08004330   0x0000003e   Code   RO         1160    .text.HAL_PCD_Start  stm32h7xx_hal_pcd.o
    0x0800436e   0x0800436e   0x00000002   PAD
    0x08004370   0x08004370   0x00000034   Code   RO          763    .text.HAL_PCD_SuspendCallback  usbd_conf.o
    0x080043a4   0x080043a4   0x00000004   PAD
    0x080043a8   0x080043a8   0x00000048   Code   RO         1723    .text.HAL_PWREx_ConfigSupply  stm32h7xx_hal_pwr_ex.o
    0x080043f0   0x080043f0   0x00000012   Code   RO         1773    .text.HAL_PWREx_EnableUSBVoltageDetector  stm32h7xx_hal_pwr_ex.o
    0x08004402   0x08004402   0x00000006   PAD
    0x08004408   0x08004408   0x00000026   Code   RO         1410    .text.HAL_RCCEx_GetD3PCLK1Freq  stm32h7xx_hal_rcc_ex.o
    0x0800442e   0x0800442e   0x00000002   PAD
    0x08004430   0x08004430   0x00000120   Code   RO         1406    .text.HAL_RCCEx_GetPLL2ClockFreq  stm32h7xx_hal_rcc_ex.o
    0x08004550   0x08004550   0x00000120   Code   RO         1408    .text.HAL_RCCEx_GetPLL3ClockFreq  stm32h7xx_hal_rcc_ex.o
    0x08004670   0x08004670   0x00000962   Code   RO         1394    .text.HAL_RCCEx_PeriphCLKConfig  stm32h7xx_hal_rcc_ex.o
    0x08004fd2   0x08004fd2   0x00000006   PAD
    0x08004fd8   0x08004fd8   0x0000024a   Code   RO         1362    .text.HAL_RCC_ClockConfig  stm32h7xx_hal_rcc.o
    0x08005222   0x08005222   0x00000006   PAD
    0x08005228   0x08005228   0x00000058   Code   RO         1380    .text.HAL_RCC_GetClockConfig  stm32h7xx_hal_rcc.o
    0x08005280   0x08005280   0x0000004c   Code   RO         1372    .text.HAL_RCC_GetHCLKFreq  stm32h7xx_hal_rcc.o
    0x080052cc   0x080052cc   0x00000004   PAD
    0x080052d0   0x080052d0   0x00000060   Code   RO         1374    .text.HAL_RCC_GetPCLK1Freq  stm32h7xx_hal_rcc.o
    0x08005330   0x08005330   0x00000060   Code   RO         1376    .text.HAL_RCC_GetPCLK2Freq  stm32h7xx_hal_rcc.o
    0x08005390   0x08005390   0x00000114   Code   RO         1364    .text.HAL_RCC_GetSysClockFreq  stm32h7xx_hal_rcc.o
    0x080054a4   0x080054a4   0x00000004   PAD
    0x080054a8   0x080054a8   0x000005ce   Code   RO         1360    .text.HAL_RCC_OscConfig  stm32h7xx_hal_rcc.o
    0x08005a76   0x08005a76   0x00000002   PAD
    0x08005a78   0x08005a78   0x00000002   Code   RO         1138    .text.HAL_TIMEx_Break2Callback  stm32h7xx_hal_tim_ex.o
    0x08005a7a   0x08005a7a   0x00000006   PAD
    0x08005a80   0x08005a80   0x00000002   Code   RO         1136    .text.HAL_TIMEx_BreakCallback  stm32h7xx_hal_tim_ex.o
    0x08005a82   0x08005a82   0x00000006   PAD
    0x08005a88   0x08005a88   0x00000002   Code   RO         1132    .text.HAL_TIMEx_CommutCallback  stm32h7xx_hal_tim_ex.o
    0x08005a8a   0x08005a8a   0x00000006   PAD
    0x08005a90   0x08005a90   0x000000e4   Code   RO         1116    .text.HAL_TIMEx_MasterConfigSynchronization  stm32h7xx_hal_tim_ex.o
    0x08005b74   0x08005b74   0x00000004   PAD
    0x08005b78   0x08005b78   0x00000060   Code   RO          821    .text.HAL_TIM_Base_Init  stm32h7xx_hal_tim.o
    0x08005bd8   0x08005bd8   0x00000072   Code   RO          568    .text.HAL_TIM_Base_MspInit  tim.o
    0x08005c4a   0x08005c4a   0x00000006   PAD
    0x08005c50   0x08005c50   0x000000ca   Code   RO          835    .text.HAL_TIM_Base_Start_IT  stm32h7xx_hal_tim.o
    0x08005d1a   0x08005d1a   0x00000006   PAD
    0x08005d20   0x08005d20   0x000001f4   Code   RO         1001    .text.HAL_TIM_ConfigClockSource  stm32h7xx_hal_tim.o
    0x08005f14   0x08005f14   0x00000004   PAD
    0x08005f18   0x08005f18   0x00000002   Code   RO          957    .text.HAL_TIM_IC_CaptureCallback  stm32h7xx_hal_tim.o
    0x08005f1a   0x08005f1a   0x00000006   PAD
    0x08005f20   0x08005f20   0x00000166   Code   RO          955    .text.HAL_TIM_IRQHandler  stm32h7xx_hal_tim.o
    0x08006086   0x08006086   0x00000002   PAD
    0x08006088   0x08006088   0x00000002   Code   RO          959    .text.HAL_TIM_OC_DelayElapsedCallback  stm32h7xx_hal_tim.o
    0x0800608a   0x0800608a   0x00000006   PAD
    0x08006090   0x08006090   0x00000002   Code   RO          961    .text.HAL_TIM_PWM_PulseFinishedCallback  stm32h7xx_hal_tim.o
    0x08006092   0x08006092   0x00000006   PAD
    0x08006098   0x08006098   0x000000c4   Code   RO          491    .text.HAL_TIM_PeriodElapsedCallback  main.o
    0x0800615c   0x0800615c   0x00000004   PAD
    0x08006160   0x08006160   0x00000002   Code   RO          965    .text.HAL_TIM_TriggerCallback  stm32h7xx_hal_tim.o
    0x08006162   0x08006162   0x00000006   PAD
    0x08006168   0x08006168   0x00000036   Code   RO         2549    .text.HAL_UARTEx_DisableFifoMode  stm32h7xx_hal_uart_ex.o
    0x0800619e   0x0800619e   0x00000002   PAD
    0x080061a0   0x080061a0   0x00000002   Code   RO         2476    .text.HAL_UARTEx_RxEventCallback  stm32h7xx_hal_uart.o
    0x080061a2   0x080061a2   0x00000006   PAD
    0x080061a8   0x080061a8   0x00000002   Code   RO         2535    .text.HAL_UARTEx_RxFifoFullCallback  stm32h7xx_hal_uart_ex.o
    0x080061aa   0x080061aa   0x00000006   PAD
    0x080061b0   0x080061b0   0x00000092   Code   RO         2553    .text.HAL_UARTEx_SetRxFifoThreshold  stm32h7xx_hal_uart_ex.o
    0x08006242   0x08006242   0x00000006   PAD
    0x08006248   0x08006248   0x00000092   Code   RO         2551    .text.HAL_UARTEx_SetTxFifoThreshold  stm32h7xx_hal_uart_ex.o
    0x080062da   0x080062da   0x00000006   PAD
    0x080062e0   0x080062e0   0x00000002   Code   RO         2537    .text.HAL_UARTEx_TxFifoEmptyCallback  stm32h7xx_hal_uart_ex.o
    0x080062e2   0x080062e2   0x00000006   PAD
    0x080062e8   0x080062e8   0x00000002   Code   RO         2533    .text.HAL_UARTEx_WakeupCallback  stm32h7xx_hal_uart_ex.o
    0x080062ea   0x080062ea   0x00000006   PAD
    0x080062f0   0x080062f0   0x0000004e   Code   RO          436    .text.HAL_UART_ErrorCallback  bsp_uart.o
    0x0800633e   0x0800633e   0x00000002   PAD
    0x08006340   0x08006340   0x000003ae   Code   RO         2470    .text.HAL_UART_IRQHandler  stm32h7xx_hal_uart.o
    0x080066ee   0x080066ee   0x00000002   PAD
    0x080066f0   0x080066f0   0x00000064   Code   RO         2386    .text.HAL_UART_Init  stm32h7xx_hal_uart.o
    0x08006754   0x08006754   0x00000004   PAD
    0x08006758   0x08006758   0x00000114   Code   RO          586    .text.HAL_UART_MspInit  usart.o
    0x0800686c   0x0800686c   0x00000004   PAD
    0x08006870   0x08006870   0x0000005e   Code   RO         2422    .text.HAL_UART_Receive_IT  stm32h7xx_hal_uart.o
    0x080068ce   0x080068ce   0x00000002   PAD
    0x080068d0   0x080068d0   0x0000006c   Code   RO          434    .text.HAL_UART_RxCpltCallback  bsp_uart.o
    0x0800693c   0x0800693c   0x00000004   PAD
    0x08006940   0x08006940   0x000000ac   Code   RO         2412    .text.HAL_UART_Transmit_IT  stm32h7xx_hal_uart.o
    0x080069ec   0x080069ec   0x00000004   PAD
    0x080069f0   0x080069f0   0x00000002   Code   RO         2478    .text.HAL_UART_TxCpltCallback  stm32h7xx_hal_uart.o
    0x080069f2   0x080069f2   0x00000006   PAD
    0x080069f8   0x080069f8   0x00000002   Code   RO          602    .text.HardFault_Handler  stm32h7xx_it.o
    0x080069fa   0x080069fa   0x00000006   PAD
    0x08006a00   0x08006a00   0x00000004   Code   RO          185    .text.IMU_DelayMs   imu.o
    0x08006a04   0x08006a04   0x00000004   PAD
    0x08006a08   0x08006a08   0x00000060   Code   RO          179    .text.IMU_Init      imu.o
    0x08006a68   0x08006a68   0x000000d8   Code   RO          183    .text.IMU_RegUpdateCallback  imu.o
    0x08006b40   0x08006b40   0x00000014   Code   RO          181    .text.IMU_SerialWrite  imu.o
    0x08006b54   0x08006b54   0x00000004   PAD
    0x08006b58   0x08006b58   0x00000012   Code   RO           30    .text.INS_Task      INS_Task.o
    0x08006b6a   0x08006b6a   0x00000006   PAD
    0x08006b70   0x08006b70   0x000002d4   Code   RO          295    .text.InverseKinematics_Continuous  leg.o
    0x08006e44   0x08006e44   0x00000004   PAD
    0x08006e48   0x08006e48   0x00000268   Code   RO          414    .text.MCU_Init      bsp_mcu.o
    0x080070b0   0x080070b0   0x00000074   Code   RO          541    .text.MX_FDCAN1_Init  fdcan.o
    0x08007124   0x08007124   0x00000004   PAD
    0x08007128   0x08007128   0x00000072   Code   RO          543    .text.MX_FDCAN2_Init  fdcan.o
    0x0800719a   0x0800719a   0x00000006   PAD
    0x080071a0   0x080071a0   0x00000072   Code   RO          545    .text.MX_FDCAN3_Init  fdcan.o
    0x08007212   0x08007212   0x00000006   PAD
    0x08007218   0x08007218   0x000000ec   Code   RO          513    .text.MX_FREERTOS_Init  freertos.o
    0x08007304   0x08007304   0x00000004   PAD
    0x08007308   0x08007308   0x000000b2   Code   RO          502    .text.MX_GPIO_Init  gpio.o
    0x080073ba   0x080073ba   0x00000006   PAD
    0x080073c0   0x080073c0   0x00000078   Code   RO          564    .text.MX_TIM3_Init  tim.o
    0x08007438   0x08007438   0x0000007a   Code   RO          566    .text.MX_TIM4_Init  tim.o
    0x080074b2   0x080074b2   0x00000006   PAD
    0x080074b8   0x080074b8   0x0000007c   Code   RO          582    .text.MX_UART7_Init  usart.o
    0x08007534   0x08007534   0x00000004   PAD
    0x08007538   0x08007538   0x0000007c   Code   RO          584    .text.MX_USART10_UART_Init  usart.o
    0x080075b4   0x080075b4   0x00000004   PAD
    0x080075b8   0x080075b8   0x0000006c   Code   RO          667    .text.MX_USB_DEVICE_Init  usb_device.o
    0x08007624   0x08007624   0x00000004   PAD
    0x08007628   0x08007628   0x000000c0   Code   RO          318    .text.Mecanum_Calc  mecanum_classic.o
    0x080076e8   0x080076e8   0x00000002   Code   RO          604    .text.MemManage_Handler  stm32h7xx_it.o
    0x080076ea   0x080076ea   0x00000006   PAD
    0x080076f0   0x080076f0   0x00000002   Code   RO          600    .text.NMI_Handler   stm32h7xx_it.o
    0x080076f2   0x080076f2   0x00000006   PAD
    0x080076f8   0x080076f8   0x0000000c   Code   RO          626    .text.OTG_HS_IRQHandler  stm32h7xx_it.o
    0x08007704   0x08007704   0x00000004   PAD
    0x08007708   0x08007708   0x0000013c   Code   RO           41    .text.PID_calc      pid.o
    0x08007844   0x08007844   0x00000004   PAD
    0x08007848   0x08007848   0x000000cc   Code   RO           53    .text.PID_devices_Init  pid_user.o
    0x08007914   0x08007914   0x00000004   PAD
    0x08007918   0x08007918   0x00000030   Code   RO           39    .text.PID_init      pid.o
    0x08007948   0x08007948   0x00000044   Code   RO           55    .text.PID_velocity_realize_2  pid_user.o
    0x0800798c   0x0800798c   0x00000004   PAD
    0x08007990   0x08007990   0x00000064   Code   RO         3019    .text.PendSV_Handler  port.o
    0x080079f4   0x080079f4   0x00000004   PAD
    0x080079f8   0x080079f8   0x0000011e   Code   RO         1396    .text.RCCEx_PLL2_Config  stm32h7xx_hal_rcc_ex.o
    0x08007b16   0x08007b16   0x00000002   PAD
    0x08007b18   0x08007b18   0x0000011e   Code   RO         1398    .text.RCCEx_PLL3_Config  stm32h7xx_hal_rcc_ex.o
    0x08007c36   0x08007c36   0x00000002   PAD
    0x08007c38   0x08007c38   0x0000037e   Code   RO          458    .text.Receive       bsp_usb.o
    0x08007fb6   0x08007fb6   0x0000000a   PAD
    0x08007fc0   0x08007fc0   0x00000024   Code   RO         3003    .text.SVC_Handler   port.o
    0x08007fe4   0x08007fe4   0x00000004   PAD
    0x08007fe8   0x08007fe8   0x000000ac   Code   RO          454    .text.Send_Cmd_Data  bsp_usb.o
    0x08008094   0x08008094   0x00000004   PAD
    0x08008098   0x08008098   0x0000002e   Code   RO         3021    .text.SysTick_Handler  port.o
    0x080080c6   0x080080c6   0x00000002   PAD
    0x080080c8   0x080080c8   0x000000b2   Code   RO          487    .text.SystemClock_Config  main.o
    0x0800817a   0x0800817a   0x00000006   PAD
    0x08008180   0x08008180   0x000000d2   Code   RO         2572    .text.SystemInit    system_stm32h7xx.o
    0x08008252   0x08008252   0x00000006   PAD
    0x08008258   0x08008258   0x0000000c   Code   RO          620    .text.TIM2_IRQHandler  stm32h7xx_it.o
    0x08008264   0x08008264   0x00000004   PAD
    0x08008268   0x08008268   0x0000000c   Code   RO          622    .text.TIM3_IRQHandler  stm32h7xx_it.o
    0x08008274   0x08008274   0x00000004   PAD
    0x08008278   0x08008278   0x0000000c   Code   RO          624    .text.TIM4_IRQHandler  stm32h7xx_it.o
    0x08008284   0x08008284   0x00000004   PAD
    0x08008288   0x08008288   0x0000015a   Code   RO          825    .text.TIM_Base_SetConfig  stm32h7xx_hal_tim.o
    0x080083e2   0x080083e2   0x00000006   PAD
    0x080083e8   0x080083e8   0x000000ce   Code   RO          267    .text.UART10_Receive  CRC.o
    0x080084b6   0x080084b6   0x00000002   PAD
    0x080084b8   0x080084b8   0x0000000c   Code   RO          628    .text.UART7_IRQHandler  stm32h7xx_it.o
    0x080084c4   0x080084c4   0x00000004   PAD
    0x080084c8   0x080084c8   0x000000e0   Code   RO         2390    .text.UART_AdvFeatureConfig  stm32h7xx_hal_uart.o
    0x080085a8   0x080085a8   0x000000ba   Code   RO         2394    .text.UART_CheckIdleState  stm32h7xx_hal_uart.o
    0x08008662   0x08008662   0x00000006   PAD
    0x08008668   0x08008668   0x0000000c   Code   RO         2472    .text.UART_DMAAbortOnError  stm32h7xx_hal_uart.o
    0x08008674   0x08008674   0x00000004   PAD
    0x08008678   0x08008678   0x000000ce   Code   RO         2512    .text.UART_RxISR_16BIT  stm32h7xx_hal_uart.o
    0x08008746   0x08008746   0x00000002   PAD
    0x08008748   0x08008748   0x000001c6   Code   RO         2508    .text.UART_RxISR_16BIT_FIFOEN  stm32h7xx_hal_uart.o
    0x0800890e   0x0800890e   0x00000002   PAD
    0x08008910   0x08008910   0x000000ce   Code   RO         2514    .text.UART_RxISR_8BIT  stm32h7xx_hal_uart.o
    0x080089de   0x080089de   0x00000002   PAD
    0x080089e0   0x080089e0   0x000001ca   Code   RO         2510    .text.UART_RxISR_8BIT_FIFOEN  stm32h7xx_hal_uart.o
    0x08008baa   0x08008baa   0x00000006   PAD
    0x08008bb0   0x08008bb0   0x00000468   Code   RO         2392    .text.UART_SetConfig  stm32h7xx_hal_uart.o
    0x08009018   0x08009018   0x0000011c   Code   RO         2424    .text.UART_Start_Receive_IT  stm32h7xx_hal_uart.o
    0x08009134   0x08009134   0x00000004   PAD
    0x08009138   0x08009138   0x00000056   Code   RO         2418    .text.UART_TxISR_16BIT  stm32h7xx_hal_uart.o
    0x0800918e   0x0800918e   0x00000002   PAD
    0x08009190   0x08009190   0x00000072   Code   RO         2414    .text.UART_TxISR_16BIT_FIFOEN  stm32h7xx_hal_uart.o
    0x08009202   0x08009202   0x00000006   PAD
    0x08009208   0x08009208   0x00000052   Code   RO         2420    .text.UART_TxISR_8BIT  stm32h7xx_hal_uart.o
    0x0800925a   0x0800925a   0x00000006   PAD
    0x08009260   0x08009260   0x0000006e   Code   RO         2416    .text.UART_TxISR_8BIT_FIFOEN  stm32h7xx_hal_uart.o
    0x080092ce   0x080092ce   0x00000002   PAD
    0x080092d0   0x080092d0   0x0000013e   Code   RO         2408    .text.UART_WaitOnFlagUntilTimeout  stm32h7xx_hal_uart.o
    0x0800940e   0x0800940e   0x00000002   PAD
    0x08009410   0x08009410   0x0000000c   Code   RO          630    .text.USART10_IRQHandler  stm32h7xx_it.o
    0x0800941c   0x0800941c   0x00000004   PAD
    0x08009420   0x08009420   0x00000072   Code   RO         3143    .text.USBD_CDC_DataIn  usbd_cdc.o
    0x08009492   0x08009492   0x00000006   PAD
    0x08009498   0x08009498   0x0000003a   Code   RO         3145    .text.USBD_CDC_DataOut  usbd_cdc.o
    0x080094d2   0x080094d2   0x00000006   PAD
    0x080094d8   0x080094d8   0x0000005a   Code   RO         3137    .text.USBD_CDC_DeInit  usbd_cdc.o
    0x08009532   0x08009532   0x00000006   PAD
    0x08009538   0x08009538   0x00000036   Code   RO         3141    .text.USBD_CDC_EP0_RxReady  usbd_cdc.o
    0x0800956e   0x0800956e   0x00000002   PAD
    0x08009570   0x08009570   0x00000010   Code   RO         3153    .text.USBD_CDC_GetDeviceQualifierDescriptor  usbd_cdc.o
    0x08009580   0x08009580   0x00000052   Code   RO         3149    .text.USBD_CDC_GetFSCfgDesc  usbd_cdc.o
    0x080095d2   0x080095d2   0x00000006   PAD
    0x080095d8   0x080095d8   0x00000056   Code   RO         3147    .text.USBD_CDC_GetHSCfgDesc  usbd_cdc.o
    0x0800962e   0x0800962e   0x00000002   PAD
    0x08009630   0x08009630   0x00000052   Code   RO         3151    .text.USBD_CDC_GetOtherSpeedCfgDesc  usbd_cdc.o
    0x08009682   0x08009682   0x00000006   PAD
    0x08009688   0x08009688   0x000000cc   Code   RO         3135    .text.USBD_CDC_Init  usbd_cdc.o
    0x08009754   0x08009754   0x00000004   PAD
    0x08009758   0x08009758   0x00000030   Code   RO         3163    .text.USBD_CDC_ReceivePacket  usbd_cdc.o
    0x08009788   0x08009788   0x00000016   Code   RO         3155    .text.USBD_CDC_RegisterInterface  usbd_cdc.o
    0x0800979e   0x0800979e   0x00000002   PAD
    0x080097a0   0x080097a0   0x0000001a   Code   RO         3159    .text.USBD_CDC_SetRxBuffer  usbd_cdc.o
    0x080097ba   0x080097ba   0x00000006   PAD
    0x080097c0   0x080097c0   0x0000001e   Code   RO         3157    .text.USBD_CDC_SetTxBuffer  usbd_cdc.o
    0x080097de   0x080097de   0x00000002   PAD
    0x080097e0   0x080097e0   0x000000d0   Code   RO         3139    .text.USBD_CDC_Setup  usbd_cdc.o
    0x080098b0   0x080098b0   0x00000042   Code   RO         3161    .text.USBD_CDC_TransmitPacket  usbd_cdc.o
    0x080098f2   0x080098f2   0x00000006   PAD
    0x080098f8   0x080098f8   0x00000012   Code   RO         3050    .text.USBD_ClrClassConfig  usbd_core.o
    0x0800990a   0x0800990a   0x00000006   PAD
    0x08009910   0x08009910   0x00000004   Code   RO         3058    .text.USBD_CoreFindEP  usbd_core.o
    0x08009914   0x08009914   0x00000004   PAD
    0x08009918   0x08009918   0x00000004   Code   RO         3056    .text.USBD_CoreFindIF  usbd_core.o
    0x0800991c   0x0800991c   0x00000004   PAD
    0x08009920   0x08009920   0x00000010   Code   RO         3119    .text.USBD_CtlContinueRx  usbd_ioreq.o
    0x08009930   0x08009930   0x00000010   Code   RO         3115    .text.USBD_CtlContinueSendData  usbd_ioreq.o
    0x08009940   0x08009940   0x00000016   Code   RO         3094    .text.USBD_CtlError  usbd_ctlreq.o
    0x08009956   0x08009956   0x00000002   PAD
    0x08009958   0x08009958   0x0000001e   Code   RO         3117    .text.USBD_CtlPrepareRx  usbd_ioreq.o
    0x08009976   0x08009976   0x00000002   PAD
    0x08009978   0x08009978   0x00000016   Code   RO         3123    .text.USBD_CtlReceiveStatus  usbd_ioreq.o
    0x0800998e   0x0800998e   0x00000002   PAD
    0x08009990   0x08009990   0x0000001a   Code   RO         3113    .text.USBD_CtlSendData  usbd_ioreq.o
    0x080099aa   0x080099aa   0x00000006   PAD
    0x080099b0   0x080099b0   0x00000016   Code   RO         3121    .text.USBD_CtlSendStatus  usbd_ioreq.o
    0x080099c6   0x080099c6   0x00000002   PAD
    0x080099c8   0x080099c8   0x00000034   Code   RO         3080    .text.USBD_GetEpDesc  usbd_core.o
    0x080099fc   0x080099fc   0x00000004   PAD
    0x08009a00   0x08009a00   0x0000007c   Code   RO         3102    .text.USBD_GetString  usbd_ctlreq.o
    0x08009a7c   0x08009a7c   0x00000004   PAD
    0x08009a80   0x08009a80   0x00000024   Code   RO          686    .text.USBD_HS_ConfigStrDescriptor  usbd_desc.o
    0x08009aa4   0x08009aa4   0x00000004   PAD
    0x08009aa8   0x08009aa8   0x0000000e   Code   RO          676    .text.USBD_HS_DeviceDescriptor  usbd_desc.o
    0x08009ab6   0x08009ab6   0x00000002   PAD
    0x08009ab8   0x08009ab8   0x00000028   Code   RO          688    .text.USBD_HS_InterfaceStrDescriptor  usbd_desc.o
    0x08009ae0   0x08009ae0   0x0000000e   Code   RO          678    .text.USBD_HS_LangIDStrDescriptor  usbd_desc.o
    0x08009aee   0x08009aee   0x00000002   PAD
    0x08009af0   0x08009af0   0x0000002c   Code   RO          680    .text.USBD_HS_ManufacturerStrDescriptor  usbd_desc.o
    0x08009b1c   0x08009b1c   0x00000004   PAD
    0x08009b20   0x08009b20   0x00000030   Code   RO          682    .text.USBD_HS_ProductStrDescriptor  usbd_desc.o
    0x08009b50   0x08009b50   0x00000080   Code   RO          684    .text.USBD_HS_SerialStrDescriptor  usbd_desc.o
    0x08009bd0   0x08009bd0   0x00000028   Code   RO         3036    .text.USBD_Init     usbd_core.o
    0x08009bf8   0x08009bf8   0x00000022   Code   RO          793    .text.USBD_LL_ClearStallEP  usbd_conf.o
    0x08009c1a   0x08009c1a   0x00000006   PAD
    0x08009c20   0x08009c20   0x00000022   Code   RO          787    .text.USBD_LL_CloseEP  usbd_conf.o
    0x08009c42   0x08009c42   0x00000006   PAD
    0x08009c48   0x08009c48   0x000000b0   Code   RO         3060    .text.USBD_LL_DataInStage  usbd_core.o
    0x08009cf8   0x08009cf8   0x00000074   Code   RO         3054    .text.USBD_LL_DataOutStage  usbd_core.o
    0x08009d6c   0x08009d6c   0x00000004   PAD
    0x08009d70   0x08009d70   0x00000004   Code   RO         3076    .text.USBD_LL_DevConnected  usbd_core.o
    0x08009d74   0x08009d74   0x00000004   PAD
    0x08009d78   0x08009d78   0x00000020   Code   RO         3078    .text.USBD_LL_DevDisconnected  usbd_core.o
    0x08009d98   0x08009d98   0x00000008   Code   RO          803    .text.USBD_LL_GetRxDataSize  usbd_conf.o
    0x08009da0   0x08009da0   0x00000072   Code   RO          775    .text.USBD_LL_Init  usbd_conf.o
    0x08009e12   0x08009e12   0x00000006   PAD
    0x08009e18   0x08009e18   0x0000002a   Code   RO          795    .text.USBD_LL_IsStallEP  usbd_conf.o
    0x08009e42   0x08009e42   0x00000006   PAD
    0x08009e48   0x08009e48   0x0000002a   Code   RO         3072    .text.USBD_LL_IsoINIncomplete  usbd_core.o
    0x08009e72   0x08009e72   0x00000006   PAD
    0x08009e78   0x08009e78   0x0000002a   Code   RO         3074    .text.USBD_LL_IsoOUTIncomplete  usbd_core.o
    0x08009ea2   0x08009ea2   0x00000006   PAD
    0x08009ea8   0x08009ea8   0x00000028   Code   RO          785    .text.USBD_LL_OpenEP  usbd_conf.o
    0x08009ed0   0x08009ed0   0x00000022   Code   RO          801    .text.USBD_LL_PrepareReceive  usbd_conf.o
    0x08009ef2   0x08009ef2   0x00000006   PAD
    0x08009ef8   0x08009ef8   0x00000060   Code   RO         3062    .text.USBD_LL_Reset  usbd_core.o
    0x08009f58   0x08009f58   0x00000014   Code   RO         3068    .text.USBD_LL_Resume  usbd_core.o
    0x08009f6c   0x08009f6c   0x00000004   PAD
    0x08009f70   0x08009f70   0x0000001e   Code   RO         3070    .text.USBD_LL_SOF   usbd_core.o
    0x08009f8e   0x08009f8e   0x00000002   PAD
    0x08009f90   0x08009f90   0x00000008   Code   RO         3064    .text.USBD_LL_SetSpeed  usbd_core.o
    0x08009f98   0x08009f98   0x00000022   Code   RO          797    .text.USBD_LL_SetUSBAddress  usbd_conf.o
    0x08009fba   0x08009fba   0x00000006   PAD
    0x08009fc0   0x08009fc0   0x00000060   Code   RO         3052    .text.USBD_LL_SetupStage  usbd_core.o
    0x0800a020   0x0800a020   0x00000022   Code   RO          791    .text.USBD_LL_StallEP  usbd_conf.o
    0x0800a042   0x0800a042   0x00000006   PAD
    0x0800a048   0x0800a048   0x00000022   Code   RO          781    .text.USBD_LL_Start  usbd_conf.o
    0x0800a06a   0x0800a06a   0x00000006   PAD
    0x0800a070   0x0800a070   0x0000001c   Code   RO         3066    .text.USBD_LL_Suspend  usbd_core.o
    0x0800a08c   0x0800a08c   0x00000004   PAD
    0x0800a090   0x0800a090   0x00000022   Code   RO          799    .text.USBD_LL_Transmit  usbd_conf.o
    0x0800a0b2   0x0800a0b2   0x00000006   PAD
    0x0800a0b8   0x0800a0b8   0x00000016   Code   RO         3100    .text.USBD_ParseSetupRequest  usbd_ctlreq.o
    0x0800a0ce   0x0800a0ce   0x00000002   PAD
    0x0800a0d0   0x0800a0d0   0x00000044   Code   RO         3040    .text.USBD_RegisterClass  usbd_core.o
    0x0800a114   0x0800a114   0x00000004   PAD
    0x0800a118   0x0800a118   0x0000000e   Code   RO         3048    .text.USBD_SetClassConfig  usbd_core.o
    0x0800a126   0x0800a126   0x00000002   PAD
    0x0800a128   0x0800a128   0x00000004   Code   RO         3042    .text.USBD_Start    usbd_core.o
    0x0800a12c   0x0800a12c   0x00000004   PAD
    0x0800a130   0x0800a130   0x00000362   Code   RO         3092    .text.USBD_StdDevReq  usbd_ctlreq.o
    0x0800a492   0x0800a492   0x00000006   PAD
    0x0800a498   0x0800a498   0x00000146   Code   RO         3098    .text.USBD_StdEPReq  usbd_ctlreq.o
    0x0800a5de   0x0800a5de   0x00000002   PAD
    0x0800a5e0   0x0800a5e0   0x00000078   Code   RO         3096    .text.USBD_StdItfReq  usbd_ctlreq.o
    0x0800a658   0x0800a658   0x00000002   Code   RO          807    .text.USBD_static_free  usbd_conf.o
    0x0800a65a   0x0800a65a   0x00000006   PAD
    0x0800a660   0x0800a660   0x0000000a   Code   RO          805    .text.USBD_static_malloc  usbd_conf.o
    0x0800a66a   0x0800a66a   0x00000006   PAD
    0x0800a670   0x0800a670   0x00000086   Code   RO         1276    .text.USB_ActivateEndpoint  stm32h7xx_ll_usb.o
    0x0800a6f6   0x0800a6f6   0x00000002   PAD
    0x0800a6f8   0x0800a6f8   0x00000020   Code   RO         1318    .text.USB_ActivateSetup  stm32h7xx_ll_usb.o
    0x0800a718   0x0800a718   0x00000114   Code   RO         1254    .text.USB_CoreInit  stm32h7xx_ll_usb.o
    0x0800a82c   0x0800a82c   0x00000004   PAD
    0x0800a830   0x0800a830   0x0000007a   Code   RO         1280    .text.USB_DeactivateEndpoint  stm32h7xx_ll_usb.o
    0x0800a8aa   0x0800a8aa   0x00000006   PAD
    0x0800a8b0   0x0800a8b0   0x0000001e   Code   RO         1300    .text.USB_DevConnect  stm32h7xx_ll_usb.o
    0x0800a8ce   0x0800a8ce   0x00000002   PAD
    0x0800a8d0   0x0800a8d0   0x0000001e   Code   RO         1302    .text.USB_DevDisconnect  stm32h7xx_ll_usb.o
    0x0800a8ee   0x0800a8ee   0x00000002   PAD
    0x0800a8f0   0x0800a8f0   0x000001e8   Code   RO         1266    .text.USB_DevInit   stm32h7xx_ll_usb.o
    0x0800aad8   0x0800aad8   0x0000000e   Code   RO         1260    .text.USB_DisableGlobalInt  stm32h7xx_ll_usb.o
    0x0800aae6   0x0800aae6   0x00000002   PAD
    0x0800aae8   0x0800aae8   0x0000005a   Code   RO         1320    .text.USB_EP0_OutStart  stm32h7xx_ll_usb.o
    0x0800ab42   0x0800ab42   0x00000006   PAD
    0x0800ab48   0x0800ab48   0x00000050   Code   RO         1294    .text.USB_EPClearStall  stm32h7xx_ll_usb.o
    0x0800ab98   0x0800ab98   0x0000003e   Code   RO         1292    .text.USB_EPSetStall  stm32h7xx_ll_usb.o
    0x0800abd6   0x0800abd6   0x00000002   PAD
    0x0800abd8   0x0800abd8   0x000001f4   Code   RO         1284    .text.USB_EPStartXfer  stm32h7xx_ll_usb.o
    0x0800adcc   0x0800adcc   0x00000004   PAD
    0x0800add0   0x0800add0   0x0000008a   Code   RO         1288    .text.USB_EPStopXfer  stm32h7xx_ll_usb.o
    0x0800ae5a   0x0800ae5a   0x00000006   PAD
    0x0800ae60   0x0800ae60   0x0000000e   Code   RO         1258    .text.USB_EnableGlobalInt  stm32h7xx_ll_usb.o
    0x0800ae6e   0x0800ae6e   0x00000002   PAD
    0x0800ae70   0x0800ae70   0x00000048   Code   RO         1270    .text.USB_FlushTxFifo  stm32h7xx_ll_usb.o
    0x0800aeb8   0x0800aeb8   0x0000001a   Code   RO         1274    .text.USB_GetDevSpeed  stm32h7xx_ll_usb.o
    0x0800aed2   0x0800aed2   0x00000006   PAD
    0x0800aed8   0x0800aed8   0x00000008   Code   RO         1264    .text.USB_GetMode   stm32h7xx_ll_usb.o
    0x0800aee0   0x0800aee0   0x0000000e   Code   RO         1310    .text.USB_ReadDevAllInEpInterrupt  stm32h7xx_ll_usb.o
    0x0800aeee   0x0800aeee   0x00000002   PAD
    0x0800aef0   0x0800aef0   0x0000000e   Code   RO         1308    .text.USB_ReadDevAllOutEpInterrupt  stm32h7xx_ll_usb.o
    0x0800aefe   0x0800aefe   0x00000002   PAD
    0x0800af00   0x0800af00   0x00000024   Code   RO         1314    .text.USB_ReadDevInEPInterrupt  stm32h7xx_ll_usb.o
    0x0800af24   0x0800af24   0x00000004   PAD
    0x0800af28   0x0800af28   0x00000010   Code   RO         1312    .text.USB_ReadDevOutEPInterrupt  stm32h7xx_ll_usb.o
    0x0800af38   0x0800af38   0x00000008   Code   RO         1304    .text.USB_ReadInterrupts  stm32h7xx_ll_usb.o
    0x0800af40   0x0800af40   0x00000046   Code   RO         1290    .text.USB_ReadPacket  stm32h7xx_ll_usb.o
    0x0800af86   0x0800af86   0x00000002   PAD
    0x0800af88   0x0800af88   0x00000064   Code   RO         1262    .text.USB_SetCurrentMode  stm32h7xx_ll_usb.o
    0x0800afec   0x0800afec   0x00000004   PAD
    0x0800aff0   0x0800aff0   0x00000022   Code   RO         1298    .text.USB_SetDevAddress  stm32h7xx_ll_usb.o
    0x0800b012   0x0800b012   0x00000006   PAD
    0x0800b018   0x0800b018   0x00000110   Code   RO         1256    .text.USB_SetTurnaroundTime  stm32h7xx_ll_usb.o
    0x0800b128   0x0800b128   0x00000028   Code   RO         1286    .text.USB_WritePacket  stm32h7xx_ll_usb.o
    0x0800b150   0x0800b150   0x00000002   Code   RO          608    .text.UsageFault_Handler  stm32h7xx_it.o
    0x0800b152   0x0800b152   0x00000006   PAD
    0x0800b158   0x0800b158   0x00000016   Code   RO          217    .text.WitDelayMsRegister  wit_c_sdk.o
    0x0800b16e   0x0800b16e   0x00000002   PAD
    0x0800b170   0x0800b170   0x0000002c   Code   RO          213    .text.WitInit       wit_c_sdk.o
    0x0800b19c   0x0800b19c   0x00000004   PAD
    0x0800b1a0   0x0800b1a0   0x00000016   Code   RO          207    .text.WitRegisterCallBack  wit_c_sdk.o
    0x0800b1b6   0x0800b1b6   0x00000002   PAD
    0x0800b1b8   0x0800b1b8   0x0000023e   Code   RO          199    .text.WitSerialDataIn  wit_c_sdk.o
    0x0800b3f6   0x0800b3f6   0x00000002   PAD
    0x0800b3f8   0x0800b3f8   0x00000016   Code   RO          197    .text.WitSerialWriteRegister  wit_c_sdk.o
    0x0800b40e   0x0800b40e   0x00000002   PAD
    0x0800b410   0x0800b410   0x00000060   Code   RO          237    .text.WitSetContent  wit_c_sdk.o
    0x0800b470   0x0800b470   0x00000062   Code   RO          235    .text.WitSetOutputRate  wit_c_sdk.o
    0x0800b4d2   0x0800b4d2   0x00000006   PAD
    0x0800b4d8   0x0800b4d8   0x0000013c   Code   RO          209    .text.WitWriteReg   wit_c_sdk.o
    0x0800b614   0x0800b614   0x00000004   PAD
    0x0800b618   0x0800b618   0x0000005a   Code   RO          384    .text.bsp_can_init  bsp_fdcan.o
    0x0800b672   0x0800b672   0x00000006   PAD
    0x0800b678   0x0800b678   0x00000100   Code   RO          388    .text.bsp_fdcan_set_baud  bsp_fdcan.o
    0x0800b778   0x0800b778   0x000001b0   Code   RO          115    .text.dm_motor_ctrl_send  dm_motor_drv.o
    0x0800b928   0x0800b928   0x00000076   Code   RO          109    .text.dm_motor_disable  dm_motor_drv.o
    0x0800b99e   0x0800b99e   0x00000002   PAD
    0x0800b9a0   0x0800b9a0   0x0000006a   Code   RO          105    .text.dm_motor_enable  dm_motor_drv.o
    0x0800ba0a   0x0800ba0a   0x00000006   PAD
    0x0800ba10   0x0800ba10   0x000000c8   Code   RO          129    .text.dm_motor_fbdata  dm_motor_drv.o
    0x0800bad8   0x0800bad8   0x0000008e   Code   RO           87    .text.dm_motor_init  dm_motor_ctrl.o
    0x0800bb66   0x0800bb66   0x00000002   PAD
    0x0800bb68   0x0800bb68   0x0000004a   Code   RO           93    .text.fdcan1_rx_callback  dm_motor_ctrl.o
    0x0800bbb2   0x0800bbb2   0x00000006   PAD
    0x0800bbb8   0x0800bbb8   0x0000003c   Code   RO          392    .text.fdcanx_receive  bsp_fdcan.o
    0x0800bbf4   0x0800bbf4   0x00000004   PAD
    0x0800bbf8   0x0800bbf8   0x00000098   Code   RO          390    .text.fdcanx_send_data  bsp_fdcan.o
    0x0800bc90   0x0800bc90   0x00000056   Code   RO          153    .text.get_motor_measure  fdcan_receive.o
    0x0800bce6   0x0800bce6   0x00000002   PAD
    0x0800bce8   0x0800bce8   0x0000000c   Code   RO          155    .text.get_motor_offset  fdcan_receive.o
    0x0800bcf4   0x0800bcf4   0x00000004   PAD
    0x0800bcf8   0x0800bcf8   0x00000062   Code   RO          485    .text.main          main.o
    0x0800bd5a   0x0800bd5a   0x00000006   PAD
    0x0800bd60   0x0800bd60   0x00000010   Code   RO         2875    .text.osDelay       cmsis_os.o
    0x0800bd70   0x0800bd70   0x0000000a   Code   RO         2857    .text.osKernelStart  cmsis_os.o
    0x0800bd7a   0x0800bd7a   0x00000006   PAD
    0x0800bd80   0x0800bd80   0x00000060   Code   RO         2863    .text.osThreadCreate  cmsis_os.o
    0x0800bde0   0x0800bde0   0x00000062   Code   RO           65    .text.pid_call_3    pid_user.o
    0x0800be42   0x0800be42   0x00000006   PAD
    0x0800be48   0x0800be48   0x0000004a   Code   RO          119    .text.pos_ctrl      dm_motor_drv.o
    0x0800be92   0x0800be92   0x00000006   PAD
    0x0800be98   0x0800be98   0x0000011a   Code   RO         2737    .text.prvAddNewTaskToReadyList  tasks.o
    0x0800bfb2   0x0800bfb2   0x00000006   PAD
    0x0800bfb8   0x0800bfb8   0x00000096   Code   RO         2767    .text.prvIdleTask   tasks.o
    0x0800c04e   0x0800c04e   0x00000002   PAD
    0x0800c050   0x0800c050   0x00000028   Code   RO         3011    .text.prvPortStartFirstTask  port.o
    0x0800c078   0x0800c078   0x00000032   Code   RO         3001    .text.prvTaskExitError  port.o
    0x0800c0aa   0x0800c0aa   0x00000006   PAD
    0x0800c0b0   0x0800c0b0   0x000001a6   Code   RO         2971    .text.pvPortMalloc  heap_4.o
    0x0800c256   0x0800c256   0x00000002   PAD
    0x0800c258   0x0800c258   0x0000002c   Code   RO         2999    .text.pxPortInitialiseStack  port.o
    0x0800c284   0x0800c284   0x00000004   PAD
    0x0800c288   0x0800c288   0x00000036   Code   RO          137    .text.read_motor_data  dm_motor_drv.o
    0x0800c2be   0x0800c2be   0x00000002   PAD
    0x0800c2c0   0x0800c2c0   0x00000242   Code   RO           91    .text.receive_motor_data  dm_motor_ctrl.o
    0x0800c502   0x0800c502   0x00000006   PAD
    0x0800c508   0x0800c508   0x00000030   Code   RO          143    .text.save_motor_data  dm_motor_drv.o
    0x0800c538   0x0800c538   0x0000002a   Code   RO         2626    .text.uxListRemove  list.o
    0x0800c562   0x0800c562   0x00000006   PAD
    0x0800c568   0x0800c568   0x0000001a   Code   RO          511    .text.vApplicationGetIdleTaskMemory  freertos.o
    0x0800c582   0x0800c582   0x00000006   PAD
    0x0800c588   0x0800c588   0x00000016   Code   RO         2618    .text.vListInitialise  list.o
    0x0800c59e   0x0800c59e   0x00000002   PAD
    0x0800c5a0   0x0800c5a0   0x00000006   Code   RO         2620    .text.vListInitialiseItem  list.o
    0x0800c5a6   0x0800c5a6   0x00000002   PAD
    0x0800c5a8   0x0800c5a8   0x0000003a   Code   RO         2624    .text.vListInsert   list.o
    0x0800c5e2   0x0800c5e2   0x00000006   PAD
    0x0800c5e8   0x0800c5e8   0x0000001c   Code   RO         2622    .text.vListInsertEnd  list.o
    0x0800c604   0x0800c604   0x00000004   PAD
    0x0800c608   0x0800c608   0x00000014   Code   RO         3009    .text.vPortEnableVFP  port.o
    0x0800c61c   0x0800c61c   0x00000004   PAD
    0x0800c620   0x0800c620   0x0000004a   Code   RO         3015    .text.vPortEnterCritical  port.o
    0x0800c66a   0x0800c66a   0x00000006   PAD
    0x0800c670   0x0800c670   0x0000002e   Code   RO         3017    .text.vPortExitCritical  port.o
    0x0800c69e   0x0800c69e   0x00000002   PAD
    0x0800c6a0   0x0800c6a0   0x000000d6   Code   RO         2973    .text.vPortFree     heap_4.o
    0x0800c776   0x0800c776   0x00000002   PAD
    0x0800c778   0x0800c778   0x00000034   Code   RO         3007    .text.vPortSetupTimerInterrupt  port.o
    0x0800c7ac   0x0800c7ac   0x00000004   PAD
    0x0800c7b0   0x0800c7b0   0x000000c4   Code   RO         2743    .text.vTaskDelay    tasks.o
    0x0800c874   0x0800c874   0x00000004   PAD
    0x0800c878   0x0800c878   0x00000080   Code   RO         2765    .text.vTaskStartScheduler  tasks.o
    0x0800c8f8   0x0800c8f8   0x00000010   Code   RO         2745    .text.vTaskSuspendAll  tasks.o
    0x0800c908   0x0800c908   0x00000086   Code   RO         2759    .text.vTaskSwitchContext  tasks.o
    0x0800c98e   0x0800c98e   0x00000002   PAD
    0x0800c990   0x0800c990   0x00000046   Code   RO          141    .text.write_motor_data  dm_motor_drv.o
    0x0800c9d6   0x0800c9d6   0x00000002   PAD
    0x0800c9d8   0x0800c9d8   0x0000012e   Code   RO         3005    .text.xPortStartScheduler  port.o
    0x0800cb06   0x0800cb06   0x00000002   PAD
    0x0800cb08   0x0800cb08   0x000000c2   Code   RO         2739    .text.xTaskCreate   tasks.o
    0x0800cbca   0x0800cbca   0x00000006   PAD
    0x0800cbd0   0x0800cbd0   0x000000f0   Code   RO         2735    .text.xTaskCreateStatic  tasks.o
    0x0800ccc0   0x0800ccc0   0x00000180   Code   RO         2771    .text.xTaskIncrementTick  tasks.o
    0x0800ce40   0x0800ce40   0x00000138   Code   RO         2749    .text.xTaskResumeAll  tasks.o
    0x0800cf78   0x0800cf78   0x00000026   Code   RO         3231    i.__ARM_fpclassifyf  m_wv.l(fpclassifyf.o)
    0x0800cf9e   0x0800cf9e   0x00000002   PAD
    0x0800cfa0   0x0800cfa0   0x00000118   Code   RO         3189    i.__hardfp_acosf    m_wv.l(acosf.o)
    0x0800d0b8   0x0800d0b8   0x000002ac   Code   RO         3195    i.__hardfp_atan2f   m_wv.l(atan2f.o)
    0x0800d364   0x0800d364   0x00000150   Code   RO         3201    i.__hardfp_cosf     m_wv.l(cosf.o)
    0x0800d4b4   0x0800d4b4   0x00000190   Code   RO         3207    i.__hardfp_sinf     m_wv.l(sinf.o)
    0x0800d644   0x0800d644   0x0000003a   Code   RO         3213    i.__hardfp_sqrtf    m_wv.l(sqrtf.o)
    0x0800d67e   0x0800d67e   0x00000006   Code   RO         3234    i.__mathlib_flt_infnan  m_wv.l(funder.o)
    0x0800d684   0x0800d684   0x00000006   Code   RO         3235    i.__mathlib_flt_infnan2  m_wv.l(funder.o)
    0x0800d68a   0x0800d68a   0x00000002   PAD
    0x0800d68c   0x0800d68c   0x00000010   Code   RO         3236    i.__mathlib_flt_invalid  m_wv.l(funder.o)
    0x0800d69c   0x0800d69c   0x00000010   Code   RO         3239    i.__mathlib_flt_underflow  m_wv.l(funder.o)
    0x0800d6ac   0x0800d6ac   0x00000154   Code   RO         3247    i.__mathlib_rredf2  m_wv.l(rredf.o)
    0x0800d800   0x0800d800   0x0000003e   Code   RO         3215    i.sqrtf             m_wv.l(sqrtf.o)
    0x0800d83e   0x0800d83e   0x0000001a   Code   RO         3361    x$fpl$fpinit        fz_wv.l(fpinit.o)
    0x0800d858   0x0800d858   0x00000000   Code   RO         3230    x$fpl$usenofp       fz_wv.l(usenofp.o)
    0x0800d858   0x0800d858   0x00000020   Data   RO         3248    .constdata          m_wv.l(rredf.o)
    0x0800d878   0x0800d878   0x0000004c   Data   RO         2376    .rodata..L__const.HAL_FDCAN_Init.CvtEltSize  stm32h7xx_hal_fdcan.o
    0x0800d8c4   0x0800d8c4   0x00000006   Data   RO         2521    .rodata..Lswitch.table.UART_SetConfig.7  stm32h7xx_hal_uart.o
    0x0800d8ca   0x0800d8ca   0x00000006   Data   RO         2522    .rodata..Lswitch.table.UART_SetConfig.9  stm32h7xx_hal_uart.o
    0x0800d8d0   0x0800d8d0   0x00000018   Data   RO           96    .rodata..Lswitch.table.fdcan1_rx_callback.1  dm_motor_ctrl.o
    0x0800d8e8   0x0800d8e8   0x00000010   Data   RO         2580    .rodata.D1CorePrescTable  system_stm32h7xx.o
    0x0800d8f8   0x0800d8f8   0x00000018   Data   RO         2520    .rodata.UARTPrescTable  stm32h7xx_hal_uart.o
    0x0800d910   0x0800d910   0x00000100   Data   RO          257    .rodata.__auchCRCHi  wit_c_sdk.o
    0x0800da10   0x0800da10   0x00000100   Data   RO          258    .rodata.__auchCRCLo  wit_c_sdk.o
    0x0800db10   0x0800db10   0x00000010   Data   RO         2377    .rodata.cst16       stm32h7xx_hal_fdcan.o
    0x0800db20   0x0800db20   0x00000010   Data   RO         2563    .rodata.cst8        stm32h7xx_hal_uart_ex.o
    0x0800db30   0x0800db30   0x0000002e   Data   RO          523    .rodata.str1.1      freertos.o
    0x0800db5e   0x0800db5e   0x00000002   PAD
    0x0800db60   0x0800db60   0x00000040   Data   RO         3422    Region$$Table       anon$$obj.o


    Execution Region RW_IRAM1 (Exec base: 0x20000000, Load base: 0x0800dba0, Size: 0x000081d0, Max: 0x00020000, ABSOLUTE)

    Exec Addr    Load Addr    Size         Type   Attr      Idx    E Section Name        Object

    0x20000000   0x0800dba0   0x00000020   Data   RW          692    .data.HS_Desc       usbd_desc.o
    0x20000020   0x0800dbc0   0x00000004   Data   RW          305    .data.L1            leg.o
    0x20000024   0x0800dbc4   0x00000004   Data   RW         2579    .data.SystemD2Clock  system_stm32h7xx.o
    0x20000028   0x0800dbc8   0x00000038   Data   RW         3165    .data.USBD_CDC      usbd_cdc.o
    0x20000060   0x0800dc00   0x00000012   Data   RW          693    .data.USBD_HS_DeviceDesc  usbd_desc.o
    0x20000072   0x0800dc12   0x00000002   PAD
    0x20000074   0x0800dc14   0x00000014   Data   RW          730    .data.USBD_Interface_fops_HS  usbd_cdc_if.o
    0x20000088   0x0800dc28   0x00000004   Data   RW          695    .data.USBD_LangIDDesc  usbd_desc.o
    0x2000008c   0x0800dc2c   0x00000010   Data   RW           71    .data.motor_speed_3508_pid_3  pid_user.o
    0x2000009c   0x0800dc3c   0x00000004   Data   RW         3027    .data.uxCriticalNesting  port.o
    0x200000a0        -       0x00000060   Zero   RW         3273    .bss                c_w.l(libspace.o)
    0x20000100        -       0x00000001   Zero   RW          271    .bss.BT_Uart10      CRC.o
    0x20000101   0x0800dc40   0x00000003   PAD
    0x20000104        -       0x00000054   Zero   RW          528    .bss.Start_CAN_TaskControlBlock  freertos.o
    0x20000158        -       0x00000004   Zero   RW          526    .bss.Start_Control_THandle  freertos.o
    0x2000015c        -       0x00002000   Zero   RW          530    .bss.Start_INS_TaskBuffer  freertos.o
    0x2000215c        -       0x00000004   Zero   RW          532    .bss.Start_INS_TaskHandle  freertos.o
    0x20002160        -       0x00000001   Zero   RW         3104    .bss.USBD_SetConfig.cfgidx  usbd_ctlreq.o
    0x20002161   0x0800dc40   0x00000003   PAD
    0x20002164        -       0x00000200   Zero   RW          697    .bss.USBD_StrDesc   usbd_desc.o
    0x20002364        -       0x00000800   Zero   RW          740    .bss.UserTxBufferHS  usbd_cdc_if.o
    0x20002b64        -       0x00000004   Zero   RW          282    .bss.arm_Y          CRC.o
    0x20002b68        -       0x00000001   Zero   RW          280    .bss.arm_flag       CRC.o
    0x20002b69        -       0x00000001   Zero   RW          275    .bss.btReceiveData  CRC.o
    0x20002b6a   0x0800dc40   0x00000002   PAD
    0x20002b6c        -       0x0000000b   Zero   RW          284    .bss.bt_data        CRC.o
    0x20002b77        -       0x00000001   Zero   RW          273    .bss.checksum       CRC.o
    0x20002b78        -       0x00000004   Zero   RW           18    .bss.ctrl_j2        Control_Task.o
    0x20002b7c        -       0x0000005c   Zero   RW          374    .bss.g_arm_ik       arm_user.o
    0x20002bd8        -       0x000002dc   Zero   RW          669    .bss.hUsbDeviceHS   usb_device.o
    0x20002eb4        -       0x000000a0   Zero   RW          551    .bss.hfdcan1        fdcan.o
    0x20002f54        -       0x000000a0   Zero   RW          553    .bss.hfdcan3        fdcan.o
    0x20002ff4        -       0x0000004c   Zero   RW          658    .bss.htim2          stm32h7xx_hal_timebase_tim.o
    0x20003040        -       0x0000004c   Zero   RW          572    .bss.htim3          tim.o
    0x2000308c        -       0x00000094   Zero   RW          591    .bss.huart10        usart.o
    0x20003120        -       0x00000004   Zero   RW          303    .bss.lb_leg         leg.o
    0x20003124        -       0x00000004   Zero   RW          279    .bss.leghtheta      CRC.o
    0x20003128        -       0x00000004   Zero   RW          277    .bss.legx           CRC.o
    0x2000312c        -       0x00000008   Zero   RW          301    .bss.lf_leg         leg.o
    0x20003134        -       0x00000aa0   Zero   RW           95    .bss.motor          dm_motor_ctrl.o
    0x20003bd4        -       0x000000e0   Zero   RW          169    .bss.motor_fdcan2   fdcan_receive.o
    0x20003cb4        -       0x00000004   Zero   RW          254    .bss.p_WitCanWriteFunc  wit_c_sdk.o
    0x20003cb8        -       0x00000004   Zero   RW          245    .bss.p_WitSerialWriteFunc  wit_c_sdk.o
    0x20003cbc        -       0x00000280   Zero   RW           76    .bss.pid_pos_2      pid_user.o
    0x20003f3c        -       0x00000280   Zero   RW           78    .bss.pid_pos_3      pid_user.o
    0x200041bc        -       0x00000004   Zero   RW         2983    .bss.pxEnd          heap_4.o
    0x200041c0        -       0x00000004   Zero   RW         2844    .bss.pxOverflowDelayedTaskList  tasks.o
    0x200041c4        -       0x00000004   Zero   RW           15    .bss.rf_last_theta1  Control_Task.o
    0x200041c8        -       0x00000120   Zero   RW          250    .bss.sReg           wit_c_sdk.o
    0x200042e8        -       0x00000004   Zero   RW          735    .bss.s_rxR          usbd_cdc_if.o
    0x200042ec        -       0x00000004   Zero   RW          738    .bss.s_txInflight   usbd_cdc_if.o
    0x200042f0        -       0x00000004   Zero   RW          732    .bss.s_txR          usbd_cdc_if.o
    0x200042f4        -       0x00000004   Zero   RW          251    .bss.s_uiReadRegIndex  wit_c_sdk.o
    0x200042f8        -       0x00000004   Zero   RW          248    .bss.s_uiWitDataCnt  wit_c_sdk.o
    0x200042fc        -       0x00000001   Zero   RW          463    .bss.s_usbRxCmd     bsp_usb.o
    0x200042fd   0x0800dc40   0x00000001   PAD
    0x200042fe        -       0x00000002   Zero   RW          467    .bss.s_usbRxCrc16   bsp_usb.o
    0x20004300        -       0x00000001   Zero   RW          461    .bss.s_usbRxStep    bsp_usb.o
    0x20004301   0x0800dc40   0x00000003   PAD
    0x20004304        -       0x00000004   Zero   RW          460    .bss.s_usbSendDropFrames  bsp_usb.o
    0x20004308        -       0x00000010   Zero   RW          321    .bss.total_speed    mecanum_classic.o
    0x20004318        -       0x0000000c   Zero   RW          320    .bss.total_vel      mecanum_classic.o
    0x20004324        -       0x00003c00   Zero   RW         2990    .bss.ucHeap         heap_4.o
    0x20007f24        -       0x00000004   Zero   RW         1969    .bss.uwTick         stm32h7xx_hal.o
    0x20007f28        -       0x00000004   Zero   RW         2832    .bss.uxDeletedTasksWaitingCleanUp  tasks.o
    0x20007f2c        -       0x00000004   Zero   RW         2829    .bss.uxTopReadyPriority  tasks.o
    0x20007f30        -       0x00000001   Zero   RW         2984    .bss.xBlockAllocatedBit  heap_4.o
    0x20007f31   0x0800dc40   0x00000003   PAD
    0x20007f34        -       0x00000014   Zero   RW         2846    .bss.xDelayedTaskList1  tasks.o
    0x20007f48        -       0x00000004   Zero   RW         2838    .bss.xIdleTaskHandle  tasks.o
    0x20007f4c        -       0x00000054   Zero   RW          521    .bss.xIdleTaskTCBBuffer  freertos.o
    0x20007fa0        -       0x00000004   Zero   RW         2987    .bss.xMinimumEverFreeBytesRemaining  heap_4.o
    0x20007fa4        -       0x00000004   Zero   RW         2989    .bss.xNumberOfSuccessfulFrees  heap_4.o
    0x20007fa8        -       0x00000004   Zero   RW         2842    .bss.xPendedTicks   tasks.o
    0x20007fac        -       0x00000004   Zero   RW         2834    .bss.xSchedulerRunning  tasks.o
    0x20007fb0        -       0x00000008   Zero   RW         2986    .bss.xStart         heap_4.o
    0x20007fb8        -       0x00000014   Zero   RW         2836    .bss.xSuspendedTaskList  tasks.o
    0x20007fcc        -       0x00000004   Zero   RW         2840    .bss.xTickCount     tasks.o
    0x20007fd0        -       0x00000200   Zero   RW          476    HEAP                startup_stm32h723xx.o


    Execution Region RW_IRAM2 (Exec base: 0x24000000, Load base: 0x0800dc40, Size: 0x000081d8, Max: 0x00020000, ABSOLUTE)

    Exec Addr    Load Addr    Size         Type   Attr      Idx    E Section Name        Object

    0x24000000   0x0800dc40   0x00000004   Data   RW          306    .data.L2            leg.o
    0x24000004   0x0800dc44   0x00000004   Data   RW         2578    .data.SystemCoreClock  system_stm32h7xx.o
    0x24000008   0x0800dc48   0x00000043   Data   RW         3167    .data.USBD_CDC_CfgDesc  usbd_cdc.o
    0x2400004b   0x0800dc8b   0x00000001   PAD
    0x2400004c   0x0800dc8c   0x0000000a   Data   RW         3166    .data.USBD_CDC_DeviceQualifierDesc  usbd_cdc.o
    0x24000056   0x0800dc96   0x00000002   PAD
    0x24000058   0x0800dc98   0x0000001a   Data   RW          696    .data.USBD_StringSerial  usbd_desc.o
    0x24000072   0x0800dcb2   0x00000002   PAD
    0x24000074   0x0800dcb4   0x00000010   Data   RW          322    .data.mecParam      mecanum_classic.o
    0x24000084   0x0800dcc4   0x00000010   Data   RW           68    .data.motor_position_3508_pid_2  pid_user.o
    0x24000094   0x0800dcd4   0x00000010   Data   RW           72    .data.motor_position_3508_pid_3  pid_user.o
    0x240000a4   0x0800dce4   0x00000010   Data   RW           67    .data.motor_speed_3508_pid_2  pid_user.o
    0x240000b4   0x0800dcf4   0x00000001   Data   RW          255    .data.s_ucAddr      wit_c_sdk.o
    0x240000b5   0x0800dcf5   0x00000001   Data   RW         1968    .data.uwTickFreq    stm32h7xx_hal.o
    0x240000b6   0x0800dcf6   0x00000002   PAD
    0x240000b8   0x0800dcf8   0x00000004   Data   RW         1967    .data.uwTickPrio    stm32h7xx_hal.o
    0x240000bc   0x0800dcfc   0x00000004   PAD
    0x240000c0        -       0x00000004   Zero   RW          554    .bss.HAL_RCC_FDCAN_CLK_ENABLED  fdcan.o
    0x240000c4        -       0x00000001   Zero   RW          307    .bss.LEG_Cmd        leg.o
    0x240000c5   0x0800dcfc   0x00000003   PAD
    0x240000c8        -       0x00002000   Zero   RW          527    .bss.Start_CAN_TaskBuffer  freertos.o
    0x240020c8        -       0x00000004   Zero   RW          529    .bss.Start_CAN_TaskHandle  freertos.o
    0x240020cc        -       0x00002000   Zero   RW          524    .bss.Start_Control_TBuffer  freertos.o
    0x240040cc        -       0x00000054   Zero   RW          525    .bss.Start_Control_TControlBlock  freertos.o
    0x24004120        -       0x00000054   Zero   RW          531    .bss.Start_INS_TaskControlBlock  freertos.o
    0x24004174        -       0x00000220   Zero   RW          812    .bss.USBD_static_malloc.mem  usbd_conf.o
    0x24004394        -       0x00000800   Zero   RW          739    .bss.UserRxBufferHS  usbd_cdc_if.o
    0x24004b94        -       0x00000004   Zero   RW          281    .bss.arm_X          CRC.o
    0x24004b98        -       0x00000004   Zero   RW          283    .bss.arm_Z          CRC.o
    0x24004b9c        -       0x00000001   Zero   RW          274    .bss.bt_parse_ok    CRC.o
    0x24004b9d   0x0800dcfc   0x00000003   PAD
    0x24004ba0        -       0x00000004   Zero   RW           19    .bss.ctrl_j3        Control_Task.o
    0x24004ba4        -       0x00000001   Zero   RW          272    .bss.data_index     CRC.o
    0x24004ba5   0x0800dcfc   0x00000003   PAD
    0x24004ba8        -       0x0000005c   Zero   RW          375    .bss.g_arm_ik_app   arm_user.o
    0x24004c04        -       0x000000a0   Zero   RW          552    .bss.hfdcan2        fdcan.o
    0x24004ca4        -       0x000004e4   Zero   RW          811    .bss.hpcd_USB_OTG_HS  usbd_conf.o
    0x24005188        -       0x0000004c   Zero   RW          573    .bss.htim4          tim.o
    0x240051d4        -       0x00000094   Zero   RW          590    .bss.huart7         usart.o
    0x24005268        -       0x00000028   Zero   RW          187    .bss.imu_data       imu.o
    0x24005290        -       0x00000001   Zero   RW          188    .bss.imu_rx_byte    imu.o
    0x24005291        -       0x00000001   Zero   RW          276    .bss.leg_flag       CRC.o
    0x24005292   0x0800dcfc   0x00000002   PAD
    0x24005294        -       0x00000004   Zero   RW          278    .bss.legy           CRC.o
    0x24005298        -       0x00000004   Zero   RW           13    .bss.lf_last_theta1  Control_Task.o
    0x2400529c        -       0x00000004   Zero   RW           14    .bss.lf_last_theta2  Control_Task.o
    0x240052a0        -       0x000000e0   Zero   RW          170    .bss.motor_fdcan3   fdcan_receive.o
    0x24005380        -       0x00000004   Zero   RW          256    .bss.p_WitDelaymsFunc  wit_c_sdk.o
    0x24005384        -       0x00000004   Zero   RW          252    .bss.p_WitI2cWriteFunc  wit_c_sdk.o
    0x24005388        -       0x00000004   Zero   RW          246    .bss.p_WitRegUpdateCbFunc  wit_c_sdk.o
    0x2400538c        -       0x00000280   Zero   RW           75    .bss.pid_v_2        pid_user.o
    0x2400560c        -       0x00000280   Zero   RW           77    .bss.pid_v_3        pid_user.o
    0x2400588c        -       0x00000004   Zero   RW         2827    .bss.pxCurrentTCB   tasks.o
    0x24005890        -       0x00000004   Zero   RW         2843    .bss.pxDelayedTaskList  tasks.o
    0x24005894        -       0x0000008c   Zero   RW         2828    .bss.pxReadyTasksLists  tasks.o
    0x24005920        -       0x00000004   Zero   RW          304    .bss.rb_leg         leg.o
    0x24005924        -       0x00000004   Zero   RW           16    .bss.rf_last_theta2  Control_Task.o
    0x24005928        -       0x00000008   Zero   RW          302    .bss.rf_leg         leg.o
    0x24005930        -       0x00000004   Zero   RW          736    .bss.s_rxDropBytes  usbd_cdc_if.o
    0x24005934        -       0x00001000   Zero   RW          737    .bss.s_rxRing       usbd_cdc_if.o
    0x24006934        -       0x00000004   Zero   RW          734    .bss.s_rxW          usbd_cdc_if.o
    0x24006938        -       0x00001000   Zero   RW          733    .bss.s_txRing       usbd_cdc_if.o
    0x24007938        -       0x00000004   Zero   RW          731    .bss.s_txW          usbd_cdc_if.o
    0x2400793c        -       0x00000100   Zero   RW          247    .bss.s_ucWitDataBuff  wit_c_sdk.o
    0x24007a3c        -       0x00000004   Zero   RW          249    .bss.s_uiProtoclo   wit_c_sdk.o
    0x24007a40        -       0x00000002   Zero   RW          465    .bss.s_usbRxCnt     bsp_usb.o
    0x24007a42   0x0800dcfc   0x00000002   PAD
    0x24007a44        -       0x00000004   Zero   RW          466    .bss.s_usbRxDataPtr  bsp_usb.o
    0x24007a48        -       0x00000001   Zero   RW          462    .bss.s_usbRxLen     bsp_usb.o
    0x24007a49        -       0x00000001   Zero   RW         3025    .bss.ucMaxSysCallPriority  port.o
    0x24007a4a   0x0800dcfc   0x00000002   PAD
    0x24007a4c        -       0x00000004   Zero   RW         3026    .bss.ulMaxPRIGROUPValue  port.o
    0x24007a50        -       0x0000012c   Zero   RW          464    .bss.usb_Buf        bsp_usb.o
    0x24007b7c        -       0x00000004   Zero   RW         2833    .bss.uxCurrentNumberOfTasks  tasks.o
    0x24007b80        -       0x00000004   Zero   RW         2835    .bss.uxSchedulerSuspended  tasks.o
    0x24007b84        -       0x00000004   Zero   RW         2830    .bss.uxTaskNumber   tasks.o
    0x24007b88        -       0x00000014   Zero   RW         2847    .bss.xDelayedTaskList2  tasks.o
    0x24007b9c        -       0x00000004   Zero   RW         2985    .bss.xFreeBytesRemaining  heap_4.o
    0x24007ba0        -       0x00000200   Zero   RW          522    .bss.xIdleStack     freertos.o
    0x24007da0        -       0x00000004   Zero   RW         2839    .bss.xNextTaskUnblockTime  tasks.o
    0x24007da4        -       0x00000004   Zero   RW         2845    .bss.xNumOfOverflows  tasks.o
    0x24007da8        -       0x00000004   Zero   RW         2988    .bss.xNumberOfSuccessfulAllocations  heap_4.o
    0x24007dac        -       0x00000014   Zero   RW         2837    .bss.xPendingReadyList  tasks.o
    0x24007dc0        -       0x00000014   Zero   RW         2831    .bss.xTasksWaitingTermination  tasks.o
    0x24007dd4        -       0x00000004   Zero   RW         2841    .bss.xYieldPending  tasks.o
    0x24007dd8        -       0x00000400   Zero   RW          475    STACK               startup_stm32h723xx.o


==============================================================================

Image component sizes


      Code (inc. data)   RO Data    RW Data    ZI Data      Debug   Object Name

       380          8          0          0          0       2177   CAN_Task.o
       702         40          0          0         42       2550   CRC.o
       500         12          0          0         24       2455   Control_Task.o
        18          0          0          0          0       1146   INS_Task.o
      1352         80          0          0          0      10591   arm_ik_3r_safe_stm32h7.o
       556         16          0          0        184       6766   arm_user.o
       952        164          0          0          0      10317   bsp_fdcan.o
       616          0          0          0          0       3879   bsp_mcu.o
        24          0          0          0          0       2227   bsp_tick.o
       186          0          0          0          0       4847   bsp_uart.o
      1232          8          0          0        315       6646   bsp_usb.o
       122          0          0          0          0      22557   cmsis_os.o
       794        164         24          0       2720       5573   dm_motor_ctrl.o
      1102         40          0          0          0      21040   dm_motor_drv.o
      1006          0          0          0        484      12742   fdcan.o
       294          0          0          0        448       9461   fdcan_receive.o
       262         84         46          0      25436       4311   freertos.o
       178          0          0          0          0       3314   gpio.o
       636          0          0          0      15389       5519   heap_4.o
       336         12          0          0         41       5718   imu.o
       724         36          0          8         25       3887   leg.o
       156          0          0          0          0       2520   list.o
       482          0          0          0          0      12265   main.o
       192          4          0         16         28       2191   mecanum_classic.o
       364          4          0          0          0       2331   pid.o
       370         16          0         64       2560       4117   pid_user.o
       810         16          0          4          5       4480   port.o
        72         30        716          0       1536       1000   startup_stm32h723xx.o
       178          0          0          5          4      16268   stm32h7xx_hal.o
       350          0          0          0          0      12781   stm32h7xx_hal_cortex.o
      1912          0          0          0          0      18266   stm32h7xx_hal_dma.o
      3018          0         92          0          0      42373   stm32h7xx_hal_fdcan.o
       712          0          0          0          0       7278   stm32h7xx_hal_gpio.o
        42          0          0          0          0       5735   stm32h7xx_hal_msp.o
      2852          0          0          0          0      16583   stm32h7xx_hal_pcd.o
       126          0          0          0          0       6391   stm32h7xx_hal_pcd_ex.o
        90          0          0          0          0      10000   stm32h7xx_hal_pwr_ex.o
      2704         24          0          0          0      11764   stm32h7xx_hal_rcc.o
      3588        124          0          0          0      18146   stm32h7xx_hal_rcc_ex.o
      1510          0          0          0          0      67709   stm32h7xx_hal_tim.o
       234          0          0          0          0      27440   stm32h7xx_hal_tim_ex.o
       164          0          0          0         76      10003   stm32h7xx_hal_timebase_tim.o
      5180        300         36          0          0      38121   stm32h7xx_hal_uart.o
       352          0         16          0          0      11424   stm32h7xx_hal_uart_ex.o
       156          0          0          0          0      12916   stm32h7xx_it.o
      2720          0          0          0          0      28100   stm32h7xx_ll_usb.o
       236          0         16          8          0       5925   system_stm32h7xx.o
      2036          8          0          0        300      28002   tasks.o
       356          0          0          0        152      10274   tim.o
       524          0          0          0        296      11945   usart.o
       108          0          0          0        732       3576   usb_device.o
      1186         12          0        133          0      12379   usbd_cdc.o
       624          0          0         20      12312       7495   usbd_cdc_if.o
       782          0          0          0       1796      22616   usbd_conf.o
       894          0          0          0          0      11217   usbd_core.o
      1480         32          0          0          1      11128   usbd_ctlreq.o
       324         72          0         80        512       4161   usbd_desc.o
       132          0          0          0          0       4977   usbd_ioreq.o
      1194         24        512          1        576      11542   wit_c_sdk.o

    ----------------------------------------------------------------------
     51392       1394       1524        348      66028     683162   Object Totals
         0          0         64          0          0          0   (incl. Generated)
      1210         64          2          9         34          0   (incl. Padding)

    ----------------------------------------------------------------------

      Code (inc. data)   RO Data    RW Data    ZI Data      Debug   Library Member Name

        90          0          0          0          0          0   __dczerorl2.o
         8          0          0          0          0         68   __main.o
         0          0          0          0          0          0   __rtentry.o
        12          0          0          0          0          0   __rtentry2.o
         6          0          0          0          0          0   __rtentry4.o
        94          8          0          0          0          0   __scatter.o
        26          0          0          0          0          0   __scatter_copy.o
        28          0          0          0          0          0   __scatter_zi.o
        22          0          0          0          0        100   _rserrno.o
        18          0          0          0          0         80   exit.o
         6          0          0          0          0        152   heapauxi.o
         0          0          0          0          0          0   indicate_semi.o
         2          0          0          0          0          0   libinit.o
         6          0          0          0          0          0   libinit2.o
         2          0          0          0          0          0   libshutdown.o
         2          0          0          0          0          0   libshutdown2.o
         8          4          0          0         96         68   libspace.o
       240          0          0          0          0        100   lludivv7m.o
         8          4          0          0          0         68   rt_errno_addr_intlibspace.o
        78          0          0          0          0         80   rt_memclr_w.o
       138          0          0          0          0         68   rt_memcpy_v6.o
       100          0          0          0          0         80   rt_memcpy_w.o
         2          0          0          0          0          0   rtexit.o
        10          0          0          0          0          0   rtexit2.o
        12          4          0          0          0         68   sys_exit.o
        74          0          0          0          0         80   sys_stackheap_outer.o
         2          0          0          0          0         68   use_no_semi.o
        26          0          0          0          0        116   fpinit.o
         0          0          0          0          0          0   usenofp.o
       280         46          0          0          0        176   acosf.o
       684         90          0          0          0        208   atan2f.o
       336         56          0          0          0        136   cosf.o
        38          0          0          0          0        116   fpclassifyf.o
        44         12          0          0          0        464   funder.o
       340         24         32          0          0        160   rredf.o
       400         56          0          0          0        212   sinf.o
       120          0          0          0          0        272   sqrtf.o

    ----------------------------------------------------------------------
      3276        304         32          0         96       2940   Library Totals
        14          0          0          0          0          0   (incl. Padding)

    ----------------------------------------------------------------------

      Code (inc. data)   RO Data    RW Data    ZI Data      Debug   Library Name

       994         20          0          0         96       1080   c_w.l
        26          0          0          0          0        116   fz_wv.l
      2242        284         32          0          0       1744   m_wv.l

    ----------------------------------------------------------------------
      3276        304         32          0         96       2940   Library Totals

    ----------------------------------------------------------------------

==============================================================================


      Code (inc. data)   RO Data    RW Data    ZI Data      Debug   

     54668       1698       1556        348      66124     683530   Grand Totals
     54668       1698       1556        348      66124     683530   ELF Image Totals
     54668       1698       1556        348          0          0   ROM Totals

==============================================================================

    Total RO  Size (Code + RO Data)                56224 (  54.91kB)
    Total RW  Size (RW Data + ZI Data)             66472 (  64.91kB)
    Total ROM Size (Code + RO Data + RW Data)      56572 (  55.25kB)

==============================================================================

