Component: Arm Compiler for Embedded 6.21 Tool: armlink [5ec1fa00]

==============================================================================

Section Cross References

    can_task.o(.text.CAN_Task) refers to bsp_tick.o(.text.Delay_ms) for Delay_ms
    can_task.o(.text.CAN_Task) refers to mecanum_classic.o(.bss.total_speed) for total_speed
    can_task.o(.text.CAN_Task) refers to dm_motor_ctrl.o(.bss.motor) for motor
    can_task.o(.text.CAN_Task) refers to leg.o(.bss.lf_leg) for lf_leg
    can_task.o(.text.CAN_Task) refers to fdcan.o(.bss.hfdcan1) for hfdcan1
    can_task.o(.text.CAN_Task) refers to leg.o(.bss.rf_leg) for rf_leg
    can_task.o(.text.CAN_Task) refers to control_task.o(.bss..L_MergedGlobals) for ctrl_j2
    can_task.o(.text.CAN_Task) refers to pid_user.o(.text.pid_call_3) for pid_call_3
    can_task.o(.text.CAN_Task) refers to fdcan_receive.o(.text.FDCAN3_CMD_1) for FDCAN3_CMD_1
    can_task.o(.text.CAN_Task) refers to dm_motor_drv.o(.text.pos_ctrl) for pos_ctrl
    can_task.o(.text.CAN_Task) refers to leg.o(.bss.lb_leg) for lb_leg
    can_task.o(.text.CAN_Task) refers to leg.o(.bss.rb_leg) for rb_leg
    can_task.o(.text.CAN_Task) refers to cmsis_os.o(.text.osDelay) for osDelay
    can_task.o(.text.CAN_Task) refers to crc.o(.bss..L_MergedGlobals) for pre_step_flag
    can_task.o(.text.CAN_Task) refers to pid_user.o(.text.PID_velocity_realize_2) for PID_velocity_realize_2
    can_task.o(.text.CAN_Task) refers to fdcan_receive.o(.text.FDCAN2_CMD_1) for FDCAN2_CMD_1
    can_task.o(.ARM.exidx.text.CAN_Task) refers to can_task.o(.text.CAN_Task) for [Anonymous Symbol]
    control_task.o(.text.Control_Task) refers to cmsis_os.o(.text.osDelay) for osDelay
    control_task.o(.text.Control_Task) refers to usb_device.o(.text.MX_USB_DEVICE_Init) for MX_USB_DEVICE_Init
    control_task.o(.text.Control_Task) refers to usart.o(.bss.huart10) for huart10
    control_task.o(.text.Control_Task) refers to crc.o(.bss.btReceiveData) for btReceiveData
    control_task.o(.text.Control_Task) refers to stm32h7xx_hal_uart.o(.text.HAL_UART_Receive_IT) for HAL_UART_Receive_IT
    control_task.o(.text.Control_Task) refers to bsp_mcu.o(.text.MCU_Init) for MCU_Init
    control_task.o(.text.Control_Task) refers to arm_echo_uart10.o(.text.ArmEchoUart10_Init) for ArmEchoUart10_Init
    control_task.o(.text.Control_Task) refers to arm_user.o(.text.ArmIK_ComponentInit) for ArmIK_ComponentInit
    control_task.o(.text.Control_Task) refers to mecanum_classic.o(.bss.total_vel) for total_vel
    control_task.o(.text.Control_Task) refers to leg.o(.bss.lf_leg) for lf_leg
    control_task.o(.text.Control_Task) refers to leg.o(.bss.rf_leg) for rf_leg
    control_task.o(.text.Control_Task) refers to control_task.o(.bss..L_MergedGlobals) for .L_MergedGlobals
    control_task.o(.text.Control_Task) refers to arm_user.o(.bss.g_arm_ik) for g_arm_ik
    control_task.o(.text.Control_Task) refers to crc.o(.bss..L_MergedGlobals) for legy
    control_task.o(.text.Control_Task) refers to bsp_usb.o(.bss.usb_Buf) for usb_Buf
    control_task.o(.text.Control_Task) refers to usbd_cdc_if.o(.text.CDC_App_Read) for CDC_App_Read
    control_task.o(.text.Control_Task) refers to bsp_usb.o(.text.Receive) for Receive
    control_task.o(.text.Control_Task) refers to leg.o(.bss.LEG_Cmd) for LEG_Cmd
    control_task.o(.text.Control_Task) refers to crc.o(.text.BT_Data_MAC_Process) for BT_Data_MAC_Process
    control_task.o(.text.Control_Task) refers to mecanum_classic.o(.data.mecParam) for mecParam
    control_task.o(.text.Control_Task) refers to mecanum_classic.o(.bss.total_speed) for total_speed
    control_task.o(.text.Control_Task) refers to mecanum_classic.o(.text.Mecanum_Calc) for Mecanum_Calc
    control_task.o(.text.Control_Task) refers to leg.o(.text.InverseKinematics_Continuous) for InverseKinematics_Continuous
    control_task.o(.text.Control_Task) refers to leg.o(.bss.lb_leg) for lb_leg
    control_task.o(.text.Control_Task) refers to leg.o(.bss.rb_leg) for rb_leg
    control_task.o(.text.Control_Task) refers to arm_user.o(.text.ArmIK_ComponentStep) for ArmIK_ComponentStep
    control_task.o(.text.Control_Task) refers to arm_user.o(.text.ArmIK_GetAppState) for ArmIK_GetAppState
    control_task.o(.text.Control_Task) refers to arm_echo_uart10.o(.text.ArmEchoUart10_IsBusy) for ArmEchoUart10_IsBusy
    control_task.o(.text.Control_Task) refers to arm_echo_uart10.o(.text.ArmEchoUart10_StartSend_IT) for ArmEchoUart10_StartSend_IT
    control_task.o(.ARM.exidx.text.Control_Task) refers to control_task.o(.text.Control_Task) for [Anonymous Symbol]
    control_task.o(.text.Mecanum_task_USB) refers to mecanum_classic.o(.text.Mecanum_Calc) for Mecanum_Calc
    control_task.o(.ARM.exidx.text.Mecanum_task_USB) refers to control_task.o(.text.Mecanum_task_USB) for [Anonymous Symbol]
    control_task.o(.text.LEG_task_USB) refers to control_task.o(.bss..L_MergedGlobals) for .L_MergedGlobals
[...]
    start_Z_USB                              0x200000ac   Data           4  control_task.o(.bss..L_MergedGlobals)
    lf_last_theta1                           0x200000b0   Data           4  control_task.o(.bss..L_MergedGlobals)
    lf_last_theta2                           0x200000b4   Data           4  control_task.o(.bss..L_MergedGlobals)
    rf_last_theta1                           0x200000b8   Data           4  control_task.o(.bss..L_MergedGlobals)
    rf_last_theta2                           0x200000bc   Data           4  control_task.o(.bss..L_MergedGlobals)
    ctrl_j1                                  0x200000c0   Data           4  control_task.o(.bss..L_MergedGlobals)
    ctrl_j2                                  0x200000c4   Data           4  control_task.o(.bss..L_MergedGlobals)
    ctrl_j3                                  0x200000c8   Data           4  control_task.o(.bss..L_MergedGlobals)
    model_theta1                             0x200000cc   Data           4  control_task.o(.bss..L_MergedGlobals)
    model_theta2                             0x200000d0   Data           4  control_task.o(.bss..L_MergedGlobals)
    model_theta3                             0x200000d4   Data           4  control_task.o(.bss..L_MergedGlobals)
    Start_Control_THandle                    0x200000fc   Data           4  freertos.o(.bss..L_MergedGlobals)
    Start_CAN_TaskHandle                     0x20000100   Data           4  freertos.o(.bss..L_MergedGlobals)
    Start_INS_TaskHandle                     0x20000104   Data           4  freertos.o(.bss..L_MergedGlobals)
    pxCurrentTCB                             0x20000120   Data           4  tasks.o(.bss..L_MergedGlobals)
    Start_Control_TControlBlock              0x200001c4   Data          84  freertos.o(.bss.Start_Control_TControlBlock)
    Start_INS_TaskBuffer                     0x20000218   Data        8192  freertos.o(.bss.Start_INS_TaskBuffer)
    Start_INS_TaskControlBlock               0x20002218   Data          84  freertos.o(.bss.Start_INS_TaskControlBlock)
    USBD_StrDesc                             0x20002270   Data         512  usbd_desc.o(.bss.USBD_StrDesc)
    UserTxBufferHS                           0x20002470   Data        2048  usbd_cdc_if.o(.bss.UserTxBufferHS)
    btReceiveData                            0x20002c70   Data           1  crc.o(.bss.btReceiveData)
    g_arm_ik                                 0x20002c74   Data          92  arm_user.o(.bss.g_arm_ik)
    g_arm_ik_app                             0x20002cd0   Data         124  arm_user.o(.bss.g_arm_ik_app)
    hUsbDeviceHS                             0x20002d4c   Data         732  usb_device.o(.bss.hUsbDeviceHS)
    hfdcan1                                  0x20003028   Data         160  fdcan.o(.bss.hfdcan1)
    hfdcan3                                  0x200030c8   Data         160  fdcan.o(.bss.hfdcan3)
    htim4                                    0x20003168   Data          76  tim.o(.bss.htim4)
    huart10                                  0x200031b4   Data         148  usart.o(.bss.huart10)
    imu_data                                 0x20003248   Data          40  imu.o(.bss.imu_data)
    imu_rx_byte                              0x20003270   Data           1  imu.o(.bss.imu_rx_byte)
    motor                                    0x20003274   Data        2720  dm_motor_ctrl.o(.bss.motor)
    motor_fdcan2                             0x20003d14   Data         224  fdcan_receive.o(.bss.motor_fdcan2)
    pid_pos_2                                0x20003df4   Data         640  pid_user.o(.bss.pid_pos_2)
    pid_pos_3                                0x20004074   Data         640  pid_user.o(.bss.pid_pos_3)
    rb_leg                                   0x200042f4   Data           4  leg.o(.bss.rb_leg)
    rf_leg                                   0x200042f8   Data           8  leg.o(.bss.rf_leg)
    sReg                                     0x20004300   Data         288  wit_c_sdk.o(.bss.sReg)
    total_speed                              0x20004420   Data          16  mecanum_classic.o(.bss.total_speed)
    total_vel                                0x20004430   Data          12  mecanum_classic.o(.bss.total_vel)
    uwTick                                   0x2000803c   Data           4  stm32h7xx_hal.o(.bss.uwTick)
    motor_speed_3508_pid_2                   0x24000000   Data          32  pid_user.o(.data..L_MergedGlobals)
    motor_position_3508_pid_2                0x24000020   Data          32  pid_user.o(.data..L_MergedGlobals)
    motor_speed_3508_pid_3                   0x24000040   Data          32  pid_user.o(.data..L_MergedGlobals)
    L1                                       0x24000060   Data           4  leg.o(.data..L_MergedGlobals)
    L2                                       0x24000064   Data           4  leg.o(.data..L_MergedGlobals)
    SystemCoreClock                          0x24000068   Data           4  system_stm32h7xx.o(.data..L_MergedGlobals)
    SystemD2Clock                            0x2400006c   Data           4  system_stm32h7xx.o(.data..L_MergedGlobals)
    HS_Desc                                  0x24000070   Data          32  usbd_desc.o(.data.HS_Desc)
    USBD_Interface_fops_HS                   0x2400009c   Data          20  usbd_cdc_if.o(.data.USBD_Interface_fops_HS)
    USBD_LangIDDesc                          0x240000b0   Data           4  usbd_desc.o(.data.USBD_LangIDDesc)
    USBD_StringSerial                        0x240000b4   Data          26  usbd_desc.o(.data.USBD_StringSerial)
    mecParam                                 0x240000d0   Data          16  mecanum_classic.o(.data.mecParam)
    motor_position_3508_pid_3                0x240000e0   Data          32  pid_user.o(.data.motor_position_3508_pid_3)
    __libspace_start                         0x24000108   Data          96  libspace.o(.bss)
    BT_Uart10                                0x24000168   Data           1  crc.o(.bss..L_MergedGlobals)
    __temporary_stack_top$libspace           0x24000168   Data           0  libspace.o(.bss)
    data_index                               0x24000169   Data           1  crc.o(.bss..L_MergedGlobals)
    checksum                                 0x2400016a   Data           1  crc.o(.bss..L_MergedGlobals)
    bt_parse_ok                              0x2400016b   Data           1  crc.o(.bss..L_MergedGlobals)
    USB_Task_flag                            0x2400016c   Data           1  crc.o(.bss..L_MergedGlobals)
    USART_Task_flag                          0x2400016d   Data           1  crc.o(.bss..L_MergedGlobals)
    UU_flag                                  0x2400016e   Data           1  crc.o(.bss..L_MergedGlobals)
    leg_flag                                 0x2400016f   Data           1  crc.o(.bss..L_MergedGlobals)
    arm_flag                                 0x24000170   Data           1  crc.o(.bss..L_MergedGlobals)
    pre_step_flag                            0x24000171   Data           1  crc.o(.bss..L_MergedGlobals)
    legx                                     0x24000174   Data           4  crc.o(.bss..L_MergedGlobals)
    legy                                     0x24000178   Data           4  crc.o(.bss..L_MergedGlobals)
    leghtheta                                0x2400017c   Data           4  crc.o(.bss..L_MergedGlobals)
    arm_X                                    0x24000180   Data           4  crc.o(.bss..L_MergedGlobals)
    arm_Y                                    0x24000184   Data           4  crc.o(.bss..L_MergedGlobals)
    arm_Z                                    0x24000188   Data           4  crc.o(.bss..L_MergedGlobals)
    mid_X                                    0x2400018c   Data           4  crc.o(.bss..L_MergedGlobals)
    mid_Y                                    0x24000190   Data           4  crc.o(.bss..L_MergedGlobals)
    mid_Z                                    0x24000194   Data           4  crc.o(.bss..L_MergedGlobals)
    pre_step_wheel_speed                     0x24000198   Data           4  crc.o(.bss..L_MergedGlobals)
    bt_data                                  0x2400019c   Data          14  crc.o(.bss..L_MergedGlobals)
    LEG_Cmd                                  0x24000220   Data           1  leg.o(.bss.LEG_Cmd)
    Start_CAN_TaskBuffer                     0x24000224   Data        8192  freertos.o(.bss.Start_CAN_TaskBuffer)
    Start_CAN_TaskControlBlock               0x24002224   Data          84  freertos.o(.bss.Start_CAN_TaskControlBlock)
    Start_Control_TBuffer                    0x24002278   Data        8192  freertos.o(.bss.Start_Control_TBuffer)
    UserRxBufferHS                           0x24004498   Data        2048  usbd_cdc_if.o(.bss.UserRxBufferHS)
    hfdcan2                                  0x24004c98   Data         160  fdcan.o(.bss.hfdcan2)
    hpcd_USB_OTG_HS                          0x24004d38   Data        1252  usbd_conf.o(.bss.hpcd_USB_OTG_HS)
    htim2                                    0x2400521c   Data          76  stm32h7xx_hal_timebase_tim.o(.bss.htim2)
    htim3                                    0x24005268   Data          76  tim.o(.bss.htim3)
    huart7                                   0x240052b4   Data         148  usart.o(.bss.huart7)
    lb_leg                                   0x24005348   Data           4  leg.o(.bss.lb_leg)
    lf_leg                                   0x2400534c   Data           8  leg.o(.bss.lf_leg)
    motor_fdcan3                             0x24005354   Data         224  fdcan_receive.o(.bss.motor_fdcan3)
    pid_v_2                                  0x24005434   Data         640  pid_user.o(.bss.pid_v_2)
    pid_v_3                                  0x240056b4   Data         640  pid_user.o(.bss.pid_v_3)
    s_rxRing                                 0x240059c0   Data        4096  usbd_cdc_if.o(.bss.s_rxRing)
    s_txRing                                 0x240069c0   Data        4096  usbd_cdc_if.o(.bss.s_txRing)
    usb_Buf                                  0x24007ac4   Data         300  bsp_usb.o(.bss.usb_Buf)



==============================================================================

Memory Map of the image

  Image Entry point : 0x080002cd

  Load Region LR_IROM1 (Base: 0x08000000, Size: 0x000112e0, Max: 0x00100000, ABSOLUTE)

    Execution Region ER_IROM1 (Exec base: 0x08000000, Load base: 0x08000000, Size: 0x0001113c, Max: 0x00100000, ABSOLUTE)

    Exec Addr    Load Addr    Size         Type   Attr      Idx    E Section Name        Object

    0x08000000   0x08000000   0x000002cc   Data   RO          473    RESET               startup_stm32h723xx.o
    0x080002cc   0x080002cc   0x00000008   Code   RO         3148  * !!!main             c_w.l(__main.o)
    0x080002d4   0x080002d4   0x0000005c   Code   RO         3386    !!!scatter          c_w.l(__scatter.o)
    0x08000330   0x08000330   0x0000005a   Code   RO         3384    !!dczerorl2         c_w.l(__dczerorl2.o)
    0x0800038a   0x0800038a   0x00000002   PAD
    0x0800038c   0x0800038c   0x0000001a   Code   RO         3390    !!handler_copy      c_w.l(__scatter_copy.o)
    0x080003a6   0x080003a6   0x00000002   PAD
    0x080003a8   0x080003a8   0x00000002   Code   RO         3387    !!handler_null      c_w.l(__scatter.o)
    0x080003aa   0x080003aa   0x00000002   PAD
    0x080003ac   0x080003ac   0x0000001c   Code   RO         3392    !!handler_zi        c_w.l(__scatter_zi.o)
    0x080003c8   0x080003c8   0x00000002   Code   RO         3249    .ARM.Collect$$libinit$$00000000  c_w.l(libinit.o)
    0x080003ca   0x080003ca   0x00000004   Code   RO         3258    .ARM.Collect$$libinit$$00000001  c_w.l(libinit2.o)
    0x080003ce   0x080003ce   0x00000000   Code   RO         3261    .ARM.Collect$$libinit$$00000004  c_w.l(libinit2.o)
    0x080003ce   0x080003ce   0x00000000   Code   RO         3263    .ARM.Collect$$libinit$$00000006  c_w.l(libinit2.o)
    0x080003ce   0x080003ce   0x00000000   Code   RO         3266    .ARM.Collect$$libinit$$0000000C  c_w.l(libinit2.o)
    0x080003ce   0x080003ce   0x00000000   Code   RO         3268    .ARM.Collect$$libinit$$0000000E  c_w.l(libinit2.o)
    0x080003ce   0x080003ce   0x00000000   Code   RO         3270    .ARM.Collect$$libinit$$00000010  c_w.l(libinit2.o)
    0x080003ce   0x080003ce   0x00000000   Code   RO         3273    .ARM.Collect$$libinit$$00000013  c_w.l(libinit2.o)
    0x080003ce   0x080003ce   0x00000000   Code   RO         3275    .ARM.Collect$$libinit$$00000015  c_w.l(libinit2.o)
    0x080003ce   0x080003ce   0x00000000   Code   RO         3277    .ARM.Collect$$libinit$$00000017  c_w.l(libinit2.o)
    0x080003ce   0x080003ce   0x00000000   Code   RO         3279    .ARM.Collect$$libinit$$00000019  c_w.l(libinit2.o)
    0x080003ce   0x080003ce   0x00000000   Code   RO         3281    .ARM.Collect$$libinit$$0000001B  c_w.l(libinit2.o)
    0x080003ce   0x080003ce   0x00000000   Code   RO         3283    .ARM.Collect$$libinit$$0000001D  c_w.l(libinit2.o)
    0x080003ce   0x080003ce   0x00000000   Code   RO         3285    .ARM.Collect$$libinit$$0000001F  c_w.l(libinit2.o)
    0x080003ce   0x080003ce   0x00000000   Code   RO         3287    .ARM.Collect$$libinit$$00000021  c_w.l(libinit2.o)
    0x080003ce   0x080003ce   0x00000000   Code   RO         3289    .ARM.Collect$$libinit$$00000023  c_w.l(libinit2.o)
    0x080003ce   0x080003ce   0x00000000   Code   RO         3291    .ARM.Collect$$libinit$$00000025  c_w.l(libinit2.o)
    0x080003ce   0x080003ce   0x00000000   Code   RO         3293    .ARM.Collect$$libinit$$00000027  c_w.l(libinit2.o)
    0x080003ce   0x080003ce   0x00000000   Code   RO         3297    .ARM.Collect$$libinit$$0000002E  c_w.l(libinit2.o)
    0x080003ce   0x080003ce   0x00000000   Code   RO         3299    .ARM.Collect$$libinit$$00000030  c_w.l(libinit2.o)
    0x080003ce   0x080003ce   0x00000000   Code   RO         3301    .ARM.Collect$$libinit$$00000032  c_w.l(libinit2.o)
    0x080003ce   0x080003ce   0x00000000   Code   RO         3303    .ARM.Collect$$libinit$$00000034  c_w.l(libinit2.o)
    0x080003ce   0x080003ce   0x00000002   Code   RO         3304    .ARM.Collect$$libinit$$00000035  c_w.l(libinit2.o)
    0x080003d0   0x080003d0   0x00000002   Code   RO         3339    .ARM.Collect$$libshutdown$$00000000  c_w.l(libshutdown.o)
    0x080003d2   0x080003d2   0x00000000   Code   RO         3367    .ARM.Collect$$libshutdown$$00000002  c_w.l(libshutdown2.o)
    0x080003d2   0x080003d2   0x00000000   Code   RO         3369    .ARM.Collect$$libshutdown$$00000004  c_w.l(libshutdown2.o)
    0x080003d2   0x080003d2   0x00000000   Code   RO         3372    .ARM.Collect$$libshutdown$$00000007  c_w.l(libshutdown2.o)
    0x080003d2   0x080003d2   0x00000000   Code   RO         3375    .ARM.Collect$$libshutdown$$0000000A  c_w.l(libshutdown2.o)
    0x080003d2   0x080003d2   0x00000000   Code   RO         3377    .ARM.Collect$$libshutdown$$0000000C  c_w.l(libshutdown2.o)
    0x080003d2   0x080003d2   0x00000000   Code   RO         3380    .ARM.Collect$$libshutdown$$0000000F  c_w.l(libshutdown2.o)
    0x080003d2   0x080003d2   0x00000002   Code   RO         3381    .ARM.Collect$$libshutdown$$00000010  c_w.l(libshutdown2.o)
    0x080003d4   0x080003d4   0x00000000   Code   RO         3174    .ARM.Collect$$rtentry$$00000000  c_w.l(__rtentry.o)
    0x080003d4   0x080003d4   0x00000000   Code   RO         3212    .ARM.Collect$$rtentry$$00000002  c_w.l(__rtentry2.o)
    0x080003d4   0x080003d4   0x00000006   Code   RO         3224    .ARM.Collect$$rtentry$$00000004  c_w.l(__rtentry4.o)
    0x080003da   0x080003da   0x00000000   Code   RO         3214    .ARM.Collect$$rtentry$$00000009  c_w.l(__rtentry2.o)
    0x080003da   0x080003da   0x00000004   Code   RO         3215    .ARM.Collect$$rtentry$$0000000A  c_w.l(__rtentry2.o)
    0x080003de   0x080003de   0x00000000   Code   RO         3217    .ARM.Collect$$rtentry$$0000000C  c_w.l(__rtentry2.o)
    0x080003de   0x080003de   0x00000008   Code   RO         3218    .ARM.Collect$$rtentry$$0000000D  c_w.l(__rtentry2.o)
    0x080003e6   0x080003e6   0x00000002   Code   RO         3250    .ARM.Collect$$rtexit$$00000000  c_w.l(rtexit.o)
    0x080003e8   0x080003e8   0x00000000   Code   RO         3310    .ARM.Collect$$rtexit$$00000002  c_w.l(rtexit2.o)
    0x080003e8   0x080003e8   0x00000004   Code   RO         3311    .ARM.Collect$$rtexit$$00000003  c_w.l(rtexit2.o)
    0x080003ec   0x080003ec   0x00000006   Code   RO         3312    .ARM.Collect$$rtexit$$00000004  c_w.l(rtexit2.o)
    0x080003f2   0x080003f2   0x00000002   PAD
    0x080003f4   0x080003f4   0x00000048   Code   RO          474    .text               startup_stm32h723xx.o
    0x0800043c   0x0800043c   0x000000f0   Code   RO         3138    .text               c_w.l(lludivv7m.o)
    0x0800052c   0x0800052c   0x0000008a   Code   RO         3140    .text               c_w.l(rt_memcpy_v6.o)
    0x080005b6   0x080005b6   0x0000004e   Code   RO         3144    .text               c_w.l(rt_memclr_w.o)
    0x08000604   0x08000604   0x00000006   Code   RO         3146    .text               c_w.l(heapauxi.o)
    0x0800060a   0x0800060a   0x00000016   Code   RO         3179    .text               c_w.l(_rserrno.o)
    0x08000620   0x08000620   0x00000064   Code   RO         3181    .text               c_w.l(rt_memcpy_w.o)
    0x08000684   0x08000684   0x00000008   Code   RO         3231    .text               c_w.l(rt_errno_addr_intlibspace.o)
    0x0800068c   0x0800068c   0x00000008   Code   RO         3233    .text               c_w.l(libspace.o)
    0x08000694   0x08000694   0x0000004a   Code   RO         3236    .text               c_w.l(sys_stackheap_outer.o)
    0x080006de   0x080006de   0x00000012   Code   RO         3238    .text               c_w.l(exit.o)
    0x080006f0   0x080006f0   0x0000000c   Code   RO         3305    .text               c_w.l(sys_exit.o)
    0x080006fc   0x080006fc   0x00000002   Code   RO         3328    .text               c_w.l(use_no_semi.o)
    0x080006fe   0x080006fe   0x00000000   Code   RO         3330    .text               c_w.l(indicate_semi.o)
    0x080006fe   0x080006fe   0x00000002   PAD
    0x08000700   0x08000700   0x0000001c   Code   RO          306    .text.Arm3R_DegToRad  arm_ik_3r_safe_stm32h7.o
    0x0800071c   0x0800071c   0x00000004   PAD
    0x08000720   0x08000720   0x0000005a   Code   RO          330    .text.Arm3R_GeomCtrlToMotorCtrl  arm_ik_3r_safe_stm32h7.o
    0x0800077a   0x0800077a   0x00000006   PAD
    0x08000780   0x08000780   0x00000008   Code   RO          316    .text.Arm3R_GetResult  arm_ik_3r_safe_stm32h7.o
    0x08000788   0x08000788   0x00000050   Code   RO          314    .text.Arm3R_Init    arm_ik_3r_safe_stm32h7.o
    0x080007d8   0x080007d8   0x0000001c   Code   RO          308    .text.Arm3R_RadToDeg  arm_ik_3r_safe_stm32h7.o
    0x080007f4   0x080007f4   0x00000004   PAD
    0x080007f8   0x080007f8   0x000006e4   Code   RO          328    .text.Arm3R_Solve   arm_ik_3r_safe_stm32h7.o
    0x08000edc   0x08000edc   0x00000004   PAD
    0x08000ee0   0x08000ee0   0x00000202   Code   RO          364    .text.ArmEchoUart10_BuildPacket  arm_echo_uart10.o
    0x080010e2   0x080010e2   0x00000006   PAD
    0x080010e8   0x080010e8   0x0000000e   Code   RO          372    .text.ArmEchoUart10_ErrorHandler  arm_echo_uart10.o
    0x080010f6   0x080010f6   0x00000002   PAD
    0x080010f8   0x080010f8   0x0000001e   Code   RO          360    .text.ArmEchoUart10_Init  arm_echo_uart10.o
    0x08001116   0x08001116   0x00000002   PAD
    0x08001118   0x08001118   0x0000000c   Code   RO          366    .text.ArmEchoUart10_IsBusy  arm_echo_uart10.o
    0x08001124   0x08001124   0x00000004   PAD
    0x08001128   0x08001128   0x00000042   Code   RO          368    .text.ArmEchoUart10_StartSend_IT  arm_echo_uart10.o
    0x0800116a   0x0800116a   0x00000006   PAD
    0x08001170   0x08001170   0x0000000e   Code   RO          370    .text.ArmEchoUart10_TxCpltHandler  arm_echo_uart10.o
    0x0800117e   0x0800117e   0x00000002   PAD
    0x08001180   0x08001180   0x00000074   Code   RO          340    .text.ArmIK_ComponentInit  arm_user.o
    0x080011f4   0x080011f4   0x00000004   PAD
    0x080011f8   0x080011f8   0x0000025c   Code   RO          342    .text.ArmIK_ComponentStep  arm_user.o
    0x08001454   0x08001454   0x00000004   PAD
    0x08001458   0x08001458   0x0000000a   Code   RO          348    .text.ArmIK_GetAppState  arm_user.o
    0x08001462   0x08001462   0x00000006   PAD
    0x08001468   0x08001468   0x000000c4   Code   RO           17    .text.Arm_task_USB  control_task.o
    0x0800152c   0x0800152c   0x00000004   PAD
    0x08001530   0x08001530   0x000002cc   Code   RO          258    .text.BT_Data_MAC_Process  crc.o
    0x080017fc   0x080017fc   0x00000004   PAD
    0x08001800   0x08001800   0x00000002   Code   RO          601    .text.BusFault_Handler  stm32h7xx_it.o
    0x08001802   0x08001802   0x00000006   PAD
    0x08001808   0x08001808   0x00000200   Code   RO            2    .text.CAN_Task      can_task.o
    0x08001a08   0x08001a08   0x0000004e   Code   RO          721    .text.CDC_App_Read  usbd_cdc_if.o
    0x08001a56   0x08001a56   0x00000002   PAD
    0x08001a58   0x08001a58   0x0000001c   Code   RO          717    .text.CDC_App_TxFree  usbd_cdc_if.o
    0x08001a74   0x08001a74   0x00000004   PAD
    0x08001a78   0x08001a78   0x000001b4   Code   RO          723    .text.CDC_App_Write  usbd_cdc_if.o
    0x08001c2c   0x08001c2c   0x00000004   PAD
    0x08001c30   0x08001c30   0x00000016   Code   RO          705    .text.CDC_Control_HS  usbd_cdc_if.o
    0x08001c46   0x08001c46   0x00000002   PAD
    0x08001c48   0x08001c48   0x00000004   Code   RO          703    .text.CDC_DeInit_HS  usbd_cdc_if.o
    0x08001c4c   0x08001c4c   0x00000004   PAD
    0x08001c50   0x08001c50   0x00000048   Code   RO          701    .text.CDC_Init_HS   usbd_cdc_if.o
    0x08001c98   0x08001c98   0x00000064   Code   RO          707    .text.CDC_Receive_HS  usbd_cdc_if.o
    0x08001cfc   0x08001cfc   0x00000004   PAD
    0x08001d00   0x08001d00   0x00000004   Code   RO          709    .text.CDC_TransmitCplt_HS  usbd_cdc_if.o
    0x08001d04   0x08001d04   0x00000004   PAD
    0x08001d08   0x08001d08   0x0000030c   Code   RO           11    .text.Control_Task  control_task.o
    0x08002014   0x08002014   0x00000004   PAD
    0x08002018   0x08002018   0x00000002   Code   RO          605    .text.DebugMon_Handler  stm32h7xx_it.o
    0x0800201a   0x0800201a   0x00000006   PAD
    0x08002020   0x08002020   0x00000018   Code   RO          423    .text.Delay_ms      bsp_tick.o
    0x08002038   0x08002038   0x0000000a   Code   RO          485    .text.Error_Handler  main.o
    0x08002042   0x08002042   0x00000006   PAD
    0x08002048   0x08002048   0x0000002c   Code   RO         2563    .text.ExitRun0Mode  system_stm32h7xx.o
    0x08002074   0x08002074   0x00000004   PAD
    0x08002078   0x08002078   0x0000000c   Code   RO          607    .text.FDCAN1_IT0_IRQHandler  stm32h7xx_it.o
    0x08002084   0x08002084   0x00000004   PAD
    0x08002088   0x08002088   0x0000000c   Code   RO          611    .text.FDCAN1_IT1_IRQHandler  stm32h7xx_it.o
    0x08002094   0x08002094   0x00000004   PAD
    0x08002098   0x08002098   0x00000062   Code   RO          156    .text.FDCAN2_CMD_1  fdcan_receive.o
    0x080020fa   0x080020fa   0x00000006   PAD
    0x08002100   0x08002100   0x00000054   Code   RO          397    .text.FDCAN2_Filter_Init  bsp_fdcan.o
    0x08002154   0x08002154   0x00000004   PAD
    0x08002158   0x08002158   0x0000000c   Code   RO          609    .text.FDCAN2_IT0_IRQHandler  stm32h7xx_it.o
    0x08002164   0x08002164   0x00000004   PAD
    0x08002168   0x08002168   0x0000000c   Code   RO          613    .text.FDCAN2_IT1_IRQHandler  stm32h7xx_it.o
    0x08002174   0x08002174   0x00000004   PAD
    0x08002178   0x08002178   0x00000062   Code   RO          160    .text.FDCAN3_CMD_1  fdcan_receive.o
    0x080021da   0x080021da   0x00000006   PAD
    0x080021e0   0x080021e0   0x00000056   Code   RO          399    .text.FDCAN3_Filter_Init  bsp_fdcan.o
    0x08002236   0x08002236   0x00000002   PAD
    0x08002238   0x08002238   0x0000000c   Code   RO          627    .text.FDCAN3_IT0_IRQHandler  stm32h7xx_it.o
    0x08002244   0x08002244   0x00000004   PAD
    0x08002248   0x08002248   0x0000000c   Code   RO          629    .text.FDCAN3_IT1_IRQHandler  stm32h7xx_it.o
    0x08002254   0x08002254   0x00000004   PAD
    0x08002258   0x08002258   0x0000052e   Code   RO         1575    .text.HAL_DMA_Abort  stm32h7xx_hal_dma.o
    0x08002786   0x08002786   0x00000002   PAD
    0x08002788   0x08002788   0x000002b8   Code   RO         1577    .text.HAL_DMA_Abort_IT  stm32h7xx_hal_dma.o
    0x08002a40   0x08002a40   0x00000028   Code   RO         1869    .text.HAL_Delay     stm32h7xx_hal.o
    0x08002a68   0x08002a68   0x0000008c   Code   RO         2315    .text.HAL_FDCAN_ActivateNotification  stm32h7xx_hal_fdcan.o
    0x08002af4   0x08002af4   0x00000004   PAD
    0x08002af8   0x08002af8   0x000000ea   Code   RO         2237    .text.HAL_FDCAN_AddMessageToTxFifoQ  stm32h7xx_hal_fdcan.o
    0x08002be2   0x08002be2   0x00000006   PAD
    0x08002be8   0x08002be8   0x00000002   Code   RO         2329    .text.HAL_FDCAN_ClockCalibrationCallback  stm32h7xx_hal_fdcan.o
    0x08002bea   0x08002bea   0x00000006   PAD
    0x08002bf0   0x08002bf0   0x00000062   Code   RO         2197    .text.HAL_FDCAN_ConfigFifoWatermark  stm32h7xx_hal_fdcan.o
    0x08002c52   0x08002c52   0x00000006   PAD
    0x08002c58   0x08002c58   0x0000008c   Code   RO         2189    .text.HAL_FDCAN_ConfigFilter  stm32h7xx_hal_fdcan.o
    0x08002ce4   0x08002ce4   0x00000004   PAD
    0x08002ce8   0x08002ce8   0x00000038   Code   RO         2191    .text.HAL_FDCAN_ConfigGlobalFilter  stm32h7xx_hal_fdcan.o
    0x08002d20   0x08002d20   0x0000002c   Code   RO         2171    .text.HAL_FDCAN_DeInit  stm32h7xx_hal_fdcan.o
    0x08002d4c   0x08002d4c   0x00000004   PAD
    0x08002d50   0x08002d50   0x00000002   Code   RO         2357    .text.HAL_FDCAN_ErrorCallback  stm32h7xx_hal_fdcan.o
    0x08002d52   0x08002d52   0x00000006   PAD
    0x08002d58   0x08002d58   0x00000012   Code   RO          393    .text.HAL_FDCAN_ErrorStatusCallback  bsp_fdcan.o
    0x08002d6a   0x08002d6a   0x00000006   PAD
    0x08002d70   0x08002d70   0x000001e6   Code   RO         2247    .text.HAL_FDCAN_GetRxMessage  stm32h7xx_hal_fdcan.o
    0x08002f56   0x08002f56   0x00000002   PAD
    0x08002f58   0x08002f58   0x00000002   Code   RO         2325    .text.HAL_FDCAN_HighPriorityMessageCallback  stm32h7xx_hal_fdcan.o
    0x08002f5a   0x08002f5a   0x00000006   PAD
    0x08002f60   0x08002f60   0x00000322   Code   RO         2323    .text.HAL_FDCAN_IRQHandler  stm32h7xx_hal_fdcan.o
    0x08003282   0x08003282   0x00000006   PAD
    0x08003288   0x08003288   0x00000400   Code   RO         2167    .text.HAL_FDCAN_Init  stm32h7xx_hal_fdcan.o
    0x08003688   0x08003688   0x000000f4   Code   RO          544    .text.HAL_FDCAN_MspDeInit  fdcan.o
    0x0800377c   0x0800377c   0x00000004   PAD
    0x08003780   0x08003780   0x000001c4   Code   RO          542    .text.HAL_FDCAN_MspInit  fdcan.o
    0x08003944   0x08003944   0x00000004   PAD
    0x08003948   0x08003948   0x00000002   Code   RO         2341    .text.HAL_FDCAN_RxBufferNewMessageCallback  stm32h7xx_hal_fdcan.o
    0x0800394a   0x0800394a   0x00000006   PAD
    0x08003950   0x08003950   0x00000012   Code   RO          401    .text.HAL_FDCAN_RxFifo0Callback  bsp_fdcan.o
    0x08003962   0x08003962   0x00000006   PAD
    0x08003968   0x08003968   0x000000a4   Code   RO          403    .text.HAL_FDCAN_RxFifo1Callback  bsp_fdcan.o
    0x08003a0c   0x08003a0c   0x00000004   PAD
    0x08003a10   0x08003a10   0x00000034   Code   RO         2235    .text.HAL_FDCAN_Start  stm32h7xx_hal_fdcan.o
    0x08003a44   0x08003a44   0x00000004   PAD
    0x08003a48   0x08003a48   0x00000382   Code   RO         2173    .text.HAL_FDCAN_Stop  stm32h7xx_hal_fdcan.o
    0x08003dca   0x08003dca   0x00000006   PAD
    0x08003dd0   0x08003dd0   0x00000002   Code   RO         2355    .text.HAL_FDCAN_TT_GlobalTimeCallback  stm32h7xx_hal_fdcan.o
    0x08003dd2   0x08003dd2   0x00000006   PAD
    0x08003dd8   0x08003dd8   0x00000002   Code   RO         2349    .text.HAL_FDCAN_TT_ScheduleSyncCallback  stm32h7xx_hal_fdcan.o
    0x08003dda   0x08003dda   0x00000006   PAD
    0x08003de0   0x08003de0   0x00000002   Code   RO         2353    .text.HAL_FDCAN_TT_StopWatchCallback  stm32h7xx_hal_fdcan.o
    0x08003de2   0x08003de2   0x00000006   PAD
    0x08003de8   0x08003de8   0x00000002   Code   RO         2351    .text.HAL_FDCAN_TT_TimeMarkCallback  stm32h7xx_hal_fdcan.o
    0x08003dea   0x08003dea   0x00000006   PAD
    0x08003df0   0x08003df0   0x00000002   Code   RO         2345    .text.HAL_FDCAN_TimeoutOccurredCallback  stm32h7xx_hal_fdcan.o
    0x08003df2   0x08003df2   0x00000006   PAD
    0x08003df8   0x08003df8   0x00000002   Code   RO         2343    .text.HAL_FDCAN_TimestampWraparoundCallback  stm32h7xx_hal_fdcan.o
    0x08003dfa   0x08003dfa   0x00000006   PAD
    0x08003e00   0x08003e00   0x00000002   Code   RO         2327    .text.HAL_FDCAN_TxBufferAbortCallback  stm32h7xx_hal_fdcan.o
    0x08003e02   0x08003e02   0x00000006   PAD
    0x08003e08   0x08003e08   0x00000002   Code   RO         2339    .text.HAL_FDCAN_TxBufferCompleteCallback  stm32h7xx_hal_fdcan.o
    0x08003e0a   0x08003e0a   0x00000006   PAD
    0x08003e10   0x08003e10   0x00000002   Code   RO         2331    .text.HAL_FDCAN_TxEventFifoCallback  stm32h7xx_hal_fdcan.o
    0x08003e12   0x08003e12   0x00000006   PAD
    0x08003e18   0x08003e18   0x00000002   Code   RO         2337    .text.HAL_FDCAN_TxFifoEmptyCallback  stm32h7xx_hal_fdcan.o
    0x08003e1a   0x08003e1a   0x00000006   PAD
    0x08003e20   0x08003e20   0x00000110   Code   RO         1511    .text.HAL_GPIO_DeInit  stm32h7xx_hal_gpio.o
    0x08003f30   0x08003f30   0x000001a2   Code   RO         1509    .text.HAL_GPIO_Init  stm32h7xx_hal_gpio.o
    0x080040d2   0x080040d2   0x00000006   PAD
    0x080040d8   0x080040d8   0x0000000a   Code   RO         1515    .text.HAL_GPIO_WritePin  stm32h7xx_hal_gpio.o
    0x080040e2   0x080040e2   0x00000006   PAD
    0x080040e8   0x080040e8   0x0000000c   Code   RO         1861    .text.HAL_GetTick   stm32h7xx_hal.o
    0x080040f4   0x080040f4   0x00000004   PAD
    0x080040f8   0x080040f8   0x0000001a   Code   RO         1859    .text.HAL_IncTick   stm32h7xx_hal.o
    0x08004112   0x08004112   0x00000006   PAD
    0x08004118   0x08004118   0x00000064   Code   RO         1849    .text.HAL_Init      stm32h7xx_hal.o
    0x0800417c   0x0800417c   0x00000004   PAD
    0x08004180   0x08004180   0x000000a4   Code   RO          647    .text.HAL_InitTick  stm32h7xx_hal_timebase_tim.o
    0x08004224   0x08004224   0x00000004   PAD
    0x08004228   0x08004228   0x0000005e   Code   RO         1819    .text.HAL_MPU_ConfigRegion  stm32h7xx_hal_cortex.o
    0x08004286   0x08004286   0x00000002   PAD
    0x08004288   0x08004288   0x0000001a   Code   RO         1811    .text.HAL_MPU_Disable  stm32h7xx_hal_cortex.o
    0x080042a2   0x080042a2   0x00000006   PAD
    0x080042a8   0x080042a8   0x00000020   Code   RO         1813    .text.HAL_MPU_Enable  stm32h7xx_hal_cortex.o
    0x080042c8   0x080042c8   0x0000002a   Code   RO          638    .text.HAL_MspInit   stm32h7xx_hal_msp.o
    0x080042f2   0x080042f2   0x00000006   PAD
    0x080042f8   0x080042f8   0x0000002a   Code   RO         1803    .text.HAL_NVIC_DisableIRQ  stm32h7xx_hal_cortex.o
    0x08004322   0x08004322   0x00000006   PAD
    0x08004328   0x08004328   0x00000022   Code   RO         1801    .text.HAL_NVIC_EnableIRQ  stm32h7xx_hal_cortex.o
    0x0800434a   0x0800434a   0x00000006   PAD
    0x08004350   0x08004350   0x0000005a   Code   RO         1799    .text.HAL_NVIC_SetPriority  stm32h7xx_hal_cortex.o
    0x080043aa   0x080043aa   0x00000006   PAD
    0x080043b0   0x080043b0   0x00000020   Code   RO         1797    .text.HAL_NVIC_SetPriorityGrouping  stm32h7xx_hal_cortex.o
    0x080043d0   0x080043d0   0x00000026   Code   RO         1222    .text.HAL_PCDEx_ActivateLPM  stm32h7xx_hal_pcd_ex.o
    0x080043f6   0x080043f6   0x00000002   PAD
    0x080043f8   0x080043f8   0x00000002   Code   RO         1234    .text.HAL_PCDEx_LPM_Callback  stm32h7xx_hal_pcd_ex.o
    0x080043fa   0x080043fa   0x00000006   PAD
    0x08004400   0x08004400   0x00000008   Code   RO         1220    .text.HAL_PCDEx_SetRxFiFo  stm32h7xx_hal_pcd_ex.o
    0x08004408   0x08004408   0x000000da   Code   RO         1218    .text.HAL_PCDEx_SetTxFiFo  stm32h7xx_hal_pcd_ex.o
    0x080044e2   0x080044e2   0x00000006   PAD
    0x080044e8   0x080044e8   0x00000008   Code   RO          761    .text.HAL_PCD_ConnectCallback  usbd_conf.o
    0x080044f0   0x080044f0   0x00000012   Code   RO          747    .text.HAL_PCD_DataInStageCallback  usbd_conf.o
    0x08004502   0x08004502   0x00000006   PAD
    0x08004508   0x08004508   0x00000014   Code   RO          745    .text.HAL_PCD_DataOutStageCallback  usbd_conf.o
    0x0800451c   0x0800451c   0x00000004   PAD
    0x08004520   0x08004520   0x00000008   Code   RO          763    .text.HAL_PCD_DisconnectCallback  usbd_conf.o
    0x08004528   0x08004528   0x00000056   Code   RO         1188    .text.HAL_PCD_EP_Close  stm32h7xx_hal_pcd.o
    0x0800457e   0x0800457e   0x00000002   PAD
    0x08004580   0x08004580   0x00000068   Code   RO         1198    .text.HAL_PCD_EP_ClrStall  stm32h7xx_hal_pcd.o
    0x080045e8   0x080045e8   0x00000012   Code   RO         1192    .text.HAL_PCD_EP_GetRxCount  stm32h7xx_hal_pcd.o
    0x080045fa   0x080045fa   0x00000006   PAD
    0x08004600   0x08004600   0x0000006c   Code   RO         1186    .text.HAL_PCD_EP_Open  stm32h7xx_hal_pcd.o
    0x0800466c   0x0800466c   0x00000004   PAD
    0x08004670   0x08004670   0x0000003a   Code   RO         1190    .text.HAL_PCD_EP_Receive  stm32h7xx_hal_pcd.o
    0x080046aa   0x080046aa   0x00000006   PAD
    0x080046b0   0x080046b0   0x0000007c   Code   RO         1196    .text.HAL_PCD_EP_SetStall  stm32h7xx_hal_pcd.o
    0x0800472c   0x0800472c   0x00000004   PAD
    0x08004730   0x08004730   0x0000003e   Code   RO         1194    .text.HAL_PCD_EP_Transmit  stm32h7xx_hal_pcd.o
    0x0800476e   0x0800476e   0x00000002   PAD
    0x08004770   0x08004770   0x000009b8   Code   RO         1154    .text.HAL_PCD_IRQHandler  stm32h7xx_hal_pcd.o
    0x08005128   0x08005128   0x00000008   Code   RO          759    .text.HAL_PCD_ISOINIncompleteCallback  usbd_conf.o
    0x08005130   0x08005130   0x00000008   Code   RO          757    .text.HAL_PCD_ISOOUTIncompleteCallback  usbd_conf.o
    0x08005138   0x08005138   0x00000282   Code   RO         1142    .text.HAL_PCD_Init  stm32h7xx_hal_pcd.o
    0x080053ba   0x080053ba   0x00000006   PAD
    0x080053c0   0x080053c0   0x0000008c   Code   RO          739    .text.HAL_PCD_MspInit  usbd_conf.o
    0x0800544c   0x0800544c   0x00000004   PAD
    0x08005450   0x08005450   0x0000002a   Code   RO          751    .text.HAL_PCD_ResetCallback  usbd_conf.o
    0x0800547a   0x0800547a   0x00000006   PAD
    0x08005480   0x08005480   0x00000008   Code   RO          755    .text.HAL_PCD_ResumeCallback  usbd_conf.o
    0x08005488   0x08005488   0x00000008   Code   RO          749    .text.HAL_PCD_SOFCallback  usbd_conf.o
    0x08005490   0x08005490   0x00000026   Code   RO         1184    .text.HAL_PCD_SetAddress  stm32h7xx_hal_pcd.o
    0x080054b6   0x080054b6   0x00000002   PAD
    0x080054b8   0x080054b8   0x0000000e   Code   RO          743    .text.HAL_PCD_SetupStageCallback  usbd_conf.o
    0x080054c6   0x080054c6   0x00000002   PAD
    0x080054c8   0x080054c8   0x0000003e   Code   RO         1150    .text.HAL_PCD_Start  stm32h7xx_hal_pcd.o
    0x08005506   0x08005506   0x00000002   PAD
    0x08005508   0x08005508   0x00000034   Code   RO          753    .text.HAL_PCD_SuspendCallback  usbd_conf.o
    0x0800553c   0x0800553c   0x00000004   PAD
    0x08005540   0x08005540   0x0000004c   Code   RO         1713    .text.HAL_PWREx_ConfigSupply  stm32h7xx_hal_pwr_ex.o
    0x0800558c   0x0800558c   0x00000004   PAD
    0x08005590   0x08005590   0x00000012   Code   RO         1763    .text.HAL_PWREx_EnableUSBVoltageDetector  stm32h7xx_hal_pwr_ex.o
    0x080055a2   0x080055a2   0x00000006   PAD
    0x080055a8   0x080055a8   0x00000026   Code   RO         1400    .text.HAL_RCCEx_GetD3PCLK1Freq  stm32h7xx_hal_rcc_ex.o
    0x080055ce   0x080055ce   0x00000002   PAD
    0x080055d0   0x080055d0   0x0000012c   Code   RO         1396    .text.HAL_RCCEx_GetPLL2ClockFreq  stm32h7xx_hal_rcc_ex.o
    0x080056fc   0x080056fc   0x00000004   PAD
    0x08005700   0x08005700   0x0000012c   Code   RO         1398    .text.HAL_RCCEx_GetPLL3ClockFreq  stm32h7xx_hal_rcc_ex.o
    0x0800582c   0x0800582c   0x00000004   PAD
    0x08005830   0x08005830   0x00000aa8   Code   RO         1384    .text.HAL_RCCEx_PeriphCLKConfig  stm32h7xx_hal_rcc_ex.o
    0x080062d8   0x080062d8   0x00000268   Code   RO         1352    .text.HAL_RCC_ClockConfig  stm32h7xx_hal_rcc.o
    0x08006540   0x08006540   0x00000058   Code   RO         1370    .text.HAL_RCC_GetClockConfig  stm32h7xx_hal_rcc.o
    0x08006598   0x08006598   0x0000004c   Code   RO         1362    .text.HAL_RCC_GetHCLKFreq  stm32h7xx_hal_rcc.o
    0x080065e4   0x080065e4   0x00000004   PAD
    0x080065e8   0x080065e8   0x00000060   Code   RO         1364    .text.HAL_RCC_GetPCLK1Freq  stm32h7xx_hal_rcc.o
    0x08006648   0x08006648   0x00000060   Code   RO         1366    .text.HAL_RCC_GetPCLK2Freq  stm32h7xx_hal_rcc.o
    0x080066a8   0x080066a8   0x00000118   Code   RO         1354    .text.HAL_RCC_GetSysClockFreq  stm32h7xx_hal_rcc.o
    0x080067c0   0x080067c0   0x0000052c   Code   RO         1350    .text.HAL_RCC_OscConfig  stm32h7xx_hal_rcc.o
    0x08006cec   0x08006cec   0x00000004   PAD
    0x08006cf0   0x08006cf0   0x00000002   Code   RO         1128    .text.HAL_TIMEx_Break2Callback  stm32h7xx_hal_tim_ex.o
    0x08006cf2   0x08006cf2   0x00000006   PAD
    0x08006cf8   0x08006cf8   0x00000002   Code   RO         1126    .text.HAL_TIMEx_BreakCallback  stm32h7xx_hal_tim_ex.o
    0x08006cfa   0x08006cfa   0x00000006   PAD
    0x08006d00   0x08006d00   0x00000002   Code   RO         1122    .text.HAL_TIMEx_CommutCallback  stm32h7xx_hal_tim_ex.o
    0x08006d02   0x08006d02   0x00000006   PAD
    0x08006d08   0x08006d08   0x000000de   Code   RO         1106    .text.HAL_TIMEx_MasterConfigSynchronization  stm32h7xx_hal_tim_ex.o
    0x08006de6   0x08006de6   0x00000002   PAD
    0x08006de8   0x08006de8   0x00000060   Code   RO          811    .text.HAL_TIM_Base_Init  stm32h7xx_hal_tim.o
    0x08006e48   0x08006e48   0x00000074   Code   RO          563    .text.HAL_TIM_Base_MspInit  tim.o
    0x08006ebc   0x08006ebc   0x00000004   PAD
    0x08006ec0   0x08006ec0   0x000000dc   Code   RO          825    .text.HAL_TIM_Base_Start_IT  stm32h7xx_hal_tim.o
    0x08006f9c   0x08006f9c   0x00000004   PAD
    0x08006fa0   0x08006fa0   0x00000200   Code   RO          991    .text.HAL_TIM_ConfigClockSource  stm32h7xx_hal_tim.o
    0x080071a0   0x080071a0   0x00000002   Code   RO          947    .text.HAL_TIM_IC_CaptureCallback  stm32h7xx_hal_tim.o
    0x080071a2   0x080071a2   0x00000006   PAD
    0x080071a8   0x080071a8   0x0000016c   Code   RO          945    .text.HAL_TIM_IRQHandler  stm32h7xx_hal_tim.o
    0x08007314   0x08007314   0x00000004   PAD
    0x08007318   0x08007318   0x00000002   Code   RO          949    .text.HAL_TIM_OC_DelayElapsedCallback  stm32h7xx_hal_tim.o
    0x0800731a   0x0800731a   0x00000006   PAD
    0x08007320   0x08007320   0x00000002   Code   RO          951    .text.HAL_TIM_PWM_PulseFinishedCallback  stm32h7xx_hal_tim.o
    0x08007322   0x08007322   0x00000006   PAD
    0x08007328   0x08007328   0x000000e4   Code   RO          487    .text.HAL_TIM_PeriodElapsedCallback  main.o
    0x0800740c   0x0800740c   0x00000004   PAD
    0x08007410   0x08007410   0x00000002   Code   RO          955    .text.HAL_TIM_TriggerCallback  stm32h7xx_hal_tim.o
    0x08007412   0x08007412   0x00000006   PAD
    0x08007418   0x08007418   0x00000036   Code   RO         2536    .text.HAL_UARTEx_DisableFifoMode  stm32h7xx_hal_uart_ex.o
    0x0800744e   0x0800744e   0x00000002   PAD
    0x08007450   0x08007450   0x00000002   Code   RO         2463    .text.HAL_UARTEx_RxEventCallback  stm32h7xx_hal_uart.o
    0x08007452   0x08007452   0x00000006   PAD
    0x08007458   0x08007458   0x00000002   Code   RO         2522    .text.HAL_UARTEx_RxFifoFullCallback  stm32h7xx_hal_uart_ex.o
    0x0800745a   0x0800745a   0x00000006   PAD
    0x08007460   0x08007460   0x00000090   Code   RO         2540    .text.HAL_UARTEx_SetRxFifoThreshold  stm32h7xx_hal_uart_ex.o
    0x080074f0   0x080074f0   0x00000090   Code   RO         2538    .text.HAL_UARTEx_SetTxFifoThreshold  stm32h7xx_hal_uart_ex.o
    0x08007580   0x08007580   0x00000002   Code   RO         2524    .text.HAL_UARTEx_TxFifoEmptyCallback  stm32h7xx_hal_uart_ex.o
    0x08007582   0x08007582   0x00000006   PAD
    0x08007588   0x08007588   0x00000002   Code   RO         2520    .text.HAL_UARTEx_WakeupCallback  stm32h7xx_hal_uart_ex.o
    0x0800758a   0x0800758a   0x00000006   PAD
    0x08007590   0x08007590   0x00000052   Code   RO          435    .text.HAL_UART_ErrorCallback  bsp_uart.o
    0x080075e2   0x080075e2   0x00000006   PAD
    0x080075e8   0x080075e8   0x00000772   Code   RO         2457    .text.HAL_UART_IRQHandler  stm32h7xx_hal_uart.o
    0x08007d5a   0x08007d5a   0x00000006   PAD
    0x08007d60   0x08007d60   0x00000064   Code   RO         2373    .text.HAL_UART_Init  stm32h7xx_hal_uart.o
    0x08007dc4   0x08007dc4   0x00000004   PAD
    0x08007dc8   0x08007dc8   0x00000114   Code   RO          581    .text.HAL_UART_MspInit  usart.o
    0x08007edc   0x08007edc   0x00000004   PAD
    0x08007ee0   0x08007ee0   0x000000ac   Code   RO         2409    .text.HAL_UART_Receive_IT  stm32h7xx_hal_uart.o
    0x08007f8c   0x08007f8c   0x00000004   PAD
    0x08007f90   0x08007f90   0x0000006e   Code   RO          433    .text.HAL_UART_RxCpltCallback  bsp_uart.o
    0x08007ffe   0x08007ffe   0x00000002   PAD
    0x08008000   0x08008000   0x0000012a   Code   RO         2399    .text.HAL_UART_Transmit_IT  stm32h7xx_hal_uart.o
    0x0800812a   0x0800812a   0x00000006   PAD
    0x08008130   0x08008130   0x00000014   Code   RO          437    .text.HAL_UART_TxCpltCallback  bsp_uart.o
    0x08008144   0x08008144   0x00000004   PAD
    0x08008148   0x08008148   0x00000002   Code   RO          597    .text.HardFault_Handler  stm32h7xx_it.o
    0x0800814a   0x0800814a   0x00000006   PAD
    0x08008150   0x08008150   0x00000004   Code   RO          180    .text.IMU_DelayMs   imu.o
    0x08008154   0x08008154   0x00000004   PAD
    0x08008158   0x08008158   0x00000060   Code   RO          174    .text.IMU_Init      imu.o
    0x080081b8   0x080081b8   0x000000d8   Code   RO          178    .text.IMU_RegUpdateCallback  imu.o
    0x08008290   0x08008290   0x00000014   Code   RO          176    .text.IMU_SerialWrite  imu.o
    0x080082a4   0x080082a4   0x00000004   PAD
    0x080082a8   0x080082a8   0x00000012   Code   RO           28    .text.INS_Task      ins_task.o
    0x080082ba   0x080082ba   0x00000006   PAD
    0x080082c0   0x080082c0   0x00000518   Code   RO          272    .text.InverseKinematics_Continuous  leg.o
    0x080087d8   0x080087d8   0x00000268   Code   RO          413    .text.MCU_Init      bsp_mcu.o
    0x08008a40   0x08008a40   0x00000074   Code   RO          536    .text.MX_FDCAN1_Init  fdcan.o
    0x08008ab4   0x08008ab4   0x00000004   PAD
    0x08008ab8   0x08008ab8   0x00000072   Code   RO          538    .text.MX_FDCAN2_Init  fdcan.o
    0x08008b2a   0x08008b2a   0x00000006   PAD
    0x08008b30   0x08008b30   0x00000072   Code   RO          540    .text.MX_FDCAN3_Init  fdcan.o
    0x08008ba2   0x08008ba2   0x00000006   PAD
    0x08008ba8   0x08008ba8   0x000000dc   Code   RO          510    .text.MX_FREERTOS_Init  freertos.o
    0x08008c84   0x08008c84   0x00000004   PAD
    0x08008c88   0x08008c88   0x000000aa   Code   RO          498    .text.MX_GPIO_Init  gpio.o
    0x08008d32   0x08008d32   0x00000006   PAD
    0x08008d38   0x08008d38   0x00000072   Code   RO          559    .text.MX_TIM3_Init  tim.o
    0x08008daa   0x08008daa   0x00000006   PAD
    0x08008db0   0x08008db0   0x00000074   Code   RO          561    .text.MX_TIM4_Init  tim.o
    0x08008e24   0x08008e24   0x00000004   PAD
    0x08008e28   0x08008e28   0x0000007c   Code   RO          577    .text.MX_UART7_Init  usart.o
    0x08008ea4   0x08008ea4   0x00000004   PAD
    0x08008ea8   0x08008ea8   0x0000007c   Code   RO          579    .text.MX_USART10_UART_Init  usart.o
    0x08008f24   0x08008f24   0x00000004   PAD
    0x08008f28   0x08008f28   0x0000006c   Code   RO          662    .text.MX_USB_DEVICE_Init  usb_device.o
    0x08008f94   0x08008f94   0x00000004   PAD
    0x08008f98   0x08008f98   0x000000c0   Code   RO          294    .text.Mecanum_Calc  mecanum_classic.o
    0x08009058   0x08009058   0x00000002   Code   RO          599    .text.MemManage_Handler  stm32h7xx_it.o
    0x0800905a   0x0800905a   0x00000006   PAD
    0x08009060   0x08009060   0x00000002   Code   RO          595    .text.NMI_Handler   stm32h7xx_it.o
    0x08009062   0x08009062   0x00000006   PAD
    0x08009068   0x08009068   0x0000000c   Code   RO          621    .text.OTG_HS_IRQHandler  stm32h7xx_it.o
    0x08009074   0x08009074   0x00000004   PAD
    0x08009078   0x08009078   0x00000148   Code   RO           39    .text.PID_calc      pid.o
    0x080091c0   0x080091c0   0x000002e4   Code   RO           51    .text.PID_devices_Init  pid_user.o
    0x080094a4   0x080094a4   0x00000004   PAD
    0x080094a8   0x080094a8   0x00000032   Code   RO           37    .text.PID_init      pid.o
    0x080094da   0x080094da   0x00000006   PAD
    0x080094e0   0x080094e0   0x00000044   Code   RO           53    .text.PID_velocity_realize_2  pid_user.o
    0x08009524   0x08009524   0x0000000c   PAD
    0x08009530   0x08009530   0x00000064   Code   RO         2981    .text.PendSV_Handler  port.o
    0x08009594   0x08009594   0x00000004   PAD
    0x08009598   0x08009598   0x00000122   Code   RO         1386    .text.RCCEx_PLL2_Config  stm32h7xx_hal_rcc_ex.o
    0x080096ba   0x080096ba   0x00000006   PAD
    0x080096c0   0x080096c0   0x00000122   Code   RO         1388    .text.RCCEx_PLL3_Config  stm32h7xx_hal_rcc_ex.o
    0x080097e2   0x080097e2   0x00000006   PAD
    0x080097e8   0x080097e8   0x0000036c   Code   RO          459    .text.Receive       bsp_usb.o
    0x08009b54   0x08009b54   0x0000000c   PAD
    0x08009b60   0x08009b60   0x00000024   Code   RO         2965    .text.SVC_Handler   port.o
    0x08009b84   0x08009b84   0x00000004   PAD
    0x08009b88   0x08009b88   0x000001ac   Code   RO          455    .text.Send_Cmd_Data  bsp_usb.o
    0x08009d34   0x08009d34   0x00000004   PAD
    0x08009d38   0x08009d38   0x0000002e   Code   RO         2983    .text.SysTick_Handler  port.o
    0x08009d66   0x08009d66   0x00000002   PAD
    0x08009d68   0x08009d68   0x000000d0   Code   RO          483    .text.SystemClock_Config  main.o
    0x08009e38   0x08009e38   0x000000d2   Code   RO         2559    .text.SystemInit    system_stm32h7xx.o
    0x08009f0a   0x08009f0a   0x00000006   PAD
    0x08009f10   0x08009f10   0x0000000c   Code   RO          615    .text.TIM2_IRQHandler  stm32h7xx_it.o
    0x08009f1c   0x08009f1c   0x00000004   PAD
    0x08009f20   0x08009f20   0x0000000c   Code   RO          617    .text.TIM3_IRQHandler  stm32h7xx_it.o
    0x08009f2c   0x08009f2c   0x00000004   PAD
    0x08009f30   0x08009f30   0x0000000c   Code   RO          619    .text.TIM4_IRQHandler  stm32h7xx_it.o
    0x08009f3c   0x08009f3c   0x00000004   PAD
    0x08009f40   0x08009f40   0x00000178   Code   RO          815    .text.TIM_Base_SetConfig  stm32h7xx_hal_tim.o
    0x0800a0b8   0x0800a0b8   0x000000be   Code   RO          256    .text.UART10_Receive  crc.o
    0x0800a176   0x0800a176   0x00000002   PAD
    0x0800a178   0x0800a178   0x0000000c   Code   RO          623    .text.UART7_IRQHandler  stm32h7xx_it.o
    0x0800a184   0x0800a184   0x00000004   PAD
    0x0800a188   0x0800a188   0x000000e0   Code   RO         2377    .text.UART_AdvFeatureConfig  stm32h7xx_hal_uart.o
    0x0800a268   0x0800a268   0x00000176   Code   RO         2381    .text.UART_CheckIdleState  stm32h7xx_hal_uart.o
    0x0800a3de   0x0800a3de   0x00000002   PAD
    0x0800a3e0   0x0800a3e0   0x0000000c   Code   RO         2459    .text.UART_DMAAbortOnError  stm32h7xx_hal_uart.o
    0x0800a3ec   0x0800a3ec   0x00000004   PAD
    0x0800a3f0   0x0800a3f0   0x000001c4   Code   RO         2499    .text.UART_RxISR_16BIT  stm32h7xx_hal_uart.o
    0x0800a5b4   0x0800a5b4   0x00000004   PAD
    0x0800a5b8   0x0800a5b8   0x0000033a   Code   RO         2495    .text.UART_RxISR_16BIT_FIFOEN  stm32h7xx_hal_uart.o
    0x0800a8f2   0x0800a8f2   0x00000006   PAD
    0x0800a8f8   0x0800a8f8   0x000001c8   Code   RO         2501    .text.UART_RxISR_8BIT  stm32h7xx_hal_uart.o
    0x0800aac0   0x0800aac0   0x0000033e   Code   RO         2497    .text.UART_RxISR_8BIT_FIFOEN  stm32h7xx_hal_uart.o
    0x0800adfe   0x0800adfe   0x00000002   PAD
    0x0800ae00   0x0800ae00   0x0000049c   Code   RO         2379    .text.UART_SetConfig  stm32h7xx_hal_uart.o
    0x0800b29c   0x0800b29c   0x00000004   PAD
    0x0800b2a0   0x0800b2a0   0x00000274   Code   RO         2411    .text.UART_Start_Receive_IT  stm32h7xx_hal_uart.o
    0x0800b514   0x0800b514   0x00000004   PAD
    0x0800b518   0x0800b518   0x000000d0   Code   RO         2405    .text.UART_TxISR_16BIT  stm32h7xx_hal_uart.o
    0x0800b5e8   0x0800b5e8   0x000000ec   Code   RO         2401    .text.UART_TxISR_16BIT_FIFOEN  stm32h7xx_hal_uart.o
    0x0800b6d4   0x0800b6d4   0x00000004   PAD
    0x0800b6d8   0x0800b6d8   0x000000cc   Code   RO         2407    .text.UART_TxISR_8BIT  stm32h7xx_hal_uart.o
    0x0800b7a4   0x0800b7a4   0x00000004   PAD
    0x0800b7a8   0x0800b7a8   0x000000e8   Code   RO         2403    .text.UART_TxISR_8BIT_FIFOEN  stm32h7xx_hal_uart.o
    0x0800b890   0x0800b890   0x00000358   Code   RO         2395    .text.UART_WaitOnFlagUntilTimeout  stm32h7xx_hal_uart.o
    0x0800bbe8   0x0800bbe8   0x0000000c   Code   RO          625    .text.USART10_IRQHandler  stm32h7xx_it.o
    0x0800bbf4   0x0800bbf4   0x00000004   PAD
    0x0800bbf8   0x0800bbf8   0x00000072   Code   RO         3104    .text.USBD_CDC_DataIn  usbd_cdc.o
    0x0800bc6a   0x0800bc6a   0x00000006   PAD
    0x0800bc70   0x0800bc70   0x0000003c   Code   RO         3106    .text.USBD_CDC_DataOut  usbd_cdc.o
    0x0800bcac   0x0800bcac   0x00000004   PAD
    0x0800bcb0   0x0800bcb0   0x0000005a   Code   RO         3098    .text.USBD_CDC_DeInit  usbd_cdc.o
    0x0800bd0a   0x0800bd0a   0x00000006   PAD
    0x0800bd10   0x0800bd10   0x00000038   Code   RO         3102    .text.USBD_CDC_EP0_RxReady  usbd_cdc.o
    0x0800bd48   0x0800bd48   0x00000010   Code   RO         3114    .text.USBD_CDC_GetDeviceQualifierDescriptor  usbd_cdc.o
    0x0800bd58   0x0800bd58   0x00000052   Code   RO         3110    .text.USBD_CDC_GetFSCfgDesc  usbd_cdc.o
    0x0800bdaa   0x0800bdaa   0x00000006   PAD
    0x0800bdb0   0x0800bdb0   0x00000056   Code   RO         3108    .text.USBD_CDC_GetHSCfgDesc  usbd_cdc.o
    0x0800be06   0x0800be06   0x00000002   PAD
    0x0800be08   0x0800be08   0x00000052   Code   RO         3112    .text.USBD_CDC_GetOtherSpeedCfgDesc  usbd_cdc.o
    0x0800be5a   0x0800be5a   0x00000006   PAD
    0x0800be60   0x0800be60   0x000000ce   Code   RO         3096    .text.USBD_CDC_Init  usbd_cdc.o
    0x0800bf2e   0x0800bf2e   0x00000002   PAD
    0x0800bf30   0x0800bf30   0x00000030   Code   RO         3124    .text.USBD_CDC_ReceivePacket  usbd_cdc.o
    0x0800bf60   0x0800bf60   0x00000018   Code   RO         3116    .text.USBD_CDC_RegisterInterface  usbd_cdc.o
    0x0800bf78   0x0800bf78   0x0000001c   Code   RO         3120    .text.USBD_CDC_SetRxBuffer  usbd_cdc.o
    0x0800bf94   0x0800bf94   0x00000004   PAD
    0x0800bf98   0x0800bf98   0x00000020   Code   RO         3118    .text.USBD_CDC_SetTxBuffer  usbd_cdc.o
    0x0800bfb8   0x0800bfb8   0x000000f0   Code   RO         3100    .text.USBD_CDC_Setup  usbd_cdc.o
    0x0800c0a8   0x0800c0a8   0x00000044   Code   RO         3122    .text.USBD_CDC_TransmitPacket  usbd_cdc.o
    0x0800c0ec   0x0800c0ec   0x00000004   PAD
    0x0800c0f0   0x0800c0f0   0x00000012   Code   RO         3011    .text.USBD_ClrClassConfig  usbd_core.o
    0x0800c102   0x0800c102   0x00000006   PAD
    0x0800c108   0x0800c108   0x00000004   Code   RO         3019    .text.USBD_CoreFindEP  usbd_core.o
    0x0800c10c   0x0800c10c   0x00000004   PAD
    0x0800c110   0x0800c110   0x00000004   Code   RO         3017    .text.USBD_CoreFindIF  usbd_core.o
    0x0800c114   0x0800c114   0x00000004   PAD
    0x0800c118   0x0800c118   0x00000010   Code   RO         3080    .text.USBD_CtlContinueRx  usbd_ioreq.o
    0x0800c128   0x0800c128   0x00000010   Code   RO         3076    .text.USBD_CtlContinueSendData  usbd_ioreq.o
    0x0800c138   0x0800c138   0x00000016   Code   RO         3055    .text.USBD_CtlError  usbd_ctlreq.o
    0x0800c14e   0x0800c14e   0x00000002   PAD
    0x0800c150   0x0800c150   0x0000001e   Code   RO         3078    .text.USBD_CtlPrepareRx  usbd_ioreq.o
    0x0800c16e   0x0800c16e   0x00000002   PAD
    0x0800c170   0x0800c170   0x00000016   Code   RO         3084    .text.USBD_CtlReceiveStatus  usbd_ioreq.o
    0x0800c186   0x0800c186   0x00000002   PAD
    0x0800c188   0x0800c188   0x0000001a   Code   RO         3074    .text.USBD_CtlSendData  usbd_ioreq.o
    0x0800c1a2   0x0800c1a2   0x00000006   PAD
    0x0800c1a8   0x0800c1a8   0x00000016   Code   RO         3082    .text.USBD_CtlSendStatus  usbd_ioreq.o
    0x0800c1be   0x0800c1be   0x00000002   PAD
    0x0800c1c0   0x0800c1c0   0x00000084   Code   RO         3041    .text.USBD_GetEpDesc  usbd_core.o
    0x0800c244   0x0800c244   0x00000004   PAD
    0x0800c248   0x0800c248   0x000000fc   Code   RO         3063    .text.USBD_GetString  usbd_ctlreq.o
    0x0800c344   0x0800c344   0x00000004   PAD
    0x0800c348   0x0800c348   0x00000024   Code   RO          681    .text.USBD_HS_ConfigStrDescriptor  usbd_desc.o
    0x0800c36c   0x0800c36c   0x00000004   PAD
    0x0800c370   0x0800c370   0x0000000e   Code   RO          671    .text.USBD_HS_DeviceDescriptor  usbd_desc.o
    0x0800c37e   0x0800c37e   0x00000002   PAD
    0x0800c380   0x0800c380   0x00000028   Code   RO          683    .text.USBD_HS_InterfaceStrDescriptor  usbd_desc.o
    0x0800c3a8   0x0800c3a8   0x0000000e   Code   RO          673    .text.USBD_HS_LangIDStrDescriptor  usbd_desc.o
    0x0800c3b6   0x0800c3b6   0x00000002   PAD
    0x0800c3b8   0x0800c3b8   0x0000002c   Code   RO          675    .text.USBD_HS_ManufacturerStrDescriptor  usbd_desc.o
    0x0800c3e4   0x0800c3e4   0x00000004   PAD
    0x0800c3e8   0x0800c3e8   0x00000030   Code   RO          677    .text.USBD_HS_ProductStrDescriptor  usbd_desc.o
    0x0800c418   0x0800c418   0x0000016e   Code   RO          679    .text.USBD_HS_SerialStrDescriptor  usbd_desc.o
    0x0800c586   0x0800c586   0x00000002   PAD
    0x0800c588   0x0800c588   0x00000028   Code   RO         2997    .text.USBD_Init     usbd_core.o
    0x0800c5b0   0x0800c5b0   0x00000022   Code   RO          783    .text.USBD_LL_ClearStallEP  usbd_conf.o
    0x0800c5d2   0x0800c5d2   0x00000006   PAD
    0x0800c5d8   0x0800c5d8   0x00000022   Code   RO          777    .text.USBD_LL_CloseEP  usbd_conf.o
    0x0800c5fa   0x0800c5fa   0x00000006   PAD
    0x0800c600   0x0800c600   0x000000ba   Code   RO         3021    .text.USBD_LL_DataInStage  usbd_core.o
    0x0800c6ba   0x0800c6ba   0x00000006   PAD
    0x0800c6c0   0x0800c6c0   0x00000078   Code   RO         3015    .text.USBD_LL_DataOutStage  usbd_core.o
    0x0800c738   0x0800c738   0x00000004   Code   RO         3037    .text.USBD_LL_DevConnected  usbd_core.o
    0x0800c73c   0x0800c73c   0x00000004   PAD
    0x0800c740   0x0800c740   0x00000020   Code   RO         3039    .text.USBD_LL_DevDisconnected  usbd_core.o
    0x0800c760   0x0800c760   0x00000008   Code   RO          793    .text.USBD_LL_GetRxDataSize  usbd_conf.o
    0x0800c768   0x0800c768   0x00000072   Code   RO          765    .text.USBD_LL_Init  usbd_conf.o
    0x0800c7da   0x0800c7da   0x00000006   PAD
    0x0800c7e0   0x0800c7e0   0x00000022   Code   RO          785    .text.USBD_LL_IsStallEP  usbd_conf.o
    0x0800c802   0x0800c802   0x00000006   PAD
    0x0800c808   0x0800c808   0x0000002c   Code   RO         3033    .text.USBD_LL_IsoINIncomplete  usbd_core.o
    0x0800c834   0x0800c834   0x00000004   PAD
    0x0800c838   0x0800c838   0x0000002c   Code   RO         3035    .text.USBD_LL_IsoOUTIncomplete  usbd_core.o
    0x0800c864   0x0800c864   0x00000004   PAD
    0x0800c868   0x0800c868   0x00000028   Code   RO          775    .text.USBD_LL_OpenEP  usbd_conf.o
    0x0800c890   0x0800c890   0x00000022   Code   RO          791    .text.USBD_LL_PrepareReceive  usbd_conf.o
    0x0800c8b2   0x0800c8b2   0x00000006   PAD
    0x0800c8b8   0x0800c8b8   0x00000060   Code   RO         3023    .text.USBD_LL_Reset  usbd_core.o
    0x0800c918   0x0800c918   0x00000014   Code   RO         3029    .text.USBD_LL_Resume  usbd_core.o
    0x0800c92c   0x0800c92c   0x00000004   PAD
    0x0800c930   0x0800c930   0x0000001e   Code   RO         3031    .text.USBD_LL_SOF   usbd_core.o
    0x0800c94e   0x0800c94e   0x00000002   PAD
    0x0800c950   0x0800c950   0x00000008   Code   RO         3025    .text.USBD_LL_SetSpeed  usbd_core.o
    0x0800c958   0x0800c958   0x00000022   Code   RO          787    .text.USBD_LL_SetUSBAddress  usbd_conf.o
    0x0800c97a   0x0800c97a   0x00000006   PAD
    0x0800c980   0x0800c980   0x00000062   Code   RO         3013    .text.USBD_LL_SetupStage  usbd_core.o
    0x0800c9e2   0x0800c9e2   0x00000006   PAD
    0x0800c9e8   0x0800c9e8   0x00000022   Code   RO          781    .text.USBD_LL_StallEP  usbd_conf.o
    0x0800ca0a   0x0800ca0a   0x00000006   PAD
    0x0800ca10   0x0800ca10   0x00000022   Code   RO          771    .text.USBD_LL_Start  usbd_conf.o
    0x0800ca32   0x0800ca32   0x00000006   PAD
    0x0800ca38   0x0800ca38   0x0000001c   Code   RO         3027    .text.USBD_LL_Suspend  usbd_core.o
    0x0800ca54   0x0800ca54   0x00000004   PAD
    0x0800ca58   0x0800ca58   0x00000022   Code   RO          789    .text.USBD_LL_Transmit  usbd_conf.o
    0x0800ca7a   0x0800ca7a   0x00000006   PAD
    0x0800ca80   0x0800ca80   0x00000016   Code   RO         3061    .text.USBD_ParseSetupRequest  usbd_ctlreq.o
    0x0800ca96   0x0800ca96   0x00000002   PAD
    0x0800ca98   0x0800ca98   0x00000046   Code   RO         3001    .text.USBD_RegisterClass  usbd_core.o
    0x0800cade   0x0800cade   0x00000002   PAD
    0x0800cae0   0x0800cae0   0x00000010   Code   RO         3009    .text.USBD_SetClassConfig  usbd_core.o
    0x0800caf0   0x0800caf0   0x00000004   Code   RO         3003    .text.USBD_Start    usbd_core.o
    0x0800caf4   0x0800caf4   0x00000004   PAD
    0x0800caf8   0x0800caf8   0x00000362   Code   RO         3053    .text.USBD_StdDevReq  usbd_ctlreq.o
    0x0800ce5a   0x0800ce5a   0x00000006   PAD
    0x0800ce60   0x0800ce60   0x00000166   Code   RO         3059    .text.USBD_StdEPReq  usbd_ctlreq.o
    0x0800cfc6   0x0800cfc6   0x00000002   PAD
    0x0800cfc8   0x0800cfc8   0x0000007c   Code   RO         3057    .text.USBD_StdItfReq  usbd_ctlreq.o
    0x0800d044   0x0800d044   0x00000004   PAD
    0x0800d048   0x0800d048   0x00000002   Code   RO          797    .text.USBD_static_free  usbd_conf.o
    0x0800d04a   0x0800d04a   0x00000006   PAD
    0x0800d050   0x0800d050   0x0000000a   Code   RO          795    .text.USBD_static_malloc  usbd_conf.o
    0x0800d05a   0x0800d05a   0x00000006   PAD
    0x0800d060   0x0800d060   0x0000008a   Code   RO         1266    .text.USB_ActivateEndpoint  stm32h7xx_ll_usb.o
    0x0800d0ea   0x0800d0ea   0x00000006   PAD
    0x0800d0f0   0x0800d0f0   0x00000020   Code   RO         1308    .text.USB_ActivateSetup  stm32h7xx_ll_usb.o
    0x0800d110   0x0800d110   0x0000022e   Code   RO         1244    .text.USB_CoreInit  stm32h7xx_ll_usb.o
    0x0800d33e   0x0800d33e   0x00000002   PAD
    0x0800d340   0x0800d340   0x00000086   Code   RO         1270    .text.USB_DeactivateEndpoint  stm32h7xx_ll_usb.o
    0x0800d3c6   0x0800d3c6   0x00000002   PAD
    0x0800d3c8   0x0800d3c8   0x0000001e   Code   RO         1290    .text.USB_DevConnect  stm32h7xx_ll_usb.o
    0x0800d3e6   0x0800d3e6   0x00000002   PAD
    0x0800d3e8   0x0800d3e8   0x0000001e   Code   RO         1292    .text.USB_DevDisconnect  stm32h7xx_ll_usb.o
    0x0800d406   0x0800d406   0x00000002   PAD
    0x0800d408   0x0800d408   0x0000049e   Code   RO         1256    .text.USB_DevInit   stm32h7xx_ll_usb.o
    0x0800d8a6   0x0800d8a6   0x00000002   PAD
    0x0800d8a8   0x0800d8a8   0x0000000e   Code   RO         1250    .text.USB_DisableGlobalInt  stm32h7xx_ll_usb.o
    0x0800d8b6   0x0800d8b6   0x00000002   PAD
    0x0800d8b8   0x0800d8b8   0x0000005a   Code   RO         1310    .text.USB_EP0_OutStart  stm32h7xx_ll_usb.o
    0x0800d912   0x0800d912   0x00000006   PAD
    0x0800d918   0x0800d918   0x00000052   Code   RO         1284    .text.USB_EPClearStall  stm32h7xx_ll_usb.o
    0x0800d96a   0x0800d96a   0x00000006   PAD
    0x0800d970   0x0800d970   0x00000040   Code   RO         1282    .text.USB_EPSetStall  stm32h7xx_ll_usb.o
    0x0800d9b0   0x0800d9b0   0x0000022c   Code   RO         1274    .text.USB_EPStartXfer  stm32h7xx_ll_usb.o
    0x0800dbdc   0x0800dbdc   0x00000004   PAD
    0x0800dbe0   0x0800dbe0   0x0000010e   Code   RO         1278    .text.USB_EPStopXfer  stm32h7xx_ll_usb.o
    0x0800dcee   0x0800dcee   0x00000002   PAD
    0x0800dcf0   0x0800dcf0   0x0000000e   Code   RO         1248    .text.USB_EnableGlobalInt  stm32h7xx_ll_usb.o
    0x0800dcfe   0x0800dcfe   0x00000002   PAD
    0x0800dd00   0x0800dd00   0x000000be   Code   RO         1260    .text.USB_FlushTxFifo  stm32h7xx_ll_usb.o
    0x0800ddbe   0x0800ddbe   0x00000002   PAD
    0x0800ddc0   0x0800ddc0   0x0000001a   Code   RO         1264    .text.USB_GetDevSpeed  stm32h7xx_ll_usb.o
    0x0800ddda   0x0800ddda   0x00000006   PAD
    0x0800dde0   0x0800dde0   0x00000008   Code   RO         1254    .text.USB_GetMode   stm32h7xx_ll_usb.o
    0x0800dde8   0x0800dde8   0x0000000e   Code   RO         1300    .text.USB_ReadDevAllInEpInterrupt  stm32h7xx_ll_usb.o
    0x0800ddf6   0x0800ddf6   0x00000002   PAD
    0x0800ddf8   0x0800ddf8   0x0000000e   Code   RO         1298    .text.USB_ReadDevAllOutEpInterrupt  stm32h7xx_ll_usb.o
    0x0800de06   0x0800de06   0x00000002   PAD
    0x0800de08   0x0800de08   0x00000024   Code   RO         1304    .text.USB_ReadDevInEPInterrupt  stm32h7xx_ll_usb.o
    0x0800de2c   0x0800de2c   0x00000004   PAD
    0x0800de30   0x0800de30   0x00000010   Code   RO         1302    .text.USB_ReadDevOutEPInterrupt  stm32h7xx_ll_usb.o
    0x0800de40   0x0800de40   0x00000008   Code   RO         1294    .text.USB_ReadInterrupts  stm32h7xx_ll_usb.o
    0x0800de48   0x0800de48   0x000000b0   Code   RO         1280    .text.USB_ReadPacket  stm32h7xx_ll_usb.o
    0x0800def8   0x0800def8   0x00000368   Code   RO         1252    .text.USB_SetCurrentMode  stm32h7xx_ll_usb.o
    0x0800e260   0x0800e260   0x00000022   Code   RO         1288    .text.USB_SetDevAddress  stm32h7xx_ll_usb.o
    0x0800e282   0x0800e282   0x00000006   PAD
    0x0800e288   0x0800e288   0x00000118   Code   RO         1246    .text.USB_SetTurnaroundTime  stm32h7xx_ll_usb.o
    0x0800e3a0   0x0800e3a0   0x00000078   Code   RO         1276    .text.USB_WritePacket  stm32h7xx_ll_usb.o
    0x0800e418   0x0800e418   0x00000002   Code   RO          603    .text.UsageFault_Handler  stm32h7xx_it.o
    0x0800e41a   0x0800e41a   0x00000006   PAD
    0x0800e420   0x0800e420   0x00000016   Code   RO          214    .text.WitDelayMsRegister  wit_c_sdk.o
    0x0800e436   0x0800e436   0x00000002   PAD
    0x0800e438   0x0800e438   0x00000028   Code   RO          210    .text.WitInit       wit_c_sdk.o
    0x0800e460   0x0800e460   0x00000016   Code   RO          204    .text.WitRegisterCallBack  wit_c_sdk.o
    0x0800e476   0x0800e476   0x00000002   PAD
    0x0800e478   0x0800e478   0x000002ca   Code   RO          194    .text.WitSerialDataIn  wit_c_sdk.o
    0x0800e742   0x0800e742   0x00000006   PAD
    0x0800e748   0x0800e748   0x00000016   Code   RO          192    .text.WitSerialWriteRegister  wit_c_sdk.o
    0x0800e75e   0x0800e75e   0x00000002   PAD
    0x0800e760   0x0800e760   0x0000005a   Code   RO          234    .text.WitSetContent  wit_c_sdk.o
    0x0800e7ba   0x0800e7ba   0x00000006   PAD
    0x0800e7c0   0x0800e7c0   0x0000005a   Code   RO          232    .text.WitSetOutputRate  wit_c_sdk.o
    0x0800e81a   0x0800e81a   0x00000006   PAD
    0x0800e820   0x0800e820   0x0000017a   Code   RO          206    .text.WitWriteReg   wit_c_sdk.o
    0x0800e99a   0x0800e99a   0x00000006   PAD
    0x0800e9a0   0x0800e9a0   0x00000142   Code   RO          196    .text.__CRC16       wit_c_sdk.o
    0x0800eae2   0x0800eae2   0x00000006   PAD
    0x0800eae8   0x0800eae8   0x0000005a   Code   RO          383    .text.bsp_can_init  bsp_fdcan.o
    0x0800eb42   0x0800eb42   0x00000006   PAD
    0x0800eb48   0x0800eb48   0x00000120   Code   RO          387    .text.bsp_fdcan_set_baud  bsp_fdcan.o
    0x0800ec68   0x0800ec68   0x000001b0   Code   RO          110    .text.dm_motor_ctrl_send  dm_motor_drv.o
    0x0800ee18   0x0800ee18   0x00000076   Code   RO          104    .text.dm_motor_disable  dm_motor_drv.o
    0x0800ee8e   0x0800ee8e   0x00000002   PAD
    0x0800ee90   0x0800ee90   0x0000006c   Code   RO          100    .text.dm_motor_enable  dm_motor_drv.o
    0x0800eefc   0x0800eefc   0x00000004   PAD
    0x0800ef00   0x0800ef00   0x000000c8   Code   RO          124    .text.dm_motor_fbdata  dm_motor_drv.o
    0x0800efc8   0x0800efc8   0x0000014e   Code   RO           83    .text.dm_motor_init  dm_motor_ctrl.o
    0x0800f116   0x0800f116   0x00000002   PAD
    0x0800f118   0x0800f118   0x0000005c   Code   RO           89    .text.fdcan1_rx_callback  dm_motor_ctrl.o
    0x0800f174   0x0800f174   0x00000004   PAD
    0x0800f178   0x0800f178   0x00000048   Code   RO          391    .text.fdcanx_receive  bsp_fdcan.o
    0x0800f1c0   0x0800f1c0   0x00000094   Code   RO          389    .text.fdcanx_send_data  bsp_fdcan.o
    0x0800f254   0x0800f254   0x00000004   PAD
    0x0800f258   0x0800f258   0x00000054   Code   RO          148    .text.get_motor_measure  fdcan_receive.o
    0x0800f2ac   0x0800f2ac   0x00000004   PAD
    0x0800f2b0   0x0800f2b0   0x0000000c   Code   RO          150    .text.get_motor_offset  fdcan_receive.o
    0x0800f2bc   0x0800f2bc   0x00000004   PAD
    0x0800f2c0   0x0800f2c0   0x0000005a   Code   RO          481    .text.main          main.o
    0x0800f31a   0x0800f31a   0x00000006   PAD
    0x0800f320   0x0800f320   0x00000010   Code   RO         2843    .text.osDelay       cmsis_os.o
    0x0800f330   0x0800f330   0x0000000a   Code   RO         2825    .text.osKernelStart  cmsis_os.o
    0x0800f33a   0x0800f33a   0x00000006   PAD
    0x0800f340   0x0800f340   0x00000060   Code   RO         2831    .text.osThreadCreate  cmsis_os.o
    0x0800f3a0   0x0800f3a0   0x00000062   Code   RO           63    .text.pid_call_3    pid_user.o
    0x0800f402   0x0800f402   0x00000006   PAD
    0x0800f408   0x0800f408   0x0000004a   Code   RO          114    .text.pos_ctrl      dm_motor_drv.o
    0x0800f452   0x0800f452   0x00000006   PAD
    0x0800f458   0x0800f458   0x000000fc   Code   RO         2723    .text.prvAddNewTaskToReadyList  tasks.o
    0x0800f554   0x0800f554   0x00000004   PAD
    0x0800f558   0x0800f558   0x00000086   Code   RO         2753    .text.prvIdleTask   tasks.o
    0x0800f5de   0x0800f5de   0x00000002   PAD
    0x0800f5e0   0x0800f5e0   0x0000011a   Code   RO         2721    .text.prvInitialiseNewTask  tasks.o
    0x0800f6fa   0x0800f6fa   0x00000006   PAD
    0x0800f700   0x0800f700   0x00000028   Code   RO         2973    .text.prvPortStartFirstTask  port.o
    0x0800f728   0x0800f728   0x00000040   Code   RO         2963    .text.prvTaskExitError  port.o
    0x0800f768   0x0800f768   0x000001f4   Code   RO         2939    .text.pvPortMalloc  heap_4.o
    0x0800f95c   0x0800f95c   0x00000004   PAD
    0x0800f960   0x0800f960   0x0000002c   Code   RO         2961    .text.pxPortInitialiseStack  port.o
    0x0800f98c   0x0800f98c   0x00000004   PAD
    0x0800f990   0x0800f990   0x00000036   Code   RO          132    .text.read_motor_data  dm_motor_drv.o
    0x0800f9c6   0x0800f9c6   0x00000002   PAD
    0x0800f9c8   0x0800f9c8   0x00000232   Code   RO           87    .text.receive_motor_data  dm_motor_ctrl.o
    0x0800fbfa   0x0800fbfa   0x00000006   PAD
    0x0800fc00   0x0800fc00   0x00000030   Code   RO          138    .text.save_motor_data  dm_motor_drv.o
    0x0800fc30   0x0800fc30   0x0000002a   Code   RO         2612    .text.uxListRemove  list.o
    0x0800fc5a   0x0800fc5a   0x00000006   PAD
    0x0800fc60   0x0800fc60   0x0000001a   Code   RO          508    .text.vApplicationGetIdleTaskMemory  freertos.o
    0x0800fc7a   0x0800fc7a   0x00000006   PAD
    0x0800fc80   0x0800fc80   0x00000016   Code   RO         2604    .text.vListInitialise  list.o
    0x0800fc96   0x0800fc96   0x00000002   PAD
    0x0800fc98   0x0800fc98   0x00000006   Code   RO         2606    .text.vListInitialiseItem  list.o
    0x0800fc9e   0x0800fc9e   0x00000002   PAD
    0x0800fca0   0x0800fca0   0x00000062   Code   RO         2610    .text.vListInsert   list.o
    0x0800fd02   0x0800fd02   0x00000006   PAD
    0x0800fd08   0x0800fd08   0x0000001c   Code   RO         2608    .text.vListInsertEnd  list.o
    0x0800fd24   0x0800fd24   0x00000004   PAD
    0x0800fd28   0x0800fd28   0x00000014   Code   RO         2971    .text.vPortEnableVFP  port.o
    0x0800fd3c   0x0800fd3c   0x00000004   PAD
    0x0800fd40   0x0800fd40   0x0000004a   Code   RO         2977    .text.vPortEnterCritical  port.o
    0x0800fd8a   0x0800fd8a   0x00000006   PAD
    0x0800fd90   0x0800fd90   0x0000002e   Code   RO         2979    .text.vPortExitCritical  port.o
    0x0800fdbe   0x0800fdbe   0x00000002   PAD
    0x0800fdc0   0x0800fdc0   0x000000d4   Code   RO         2941    .text.vPortFree     heap_4.o
    0x0800fe94   0x0800fe94   0x00000004   PAD
    0x0800fe98   0x0800fe98   0x00000034   Code   RO         2969    .text.vPortSetupTimerInterrupt  port.o
    0x0800fecc   0x0800fecc   0x00000004   PAD
    0x0800fed0   0x0800fed0   0x0000009e   Code   RO         2729    .text.vTaskDelay    tasks.o
    0x0800ff6e   0x0800ff6e   0x00000002   PAD
    0x0800ff70   0x0800ff70   0x000000cc   Code   RO         2751    .text.vTaskStartScheduler  tasks.o
    0x0801003c   0x0801003c   0x00000004   PAD
    0x08010040   0x08010040   0x00000010   Code   RO         2731    .text.vTaskSuspendAll  tasks.o
    0x08010050   0x08010050   0x0000006e   Code   RO         2745    .text.vTaskSwitchContext  tasks.o
    0x080100be   0x080100be   0x00000002   PAD
    0x080100c0   0x080100c0   0x00000046   Code   RO          136    .text.write_motor_data  dm_motor_drv.o
    0x08010106   0x08010106   0x00000002   PAD
    0x08010108   0x08010108   0x0000018a   Code   RO         2967    .text.xPortStartScheduler  port.o
    0x08010292   0x08010292   0x00000006   PAD
    0x08010298   0x08010298   0x00000060   Code   RO         2725    .text.xTaskCreate   tasks.o
    0x080102f8   0x080102f8   0x0000007a   Code   RO         2719    .text.xTaskCreateStatic  tasks.o
    0x08010372   0x08010372   0x00000006   PAD
    0x08010378   0x08010378   0x00000106   Code   RO         2757    .text.xTaskIncrementTick  tasks.o
    0x0801047e   0x0801047e   0x00000002   PAD
    0x08010480   0x08010480   0x000000ea   Code   RO         2735    .text.xTaskResumeAll  tasks.o
    0x0801056a   0x0801056a   0x00000026   Code   RO         3186    i.__ARM_fpclassifyf  m_wv.l(fpclassifyf.o)
    0x08010590   0x08010590   0x00000118   Code   RO         3150    i.__hardfp_acosf    m_wv.l(acosf.o)
    0x080106a8   0x080106a8   0x000002ac   Code   RO         3156    i.__hardfp_atan2f   m_wv.l(atan2f.o)
    0x08010954   0x08010954   0x00000150   Code   RO         3162    i.__hardfp_cosf     m_wv.l(cosf.o)
    0x08010aa4   0x08010aa4   0x00000190   Code   RO         3168    i.__hardfp_sinf     m_wv.l(sinf.o)
    0x08010c34   0x08010c34   0x00000006   Code   RO         3189    i.__mathlib_flt_infnan  m_wv.l(funder.o)
    0x08010c3a   0x08010c3a   0x00000006   Code   RO         3190    i.__mathlib_flt_infnan2  m_wv.l(funder.o)
    0x08010c40   0x08010c40   0x00000010   Code   RO         3191    i.__mathlib_flt_invalid  m_wv.l(funder.o)
    0x08010c50   0x08010c50   0x00000010   Code   RO         3194    i.__mathlib_flt_underflow  m_wv.l(funder.o)
    0x08010c60   0x08010c60   0x00000154   Code   RO         3202    i.__mathlib_rredf2  m_wv.l(rredf.o)
    0x08010db4   0x08010db4   0x0000003e   Code   RO         3207    i.sqrtf             m_wv.l(sqrtf.o)
    0x08010df2   0x08010df2   0x0000001a   Code   RO         3322    x$fpl$fpinit        fz_wv.l(fpinit.o)
    0x08010e0c   0x08010e0c   0x00000000   Code   RO         3185    x$fpl$usenofp       fz_wv.l(usenofp.o)
    0x08010e0c   0x08010e0c   0x00000020   Data   RO         3203    .constdata          m_wv.l(rredf.o)
    0x08010e2c   0x08010e2c   0x0000004c   Data   RO         2363    .rodata..L__const.HAL_FDCAN_Init.CvtEltSize  stm32h7xx_hal_fdcan.o
    0x08010e78   0x08010e78   0x00000006   Data   RO         2508    .rodata..Lswitch.table.UART_SetConfig.7  stm32h7xx_hal_uart.o
    0x08010e7e   0x08010e7e   0x00000006   Data   RO         2509    .rodata..Lswitch.table.UART_SetConfig.9  stm32h7xx_hal_uart.o
    0x08010e84   0x08010e84   0x00000010   Data   RO         2565    .rodata.D1CorePrescTable  system_stm32h7xx.o
    0x08010e94   0x08010e94   0x00000018   Data   RO         2507    .rodata.UARTPrescTable  stm32h7xx_hal_uart.o
    0x08010eac   0x08010eac   0x00000100   Data   RO          245    .rodata.__auchCRCHi  wit_c_sdk.o
    0x08010fac   0x08010fac   0x00000100   Data   RO          246    .rodata.__auchCRCLo  wit_c_sdk.o
    0x080110ac   0x080110ac   0x00000010   Data   RO         2364    .rodata.cst16       stm32h7xx_hal_fdcan.o
    0x080110bc   0x080110bc   0x00000010   Data   RO         2550    .rodata.cst8        stm32h7xx_hal_uart_ex.o
    0x080110cc   0x080110cc   0x0000002e   Data   RO          520    .rodata.str1.1      freertos.o
    0x080110fa   0x080110fa   0x00000002   PAD
    0x080110fc   0x080110fc   0x00000040   Data   RO         3383    Region$$Table       anon$$obj.o


    Execution Region RW_IRAM1 (Exec base: 0x20000000, Load base: 0x08011140, Size: 0x00008240, Max: 0x00020000, ABSOLUTE)

    Exec Addr    Load Addr    Size         Type   Attr      Idx    E Section Name        Object

    0x20000000   0x08011140   0x00000008   Data   RW         1958    .data..L_MergedGlobals  stm32h7xx_hal.o
    0x20000008   0x08011148   0x00000038   Data   RW         3126    .data.USBD_CDC      usbd_cdc.o
    0x20000040   0x08011180   0x00000043   Data   RW         3128    .data.USBD_CDC_CfgDesc  usbd_cdc.o
    0x20000083   0x080111c3   0x00000001   PAD
    0x20000084   0x080111c4   0x00000012   Data   RW          688    .data.USBD_HS_DeviceDesc  usbd_desc.o
    0x20000096   0x080111d6   0x00000001   Data   RW          244    .data.s_ucAddr      wit_c_sdk.o
    0x20000097   0x080111d7   0x00000001   PAD
    0x20000098        -       0x00000040   Zero   RW           19    .bss..L_MergedGlobals  control_task.o
    0x200000d8        -       0x00000024   Zero   RW          247    .bss..L_MergedGlobals  wit_c_sdk.o
    0x200000fc        -       0x0000000c   Zero   RW          527    .bss..L_MergedGlobals  freertos.o
    0x20000108        -       0x00000018   Zero   RW          730    .bss..L_MergedGlobals  usbd_cdc_if.o
    0x20000120        -       0x00000078   Zero   RW         2814    .bss..L_MergedGlobals  tasks.o
    0x20000198        -       0x00000020   Zero   RW         2952    .bss..L_MergedGlobals  heap_4.o
    0x200001b8        -       0x00000008   Zero   RW         2988    .bss..L_MergedGlobals  port.o
    0x200001c0        -       0x00000004   Zero   RW          549    .bss.HAL_RCC_FDCAN_CLK_ENABLED  fdcan.o
    0x200001c4        -       0x00000054   Zero   RW          522    .bss.Start_Control_TControlBlock  freertos.o
    0x20000218        -       0x00002000   Zero   RW          525    .bss.Start_INS_TaskBuffer  freertos.o
    0x20002218        -       0x00000054   Zero   RW          526    .bss.Start_INS_TaskControlBlock  freertos.o
    0x2000226c        -       0x00000001   Zero   RW         3065    .bss.USBD_SetConfig.cfgidx  usbd_ctlreq.o
    0x2000226d   0x080111d7   0x00000003   PAD
    0x20002270        -       0x00000200   Zero   RW          692    .bss.USBD_StrDesc   usbd_desc.o
    0x20002470        -       0x00000800   Zero   RW          729    .bss.UserTxBufferHS  usbd_cdc_if.o
    0x20002c70        -       0x00000001   Zero   RW          260    .bss.btReceiveData  crc.o
    0x20002c71   0x080111d7   0x00000003   PAD
    0x20002c74        -       0x0000005c   Zero   RW          350    .bss.g_arm_ik       arm_user.o
    0x20002cd0        -       0x0000007c   Zero   RW          351    .bss.g_arm_ik_app   arm_user.o
    0x20002d4c        -       0x000002dc   Zero   RW          664    .bss.hUsbDeviceHS   usb_device.o
    0x20003028        -       0x000000a0   Zero   RW          546    .bss.hfdcan1        fdcan.o
    0x200030c8        -       0x000000a0   Zero   RW          548    .bss.hfdcan3        fdcan.o
    0x20003168        -       0x0000004c   Zero   RW          568    .bss.htim4          tim.o
    0x200031b4        -       0x00000094   Zero   RW          586    .bss.huart10        usart.o
    0x20003248        -       0x00000028   Zero   RW          182    .bss.imu_data       imu.o
    0x20003270        -       0x00000001   Zero   RW          183    .bss.imu_rx_byte    imu.o
    0x20003271   0x080111d7   0x00000003   PAD
    0x20003274        -       0x00000aa0   Zero   RW           91    .bss.motor          dm_motor_ctrl.o
    0x20003d14        -       0x000000e0   Zero   RW          164    .bss.motor_fdcan2   fdcan_receive.o
    0x20003df4        -       0x00000280   Zero   RW           71    .bss.pid_pos_2      pid_user.o
    0x20004074        -       0x00000280   Zero   RW           73    .bss.pid_pos_3      pid_user.o
    0x200042f4        -       0x00000004   Zero   RW          281    .bss.rb_leg         leg.o
    0x200042f8        -       0x00000008   Zero   RW          279    .bss.rf_leg         leg.o
    0x20004300        -       0x00000120   Zero   RW          243    .bss.sReg           wit_c_sdk.o
    0x20004420        -       0x00000010   Zero   RW          297    .bss.total_speed    mecanum_classic.o
    0x20004430        -       0x0000000c   Zero   RW          296    .bss.total_vel      mecanum_classic.o
    0x2000443c        -       0x00003c00   Zero   RW         2951    .bss.ucHeap         heap_4.o
    0x2000803c        -       0x00000004   Zero   RW         1957    .bss.uwTick         stm32h7xx_hal.o
    0x20008040        -       0x00000200   Zero   RW          472    HEAP                startup_stm32h723xx.o


    Execution Region RW_IRAM2 (Exec base: 0x24000000, Load base: 0x080111d8, Size: 0x00008248, Max: 0x00020000, ABSOLUTE)

    Exec Addr    Load Addr    Size         Type   Attr      Idx    E Section Name        Object

    0x24000000   0x080111d8   0x00000060   Data   RW           74    .data..L_MergedGlobals  pid_user.o
    0x24000060   0x08011238   0x00000008   Data   RW          285    .data..L_MergedGlobals  leg.o
    0x24000068   0x08011240   0x00000008   Data   RW         2566    .data..L_MergedGlobals  system_stm32h7xx.o
    0x24000070   0x08011248   0x00000020   Data   RW          687    .data.HS_Desc       usbd_desc.o
    0x24000090   0x08011268   0x0000000a   Data   RW         3127    .data.USBD_CDC_DeviceQualifierDesc  usbd_cdc.o
    0x2400009a   0x08011272   0x00000002   PAD
    0x2400009c   0x08011274   0x00000014   Data   RW          725    .data.USBD_Interface_fops_HS  usbd_cdc_if.o
    0x240000b0   0x08011288   0x00000004   Data   RW          690    .data.USBD_LangIDDesc  usbd_desc.o
    0x240000b4   0x0801128c   0x0000001a   Data   RW          691    .data.USBD_StringSerial  usbd_desc.o
    0x240000ce   0x080112a6   0x00000002   PAD
    0x240000d0   0x080112a8   0x00000010   Data   RW          298    .data.mecParam      mecanum_classic.o
    0x240000e0   0x080112b8   0x00000020   Data   RW           67    .data.motor_position_3508_pid_3  pid_user.o
    0x24000100   0x080112d8   0x00000004   Data   RW         2987    .data.uxCriticalNesting  port.o
    0x24000104   0x080112dc   0x00000004   PAD
    0x24000108        -       0x00000060   Zero   RW         3234    .bss                c_w.l(libspace.o)
    0x24000168        -       0x00000042   Zero   RW          261    .bss..L_MergedGlobals  crc.o
    0x240001aa   0x080112dc   0x00000002   PAD
    0x240001ac        -       0x0000003d   Zero   RW          374    .bss..L_MergedGlobals  arm_echo_uart10.o
    0x240001e9   0x080112dc   0x00000003   PAD
    0x240001ec        -       0x0000000c   Zero   RW          463    .bss..L_MergedGlobals  bsp_usb.o
    0x240001f8        -       0x00000028   Zero   RW         2815    .bss..L_MergedGlobals.2  tasks.o
    0x24000220        -       0x00000001   Zero   RW          282    .bss.LEG_Cmd        leg.o
    0x24000221   0x080112dc   0x00000003   PAD
    0x24000224        -       0x00002000   Zero   RW          523    .bss.Start_CAN_TaskBuffer  freertos.o
    0x24002224        -       0x00000054   Zero   RW          524    .bss.Start_CAN_TaskControlBlock  freertos.o
    0x24002278        -       0x00002000   Zero   RW          521    .bss.Start_Control_TBuffer  freertos.o
    0x24004278        -       0x00000220   Zero   RW          802    .bss.USBD_static_malloc.mem  usbd_conf.o
    0x24004498        -       0x00000800   Zero   RW          728    .bss.UserRxBufferHS  usbd_cdc_if.o
    0x24004c98        -       0x000000a0   Zero   RW          547    .bss.hfdcan2        fdcan.o
    0x24004d38        -       0x000004e4   Zero   RW          801    .bss.hpcd_USB_OTG_HS  usbd_conf.o
    0x2400521c        -       0x0000004c   Zero   RW          653    .bss.htim2          stm32h7xx_hal_timebase_tim.o
    0x24005268        -       0x0000004c   Zero   RW          567    .bss.htim3          tim.o
    0x240052b4        -       0x00000094   Zero   RW          585    .bss.huart7         usart.o
    0x24005348        -       0x00000004   Zero   RW          280    .bss.lb_leg         leg.o
    0x2400534c        -       0x00000008   Zero   RW          278    .bss.lf_leg         leg.o
    0x24005354        -       0x000000e0   Zero   RW          165    .bss.motor_fdcan3   fdcan_receive.o
    0x24005434        -       0x00000280   Zero   RW           70    .bss.pid_v_2        pid_user.o
    0x240056b4        -       0x00000280   Zero   RW           72    .bss.pid_v_3        pid_user.o
    0x24005934        -       0x0000008c   Zero   RW         2813    .bss.pxReadyTasksLists  tasks.o
    0x240059c0        -       0x00001000   Zero   RW          727    .bss.s_rxRing       usbd_cdc_if.o
    0x240069c0        -       0x00001000   Zero   RW          726    .bss.s_txRing       usbd_cdc_if.o
    0x240079c0        -       0x00000100   Zero   RW          242    .bss.s_ucWitDataBuff  wit_c_sdk.o
    0x24007ac0        -       0x00000004   Zero   RW          461    .bss.s_usbSendDropFrames  bsp_usb.o
    0x24007ac4        -       0x0000012c   Zero   RW          462    .bss.usb_Buf        bsp_usb.o
    0x24007bf0        -       0x00000200   Zero   RW          519    .bss.xIdleStack     freertos.o
    0x24007df0        -       0x00000054   Zero   RW          518    .bss.xIdleTaskTCBBuffer  freertos.o
    0x24007e44   0x080112dc   0x00000004   PAD
    0x24007e48        -       0x00000400   Zero   RW          471    STACK               startup_stm32h723xx.o


==============================================================================

Image component sizes


      Code (inc. data)   RO Data    RW Data    ZI Data      Debug   Object Name

       650          0          0          0         61       7095   arm_echo_uart10.o
      1998         88          0          0          0      11533   arm_ik_3r_safe_stm32h7.o
       730         16          0          0        216       6817   arm_user.o
       968        164          0          0          0       9475   bsp_fdcan.o
       616          0          0          0          0       3392   bsp_mcu.o
        24          0          0          0          0       2025   bsp_tick.o
       212          0          0          0          0       4711   bsp_uart.o
      1304         20          0          0        316       9015   bsp_usb.o
       512          8          0          0          0       1879   can_task.o
       122          0          0          0          0      24913   cmsis_os.o
       976         20          0          0         64       5286   control_task.o
       906         78          0          0         67       4508   crc.o
       988        188          0          0       2720       4947   dm_motor_ctrl.o
      1104         42          0          0          0      20659   dm_motor_drv.o
      1040          0          0          0        484      12434   fdcan.o
       292          0          0          0        448       9079   fdcan_receive.o
       246         84         46          0      25436       3975   freertos.o
       170          0          0          0          0       3198   gpio.o
       712          0          0          0      15392       5768   heap_4.o
       336         12          0          0         41       5310   imu.o
        18          0          0          0          0        957   ins_task.o
      1304         52          0          8         25       4675   leg.o
       196          0          0          0          0       2362   list.o
       536          0          0          0          0      12520   main.o
       192          4          0         16         28       2005   mecanum_classic.o
       378          4          0          0          0       2076   pid.o
       906         16          0        128       2560       4146   pid_user.o
       916         16          0          4          8       4354   port.o
        72         30        716          0       1536        864   startup_stm32h723xx.o
       178          0          0          8          4      15971   stm32h7xx_hal.o
       350          0          0          0          0      12449   stm32h7xx_hal_cortex.o
      2022          0          0          0          0      17971   stm32h7xx_hal_dma.o
      4002          0         92          0          0      61517   stm32h7xx_hal_fdcan.o
       700          0          0          0          0       7047   stm32h7xx_hal_gpio.o
        42          0          0          0          0       5476   stm32h7xx_hal_msp.o
      3790          0          0          0          0      17484   stm32h7xx_hal_pcd.o
       266          0          0          0          0       6413   stm32h7xx_hal_pcd_ex.o
        94          0          0          0          0       9674   stm32h7xx_hal_pwr_ex.o
      2576         16          0          0          0      11397   stm32h7xx_hal_rcc.o
      3946        138          0          0          0      19762   stm32h7xx_hal_rcc_ex.o
      1576          0          0          0          0      65848   stm32h7xx_hal_tim.o
       228          0          0          0          0      26313   stm32h7xx_hal_tim_ex.o
       164          0          0          0         76       9744   stm32h7xx_hal_timebase_tim.o
      9196        332         36          0          0      43625   stm32h7xx_hal_uart.o
       348          0         16          0          0      11596   stm32h7xx_hal_uart_ex.o
       156          0          0          0          0      12643   stm32h7xx_it.o
      4988          0          0          0          0      40175   stm32h7xx_ll_usb.o
       254          0         16          8          0       5674   system_stm32h7xx.o
      1870          8          0          0        300      28142   tasks.o
       346          0          0          0        152      10369   tim.o
       524          0          0          0        296      11713   usart.o
       108          0          0          0        732       3317   usb_device.o
      1232         12          0        133          0      11803   usbd_cdc.o
       744          0          0         20      12312       8775   usbd_cdc_if.o
       780          0          0          0       1796      22490   usbd_conf.o
       998          0          0          0          0      11245   usbd_core.o
      1644         36          0          0          1      10266   usbd_ctlreq.o
       562         72          0         80        512       4411   usbd_desc.o
       132          0          0          0          0       4784   usbd_ioreq.o
      1700         42        512          1        580      12666   wit_c_sdk.o

    ----------------------------------------------------------------------
     65202       1594       1500        412      66188     730738   Object Totals
         0          0         64          0          0          0   (incl. Generated)
      1262         96          2          6         25          0   (incl. Padding)

    ----------------------------------------------------------------------

      Code (inc. data)   RO Data    RW Data    ZI Data      Debug   Library Member Name

        90          0          0          0          0          0   __dczerorl2.o
         8          0          0          0          0         68   __main.o
         0          0          0          0          0          0   __rtentry.o
        12          0          0          0          0          0   __rtentry2.o
         6          0          0          0          0          0   __rtentry4.o
        94          8          0          0          0          0   __scatter.o
        26          0          0          0          0          0   __scatter_copy.o
        28          0          0          0          0          0   __scatter_zi.o
        22          0          0          0          0        100   _rserrno.o
        18          0          0          0          0         80   exit.o
         6          0          0          0          0        152   heapauxi.o
         0          0          0          0          0          0   indicate_semi.o
         2          0          0          0          0          0   libinit.o
         6          0          0          0          0          0   libinit2.o
         2          0          0          0          0          0   libshutdown.o
         2          0          0          0          0          0   libshutdown2.o
         8          4          0          0         96         68   libspace.o
       240          0          0          0          0        100   lludivv7m.o
         8          4          0          0          0         68   rt_errno_addr_intlibspace.o
        78          0          0          0          0         80   rt_memclr_w.o
       138          0          0          0          0         68   rt_memcpy_v6.o
       100          0          0          0          0         80   rt_memcpy_w.o
         2          0          0          0          0          0   rtexit.o
        10          0          0          0          0          0   rtexit2.o
        12          4          0          0          0         68   sys_exit.o
        74          0          0          0          0         80   sys_stackheap_outer.o
         2          0          0          0          0         68   use_no_semi.o
        26          0          0          0          0        116   fpinit.o
         0          0          0          0          0          0   usenofp.o
       280         46          0          0          0        176   acosf.o
       684         90          0          0          0        208   atan2f.o
       336         56          0          0          0        136   cosf.o
        38          0          0          0          0        116   fpclassifyf.o
        44         12          0          0          0        464   funder.o
       340         24         32          0          0        160   rredf.o
       400         56          0          0          0        212   sinf.o
        62          0          0          0          0        136   sqrtf.o

    ----------------------------------------------------------------------
      3214        304         32          0         96       2804   Library Totals
        10          0          0          0          0          0   (incl. Padding)

    ----------------------------------------------------------------------

      Code (inc. data)   RO Data    RW Data    ZI Data      Debug   Library Name

       994         20          0          0         96       1080   c_w.l
        26          0          0          0          0        116   fz_wv.l
      2184        284         32          0          0       1608   m_wv.l

    ----------------------------------------------------------------------
      3214        304         32          0         96       2804   Library Totals

    ----------------------------------------------------------------------

==============================================================================


      Code (inc. data)   RO Data    RW Data    ZI Data      Debug   

     68416       1898       1532        412      66284     731050   Grand Totals
     68416       1898       1532        412      66284     731050   ELF Image Totals
     68416       1898       1532        412          0          0   ROM Totals

==============================================================================

    Total RO  Size (Code + RO Data)                69948 (  68.31kB)
    Total RW  Size (RW Data + ZI Data)             66696 (  65.13kB)
    Total ROM Size (Code + RO Data + RW Data)      70360 (  68.71kB)

==============================================================================

