Component: Arm Compiler for Embedded 6.21 Tool: armlink [5ec1fa00]

==============================================================================

Section Cross References

    can_task.o(.text.CAN_Task) refers to bsp_tick.o(.text.Delay_ms) for Delay_ms
    can_task.o(.text.CAN_Task) refers to crc.o(.bss..L_MergedGlobals) for pre_step_flag
    can_task.o(.text.CAN_Task) refers to dm_motor_ctrl.o(.bss.motor) for motor
    can_task.o(.text.CAN_Task) refers to leg.o(.bss.lf_leg) for lf_leg
    can_task.o(.text.CAN_Task) refers to fdcan.o(.bss.hfdcan1) for hfdcan1
    can_task.o(.text.CAN_Task) refers to leg.o(.bss.rf_leg) for rf_leg
    can_task.o(.text.CAN_Task) refers to control_task.o(.bss..L_MergedGlobals) for ctrl_j2
    can_task.o(.text.CAN_Task) refers to pid_user.o(.text.pid_call_3) for pid_call_3
    can_task.o(.text.CAN_Task) refers to fdcan_receive.o(.text.FDCAN3_CMD_1) for FDCAN3_CMD_1
    can_task.o(.text.CAN_Task) refers to dm_motor_drv.o(.text.pos_ctrl) for pos_ctrl
    can_task.o(.text.CAN_Task) refers to leg.o(.bss.lb_leg) for lb_leg
    can_task.o(.text.CAN_Task) refers to leg.o(.bss.rb_leg) for rb_leg
    can_task.o(.text.CAN_Task) refers to cmsis_os.o(.text.osDelay) for osDelay
    can_task.o(.text.CAN_Task) refers to pid_user.o(.text.PID_velocity_realize_2) for PID_velocity_realize_2
    can_task.o(.text.CAN_Task) refers to mecanum_classic.o(.bss.total_speed) for total_speed
    can_task.o(.text.CAN_Task) refers to fdcan_receive.o(.text.FDCAN2_CMD_1) for FDCAN2_CMD_1
    can_task.o(.text.CAN_Task) refers to data_analysis.o(.bss..L_MergedGlobals) for total_speed_USB
    can_task.o(.ARM.exidx.text.CAN_Task) refers to can_task.o(.text.CAN_Task) for [Anonymous Symbol]
    control_task.o(.text.Control_Task) refers to cmsis_os.o(.text.osDelay) for osDelay
    control_task.o(.text.Control_Task) refers to usb_device.o(.text.MX_USB_DEVICE_Init) for MX_USB_DEVICE_Init
    control_task.o(.text.Control_Task) refers to usart.o(.bss.huart10) for huart10
    control_task.o(.text.Control_Task) refers to crc.o(.bss.btReceiveData) for btReceiveData
    control_task.o(.text.Control_Task) refers to stm32h7xx_hal_uart.o(.text.HAL_UART_Receive_IT) for HAL_UART_Receive_IT
    control_task.o(.text.Control_Task) refers to bsp_mcu.o(.text.MCU_Init) for MCU_Init
    control_task.o(.text.Control_Task) refers to arm_user.o(.text.ArmIK_ComponentInit) for ArmIK_ComponentInit
    control_task.o(.text.Control_Task) refers to mecanum_classic.o(.bss.total_vel) for total_vel
    control_task.o(.text.Control_Task) refers to leg.o(.bss.lf_leg) for lf_leg
    control_task.o(.text.Control_Task) refers to leg.o(.data.lf_last_theta2) for lf_last_theta2
    control_task.o(.text.Control_Task) refers to control_task.o(.bss..L_MergedGlobals) for .L_MergedGlobals
    control_task.o(.text.Control_Task) refers to crc.o(.bss..L_MergedGlobals) for legy
    control_task.o(.text.Control_Task) refers to bsp_usb.o(.bss.usb_Buf) for usb_Buf
    control_task.o(.text.Control_Task) refers to usbd_cdc_if.o(.text.CDC_App_Read) for CDC_App_Read
    control_task.o(.text.Control_Task) refers to bsp_usb.o(.text.Receive) for Receive
    control_task.o(.text.Control_Task) refers to leg.o(.bss.LEG_Cmd) for LEG_Cmd
    control_task.o(.text.Control_Task) refers to crc.o(.text.BT_Data_MAC_Process) for BT_Data_MAC_Process
    control_task.o(.text.Control_Task) refers to mecanum_classic.o(.data.mecParam) for mecParam
    control_task.o(.text.Control_Task) refers to mecanum_classic.o(.bss.total_speed) for total_speed
    control_task.o(.text.Control_Task) refers to mecanum_classic.o(.text.Mecanum_Calc) for Mecanum_Calc
    control_task.o(.text.Control_Task) refers to leg.o(.data.lf_last_theta1) for lf_last_theta1
    control_task.o(.text.Control_Task) refers to leg.o(.text.InverseKinematics_Continuous) for InverseKinematics_Continuous
    control_task.o(.text.Control_Task) refers to leg.o(.data.rf_last_theta1) for rf_last_theta1
    control_task.o(.text.Control_Task) refers to leg.o(.data.rf_last_theta2) for rf_last_theta2
    control_task.o(.text.Control_Task) refers to leg.o(.bss.rf_leg) for rf_leg
    control_task.o(.text.Control_Task) refers to leg.o(.bss.lb_leg) for lb_leg
    control_task.o(.text.Control_Task) refers to leg.o(.bss.rb_leg) for rb_leg
    control_task.o(.text.Control_Task) refers to arm_user.o(.text.ArmIK_ComponentStep) for ArmIK_ComponentStep
    control_task.o(.text.Control_Task) refers to arm_user.o(.text.ArmIK_GetAppState) for ArmIK_GetAppState
    control_task.o(.text.Control_Task) refers to arm_echo_uart10.o(.text.ArmEchoUart10_IsBusy) for ArmEchoUart10_IsBusy
    control_task.o(.text.Control_Task) refers to arm_echo_uart10.o(.text.ArmEchoUart10_StartSend_IT) for ArmEchoUart10_StartSend_IT
    control_task.o(.ARM.exidx.text.Control_Task) refers to control_task.o(.text.Control_Task) for [Anonymous Symbol]
    control_task.o(.text.Mecanum_task_USB) refers to mecanum_classic.o(.text.Mecanum_Calc) for Mecanum_Calc
[...]
    hfdcan3                                  0x20003128   Data         160  fdcan.o(.bss.hfdcan3)
    htim4                                    0x200031c8   Data          76  tim.o(.bss.htim4)
    huart10                                  0x20003214   Data         148  usart.o(.bss.huart10)
    lb_leg                                   0x200032a8   Data           4  leg.o(.bss.lb_leg)
    motor                                    0x200032ac   Data        2720  dm_motor_ctrl.o(.bss.motor)
    motor_fdcan2                             0x20003d4c   Data         224  fdcan_receive.o(.bss.motor_fdcan2)
    pid_pos_2                                0x20003e2c   Data         640  pid_user.o(.bss.pid_pos_2)
    pid_pos_3                                0x200040ac   Data         640  pid_user.o(.bss.pid_pos_3)
    rf_leg                                   0x2000432c   Data           8  leg.o(.bss.rf_leg)
    sReg                                     0x20004334   Data         288  wit_c_sdk.o(.bss.sReg)
    total_vel                                0x20004458   Data          12  mecanum_classic.o(.bss.total_vel)
    motor_speed_3508_pid_2                   0x24000000   Data          32  pid_user.o(.data..L_MergedGlobals)
    motor_position_3508_pid_2                0x24000020   Data          32  pid_user.o(.data..L_MergedGlobals)
    motor_speed_3508_pid_3                   0x24000040   Data          32  pid_user.o(.data..L_MergedGlobals)
    L1                                       0x24000060   Data           4  leg.o(.data..L_MergedGlobals)
    L2                                       0x24000064   Data           4  leg.o(.data..L_MergedGlobals)
    SystemCoreClock                          0x24000068   Data           4  system_stm32h7xx.o(.data..L_MergedGlobals)
    SystemD2Clock                            0x2400006c   Data           4  system_stm32h7xx.o(.data..L_MergedGlobals)
    USBD_Interface_fops_HS                   0x24000070   Data          20  usbd_cdc_if.o(.data.USBD_Interface_fops_HS)
    lf_last_theta1                           0x24000084   Data           4  leg.o(.data.lf_last_theta1)
    lf_last_theta2                           0x24000088   Data           4  leg.o(.data.lf_last_theta2)
    mecParam                                 0x2400008c   Data          16  mecanum_classic.o(.data.mecParam)
    motor_position_3508_pid_3                0x2400009c   Data          32  pid_user.o(.data.motor_position_3508_pid_3)
    rf_last_theta2                           0x240000bc   Data           4  leg.o(.data.rf_last_theta2)
    __libspace_start                         0x240000c8   Data          96  libspace.o(.bss)
    BT_Uart10                                0x24000128   Data           1  crc.o(.bss..L_MergedGlobals)
    __temporary_stack_top$libspace           0x24000128   Data           0  libspace.o(.bss)
    data_index                               0x24000129   Data           1  crc.o(.bss..L_MergedGlobals)
    checksum                                 0x2400012a   Data           1  crc.o(.bss..L_MergedGlobals)
    bt_parse_ok                              0x2400012b   Data           1  crc.o(.bss..L_MergedGlobals)
    USB_Task_flag                            0x2400012c   Data           1  crc.o(.bss..L_MergedGlobals)
    USART_Task_flag                          0x2400012d   Data           1  crc.o(.bss..L_MergedGlobals)
    UU_flag                                  0x2400012e   Data           1  crc.o(.bss..L_MergedGlobals)
    leg_flag                                 0x2400012f   Data           1  crc.o(.bss..L_MergedGlobals)
    arm_flag                                 0x24000130   Data           1  crc.o(.bss..L_MergedGlobals)
    pre_step_flag                            0x24000131   Data           1  crc.o(.bss..L_MergedGlobals)
    legx                                     0x24000134   Data           4  crc.o(.bss..L_MergedGlobals)
    legy                                     0x24000138   Data           4  crc.o(.bss..L_MergedGlobals)
    leghtheta                                0x2400013c   Data           4  crc.o(.bss..L_MergedGlobals)
    arm_X                                    0x24000140   Data           4  crc.o(.bss..L_MergedGlobals)
    arm_Y                                    0x24000144   Data           4  crc.o(.bss..L_MergedGlobals)
    arm_Z                                    0x24000148   Data           4  crc.o(.bss..L_MergedGlobals)
    mid_X                                    0x2400014c   Data           4  crc.o(.bss..L_MergedGlobals)
    mid_Y                                    0x24000150   Data           4  crc.o(.bss..L_MergedGlobals)
    mid_Z                                    0x24000154   Data           4  crc.o(.bss..L_MergedGlobals)
    pre_step_wheel_speed                     0x24000158   Data           4  crc.o(.bss..L_MergedGlobals)
    bt_data                                  0x2400015c   Data          14  crc.o(.bss..L_MergedGlobals)
    Mecanum_control_flag                     0x2400016c   Data           1  data_analysis.o(.bss..L_MergedGlobals)
    LEG_control_flag                         0x2400016d   Data           1  data_analysis.o(.bss..L_MergedGlobals)
    Arm_control_flag                         0x2400016e   Data           1  data_analysis.o(.bss..L_MergedGlobals)
    state_arm_flag_num                       0x2400016f   Data           1  data_analysis.o(.bss..L_MergedGlobals)
    legx_USB                                 0x24000170   Data           4  data_analysis.o(.bss..L_MergedGlobals)
    legy_USB                                 0x24000174   Data           4  data_analysis.o(.bss..L_MergedGlobals)
    leghtheta_USB                            0x24000178   Data           4  data_analysis.o(.bss..L_MergedGlobals)
    ARM_setX_USB                             0x2400017c   Data           4  data_analysis.o(.bss..L_MergedGlobals)
    ARM_setY_USB                             0x24000180   Data           4  data_analysis.o(.bss..L_MergedGlobals)
    ARM_setZ_USB                             0x24000184   Data           4  data_analysis.o(.bss..L_MergedGlobals)
    state_arm_flag_count                     0x24000188   Data           4  data_analysis.o(.bss..L_MergedGlobals)
    total_vel_USB                            0x2400018c   Data          12  data_analysis.o(.bss..L_MergedGlobals)
    total_speed_USB                          0x24000198   Data          16  data_analysis.o(.bss..L_MergedGlobals)
    Start_Control_THandle                    0x240001a8   Data           4  freertos.o(.bss..L_MergedGlobals)
    Start_CAN_TaskHandle                     0x240001ac   Data           4  freertos.o(.bss..L_MergedGlobals)
    Start_INS_TaskHandle                     0x240001b0   Data           4  freertos.o(.bss..L_MergedGlobals)
    LEG_Cmd                                  0x24000200   Data           1  leg.o(.bss.LEG_Cmd)
    Start_CAN_TaskBuffer                     0x24000204   Data        8192  freertos.o(.bss.Start_CAN_TaskBuffer)
    Start_CAN_TaskControlBlock               0x24002204   Data          84  freertos.o(.bss.Start_CAN_TaskControlBlock)
    Start_Control_TBuffer                    0x24002258   Data        8192  freertos.o(.bss.Start_Control_TBuffer)
    UserRxBufferHS                           0x24004478   Data        2048  usbd_cdc_if.o(.bss.UserRxBufferHS)
    btReceiveData                            0x24004c78   Data           1  crc.o(.bss.btReceiveData)
    hfdcan2                                  0x24004c7c   Data         160  fdcan.o(.bss.hfdcan2)
    hpcd_USB_OTG_HS                          0x24004d1c   Data        1252  usbd_conf.o(.bss.hpcd_USB_OTG_HS)
    htim2                                    0x24005200   Data          76  stm32h7xx_hal_timebase_tim.o(.bss.htim2)
    htim3                                    0x2400524c   Data          76  tim.o(.bss.htim3)
    huart7                                   0x24005298   Data         148  usart.o(.bss.huart7)
    imu_data                                 0x2400532c   Data          40  imu.o(.bss.imu_data)
    imu_rx_byte                              0x24005354   Data           1  imu.o(.bss.imu_rx_byte)
    lf_leg                                   0x24005358   Data           8  leg.o(.bss.lf_leg)
    motor_fdcan3                             0x24005360   Data         224  fdcan_receive.o(.bss.motor_fdcan3)
    pid_v_2                                  0x24005440   Data         640  pid_user.o(.bss.pid_v_2)
    pid_v_3                                  0x240056c0   Data         640  pid_user.o(.bss.pid_v_3)
    rb_leg                                   0x240059cc   Data           4  leg.o(.bss.rb_leg)
    s_rxRing                                 0x240059d0   Data        4096  usbd_cdc_if.o(.bss.s_rxRing)
    s_txRing                                 0x240069d0   Data        4096  usbd_cdc_if.o(.bss.s_txRing)
    total_speed                              0x24007ad0   Data          16  mecanum_classic.o(.bss.total_speed)
    usb_Buf                                  0x24007ae0   Data         300  bsp_usb.o(.bss.usb_Buf)
    uwTick                                   0x24007c0c   Data           4  stm32h7xx_hal.o(.bss.uwTick)



==============================================================================

Memory Map of the image

  Image Entry point : 0x080002cd

  Load Region LR_IROM1 (Base: 0x08000000, Size: 0x000119e8, Max: 0x00100000, ABSOLUTE)

    Execution Region ER_IROM1 (Exec base: 0x08000000, Load base: 0x08000000, Size: 0x0001182c, Max: 0x00100000, ABSOLUTE)

    Exec Addr    Load Addr    Size         Type   Attr      Idx    E Section Name        Object

    0x08000000   0x08000000   0x000002cc   Data   RO          486    RESET               startup_stm32h723xx.o
    0x080002cc   0x080002cc   0x00000008   Code   RO         3161  * !!!main             c_w.l(__main.o)
    0x080002d4   0x080002d4   0x0000005c   Code   RO         3399    !!!scatter          c_w.l(__scatter.o)
    0x08000330   0x08000330   0x0000005a   Code   RO         3397    !!dczerorl2         c_w.l(__dczerorl2.o)
    0x0800038a   0x0800038a   0x00000002   PAD
    0x0800038c   0x0800038c   0x0000001a   Code   RO         3403    !!handler_copy      c_w.l(__scatter_copy.o)
    0x080003a6   0x080003a6   0x00000002   PAD
    0x080003a8   0x080003a8   0x00000002   Code   RO         3400    !!handler_null      c_w.l(__scatter.o)
    0x080003aa   0x080003aa   0x00000002   PAD
    0x080003ac   0x080003ac   0x0000001c   Code   RO         3405    !!handler_zi        c_w.l(__scatter_zi.o)
    0x080003c8   0x080003c8   0x00000002   Code   RO         3262    .ARM.Collect$$libinit$$00000000  c_w.l(libinit.o)
    0x080003ca   0x080003ca   0x00000004   Code   RO         3271    .ARM.Collect$$libinit$$00000001  c_w.l(libinit2.o)
    0x080003ce   0x080003ce   0x00000000   Code   RO         3274    .ARM.Collect$$libinit$$00000004  c_w.l(libinit2.o)
    0x080003ce   0x080003ce   0x00000000   Code   RO         3276    .ARM.Collect$$libinit$$00000006  c_w.l(libinit2.o)
    0x080003ce   0x080003ce   0x00000000   Code   RO         3279    .ARM.Collect$$libinit$$0000000C  c_w.l(libinit2.o)
    0x080003ce   0x080003ce   0x00000000   Code   RO         3281    .ARM.Collect$$libinit$$0000000E  c_w.l(libinit2.o)
    0x080003ce   0x080003ce   0x00000000   Code   RO         3283    .ARM.Collect$$libinit$$00000010  c_w.l(libinit2.o)
    0x080003ce   0x080003ce   0x00000000   Code   RO         3286    .ARM.Collect$$libinit$$00000013  c_w.l(libinit2.o)
    0x080003ce   0x080003ce   0x00000000   Code   RO         3288    .ARM.Collect$$libinit$$00000015  c_w.l(libinit2.o)
    0x080003ce   0x080003ce   0x00000000   Code   RO         3290    .ARM.Collect$$libinit$$00000017  c_w.l(libinit2.o)
    0x080003ce   0x080003ce   0x00000000   Code   RO         3292    .ARM.Collect$$libinit$$00000019  c_w.l(libinit2.o)
    0x080003ce   0x080003ce   0x00000000   Code   RO         3294    .ARM.Collect$$libinit$$0000001B  c_w.l(libinit2.o)
    0x080003ce   0x080003ce   0x00000000   Code   RO         3296    .ARM.Collect$$libinit$$0000001D  c_w.l(libinit2.o)
    0x080003ce   0x080003ce   0x00000000   Code   RO         3298    .ARM.Collect$$libinit$$0000001F  c_w.l(libinit2.o)
    0x080003ce   0x080003ce   0x00000000   Code   RO         3300    .ARM.Collect$$libinit$$00000021  c_w.l(libinit2.o)
    0x080003ce   0x080003ce   0x00000000   Code   RO         3302    .ARM.Collect$$libinit$$00000023  c_w.l(libinit2.o)
    0x080003ce   0x080003ce   0x00000000   Code   RO         3304    .ARM.Collect$$libinit$$00000025  c_w.l(libinit2.o)
    0x080003ce   0x080003ce   0x00000000   Code   RO         3306    .ARM.Collect$$libinit$$00000027  c_w.l(libinit2.o)
    0x080003ce   0x080003ce   0x00000000   Code   RO         3310    .ARM.Collect$$libinit$$0000002E  c_w.l(libinit2.o)
    0x080003ce   0x080003ce   0x00000000   Code   RO         3312    .ARM.Collect$$libinit$$00000030  c_w.l(libinit2.o)
    0x080003ce   0x080003ce   0x00000000   Code   RO         3314    .ARM.Collect$$libinit$$00000032  c_w.l(libinit2.o)
    0x080003ce   0x080003ce   0x00000000   Code   RO         3316    .ARM.Collect$$libinit$$00000034  c_w.l(libinit2.o)
    0x080003ce   0x080003ce   0x00000002   Code   RO         3317    .ARM.Collect$$libinit$$00000035  c_w.l(libinit2.o)
    0x080003d0   0x080003d0   0x00000002   Code   RO         3352    .ARM.Collect$$libshutdown$$00000000  c_w.l(libshutdown.o)
    0x080003d2   0x080003d2   0x00000000   Code   RO         3380    .ARM.Collect$$libshutdown$$00000002  c_w.l(libshutdown2.o)
    0x080003d2   0x080003d2   0x00000000   Code   RO         3382    .ARM.Collect$$libshutdown$$00000004  c_w.l(libshutdown2.o)
    0x080003d2   0x080003d2   0x00000000   Code   RO         3385    .ARM.Collect$$libshutdown$$00000007  c_w.l(libshutdown2.o)
    0x080003d2   0x080003d2   0x00000000   Code   RO         3388    .ARM.Collect$$libshutdown$$0000000A  c_w.l(libshutdown2.o)
    0x080003d2   0x080003d2   0x00000000   Code   RO         3390    .ARM.Collect$$libshutdown$$0000000C  c_w.l(libshutdown2.o)
    0x080003d2   0x080003d2   0x00000000   Code   RO         3393    .ARM.Collect$$libshutdown$$0000000F  c_w.l(libshutdown2.o)
    0x080003d2   0x080003d2   0x00000002   Code   RO         3394    .ARM.Collect$$libshutdown$$00000010  c_w.l(libshutdown2.o)
    0x080003d4   0x080003d4   0x00000000   Code   RO         3187    .ARM.Collect$$rtentry$$00000000  c_w.l(__rtentry.o)
    0x080003d4   0x080003d4   0x00000000   Code   RO         3225    .ARM.Collect$$rtentry$$00000002  c_w.l(__rtentry2.o)
    0x080003d4   0x080003d4   0x00000006   Code   RO         3237    .ARM.Collect$$rtentry$$00000004  c_w.l(__rtentry4.o)
    0x080003da   0x080003da   0x00000000   Code   RO         3227    .ARM.Collect$$rtentry$$00000009  c_w.l(__rtentry2.o)
    0x080003da   0x080003da   0x00000004   Code   RO         3228    .ARM.Collect$$rtentry$$0000000A  c_w.l(__rtentry2.o)
    0x080003de   0x080003de   0x00000000   Code   RO         3230    .ARM.Collect$$rtentry$$0000000C  c_w.l(__rtentry2.o)
    0x080003de   0x080003de   0x00000008   Code   RO         3231    .ARM.Collect$$rtentry$$0000000D  c_w.l(__rtentry2.o)
    0x080003e6   0x080003e6   0x00000002   Code   RO         3263    .ARM.Collect$$rtexit$$00000000  c_w.l(rtexit.o)
    0x080003e8   0x080003e8   0x00000000   Code   RO         3323    .ARM.Collect$$rtexit$$00000002  c_w.l(rtexit2.o)
    0x080003e8   0x080003e8   0x00000004   Code   RO         3324    .ARM.Collect$$rtexit$$00000003  c_w.l(rtexit2.o)
    0x080003ec   0x080003ec   0x00000006   Code   RO         3325    .ARM.Collect$$rtexit$$00000004  c_w.l(rtexit2.o)
    0x080003f2   0x080003f2   0x00000002   PAD
    0x080003f4   0x080003f4   0x00000048   Code   RO          487    .text               startup_stm32h723xx.o
    0x0800043c   0x0800043c   0x000000f0   Code   RO         3151    .text               c_w.l(lludivv7m.o)
    0x0800052c   0x0800052c   0x0000008a   Code   RO         3153    .text               c_w.l(rt_memcpy_v6.o)
    0x080005b6   0x080005b6   0x0000004e   Code   RO         3157    .text               c_w.l(rt_memclr_w.o)
    0x08000604   0x08000604   0x00000006   Code   RO         3159    .text               c_w.l(heapauxi.o)
    0x0800060a   0x0800060a   0x00000016   Code   RO         3192    .text               c_w.l(_rserrno.o)
    0x08000620   0x08000620   0x00000064   Code   RO         3194    .text               c_w.l(rt_memcpy_w.o)
    0x08000684   0x08000684   0x00000008   Code   RO         3244    .text               c_w.l(rt_errno_addr_intlibspace.o)
    0x0800068c   0x0800068c   0x00000008   Code   RO         3246    .text               c_w.l(libspace.o)
    0x08000694   0x08000694   0x0000004a   Code   RO         3249    .text               c_w.l(sys_stackheap_outer.o)
    0x080006de   0x080006de   0x00000012   Code   RO         3251    .text               c_w.l(exit.o)
    0x080006f0   0x080006f0   0x0000000c   Code   RO         3318    .text               c_w.l(sys_exit.o)
    0x080006fc   0x080006fc   0x00000002   Code   RO         3341    .text               c_w.l(use_no_semi.o)
    0x080006fe   0x080006fe   0x00000000   Code   RO         3343    .text               c_w.l(indicate_semi.o)
    0x080006fe   0x080006fe   0x00000002   PAD
    0x08000700   0x08000700   0x0000001c   Code   RO          310    .text.Arm3R_DegToRad  arm_ik_3r_safe_stm32h7.o
    0x0800071c   0x0800071c   0x00000004   PAD
    0x08000720   0x08000720   0x0000005a   Code   RO          334    .text.Arm3R_GeomCtrlToMotorCtrl  arm_ik_3r_safe_stm32h7.o
    0x0800077a   0x0800077a   0x00000006   PAD
    0x08000780   0x08000780   0x00000008   Code   RO          320    .text.Arm3R_GetResult  arm_ik_3r_safe_stm32h7.o
    0x08000788   0x08000788   0x00000050   Code   RO          318    .text.Arm3R_Init    arm_ik_3r_safe_stm32h7.o
    0x080007d8   0x080007d8   0x0000001c   Code   RO          312    .text.Arm3R_RadToDeg  arm_ik_3r_safe_stm32h7.o
    0x080007f4   0x080007f4   0x00000004   PAD
    0x080007f8   0x080007f8   0x000006e4   Code   RO          332    .text.Arm3R_Solve   arm_ik_3r_safe_stm32h7.o
    0x08000edc   0x08000edc   0x00000004   PAD
    0x08000ee0   0x08000ee0   0x00000202   Code   RO          368    .text.ArmEchoUart10_BuildPacket  arm_echo_uart10.o
    0x080010e2   0x080010e2   0x00000006   PAD
    0x080010e8   0x080010e8   0x0000000e   Code   RO          376    .text.ArmEchoUart10_ErrorHandler  arm_echo_uart10.o
    0x080010f6   0x080010f6   0x00000002   PAD
    0x080010f8   0x080010f8   0x0000000c   Code   RO          370    .text.ArmEchoUart10_IsBusy  arm_echo_uart10.o
    0x08001104   0x08001104   0x00000004   PAD
    0x08001108   0x08001108   0x00000042   Code   RO          372    .text.ArmEchoUart10_StartSend_IT  arm_echo_uart10.o
    0x0800114a   0x0800114a   0x00000006   PAD
    0x08001150   0x08001150   0x0000000e   Code   RO          374    .text.ArmEchoUart10_TxCpltHandler  arm_echo_uart10.o
    0x0800115e   0x0800115e   0x00000002   PAD
    0x08001160   0x08001160   0x00000074   Code   RO          344    .text.ArmIK_ComponentInit  arm_user.o
    0x080011d4   0x080011d4   0x00000004   PAD
    0x080011d8   0x080011d8   0x0000025c   Code   RO          346    .text.ArmIK_ComponentStep  arm_user.o
    0x08001434   0x08001434   0x00000004   PAD
    0x08001438   0x08001438   0x0000000a   Code   RO          352    .text.ArmIK_GetAppState  arm_user.o
    0x08001442   0x08001442   0x00000006   PAD
    0x08001448   0x08001448   0x00000080   Code   RO           17    .text.Arm_task_USB  control_task.o
    0x080014c8   0x080014c8   0x000002e8   Code   RO          258    .text.BT_Data_MAC_Process  crc.o
    0x080017b0   0x080017b0   0x00000002   Code   RO          614    .text.BusFault_Handler  stm32h7xx_it.o
    0x080017b2   0x080017b2   0x00000006   PAD
    0x080017b8   0x080017b8   0x0000034c   Code   RO            2    .text.CAN_Task      can_task.o
    0x08001b04   0x08001b04   0x00000004   PAD
    0x08001b08   0x08001b08   0x0000004e   Code   RO          734    .text.CDC_App_Read  usbd_cdc_if.o
    0x08001b56   0x08001b56   0x00000002   PAD
    0x08001b58   0x08001b58   0x0000001c   Code   RO          730    .text.CDC_App_TxFree  usbd_cdc_if.o
    0x08001b74   0x08001b74   0x00000004   PAD
    0x08001b78   0x08001b78   0x000001b4   Code   RO          736    .text.CDC_App_Write  usbd_cdc_if.o
    0x08001d2c   0x08001d2c   0x00000004   PAD
    0x08001d30   0x08001d30   0x00000016   Code   RO          718    .text.CDC_Control_HS  usbd_cdc_if.o
    0x08001d46   0x08001d46   0x00000002   PAD
    0x08001d48   0x08001d48   0x00000004   Code   RO          716    .text.CDC_DeInit_HS  usbd_cdc_if.o
    0x08001d4c   0x08001d4c   0x00000004   PAD
    0x08001d50   0x08001d50   0x00000048   Code   RO          714    .text.CDC_Init_HS   usbd_cdc_if.o
    0x08001d98   0x08001d98   0x00000064   Code   RO          720    .text.CDC_Receive_HS  usbd_cdc_if.o
    0x08001dfc   0x08001dfc   0x00000004   PAD
    0x08001e00   0x08001e00   0x00000004   Code   RO          722    .text.CDC_TransmitCplt_HS  usbd_cdc_if.o
    0x08001e04   0x08001e04   0x00000004   PAD
    0x08001e08   0x08001e08   0x0000034c   Code   RO           11    .text.Control_Task  control_task.o
    0x08002154   0x08002154   0x00000004   PAD
    0x08002158   0x08002158   0x00000534   Code   RO          387    .text.Data_Analysis  data_analysis.o
    0x0800268c   0x0800268c   0x00000004   PAD
    0x08002690   0x08002690   0x00000002   Code   RO          618    .text.DebugMon_Handler  stm32h7xx_it.o
    0x08002692   0x08002692   0x00000006   PAD
    0x08002698   0x08002698   0x00000018   Code   RO          438    .text.Delay_ms      bsp_tick.o
    0x080026b0   0x080026b0   0x0000000a   Code   RO          498    .text.Error_Handler  main.o
    0x080026ba   0x080026ba   0x00000006   PAD
    0x080026c0   0x080026c0   0x0000002c   Code   RO         2576    .text.ExitRun0Mode  system_stm32h7xx.o
    0x080026ec   0x080026ec   0x00000004   PAD
    0x080026f0   0x080026f0   0x0000000c   Code   RO          620    .text.FDCAN1_IT0_IRQHandler  stm32h7xx_it.o
    0x080026fc   0x080026fc   0x00000004   PAD
    0x08002700   0x08002700   0x0000000c   Code   RO          624    .text.FDCAN1_IT1_IRQHandler  stm32h7xx_it.o
    0x0800270c   0x0800270c   0x00000004   PAD
    0x08002710   0x08002710   0x00000062   Code   RO          156    .text.FDCAN2_CMD_1  fdcan_receive.o
    0x08002772   0x08002772   0x00000006   PAD
    0x08002778   0x08002778   0x00000054   Code   RO          412    .text.FDCAN2_Filter_Init  bsp_fdcan.o
    0x080027cc   0x080027cc   0x00000004   PAD
    0x080027d0   0x080027d0   0x0000000c   Code   RO          622    .text.FDCAN2_IT0_IRQHandler  stm32h7xx_it.o
    0x080027dc   0x080027dc   0x00000004   PAD
    0x080027e0   0x080027e0   0x0000000c   Code   RO          626    .text.FDCAN2_IT1_IRQHandler  stm32h7xx_it.o
    0x080027ec   0x080027ec   0x00000004   PAD
    0x080027f0   0x080027f0   0x00000062   Code   RO          160    .text.FDCAN3_CMD_1  fdcan_receive.o
    0x08002852   0x08002852   0x00000006   PAD
    0x08002858   0x08002858   0x00000056   Code   RO          414    .text.FDCAN3_Filter_Init  bsp_fdcan.o
    0x080028ae   0x080028ae   0x00000002   PAD
    0x080028b0   0x080028b0   0x0000000c   Code   RO          640    .text.FDCAN3_IT0_IRQHandler  stm32h7xx_it.o
    0x080028bc   0x080028bc   0x00000004   PAD
    0x080028c0   0x080028c0   0x0000000c   Code   RO          642    .text.FDCAN3_IT1_IRQHandler  stm32h7xx_it.o
    0x080028cc   0x080028cc   0x00000004   PAD
    0x080028d0   0x080028d0   0x0000052e   Code   RO         1588    .text.HAL_DMA_Abort  stm32h7xx_hal_dma.o
    0x08002dfe   0x08002dfe   0x00000002   PAD
    0x08002e00   0x08002e00   0x000002b8   Code   RO         1590    .text.HAL_DMA_Abort_IT  stm32h7xx_hal_dma.o
    0x080030b8   0x080030b8   0x00000028   Code   RO         1882    .text.HAL_Delay     stm32h7xx_hal.o
    0x080030e0   0x080030e0   0x0000008c   Code   RO         2328    .text.HAL_FDCAN_ActivateNotification  stm32h7xx_hal_fdcan.o
    0x0800316c   0x0800316c   0x00000004   PAD
    0x08003170   0x08003170   0x000000ea   Code   RO         2250    .text.HAL_FDCAN_AddMessageToTxFifoQ  stm32h7xx_hal_fdcan.o
    0x0800325a   0x0800325a   0x00000006   PAD
    0x08003260   0x08003260   0x00000002   Code   RO         2342    .text.HAL_FDCAN_ClockCalibrationCallback  stm32h7xx_hal_fdcan.o
    0x08003262   0x08003262   0x00000006   PAD
    0x08003268   0x08003268   0x00000062   Code   RO         2210    .text.HAL_FDCAN_ConfigFifoWatermark  stm32h7xx_hal_fdcan.o
    0x080032ca   0x080032ca   0x00000006   PAD
    0x080032d0   0x080032d0   0x0000008c   Code   RO         2202    .text.HAL_FDCAN_ConfigFilter  stm32h7xx_hal_fdcan.o
    0x0800335c   0x0800335c   0x00000004   PAD
    0x08003360   0x08003360   0x00000038   Code   RO         2204    .text.HAL_FDCAN_ConfigGlobalFilter  stm32h7xx_hal_fdcan.o
    0x08003398   0x08003398   0x0000002c   Code   RO         2184    .text.HAL_FDCAN_DeInit  stm32h7xx_hal_fdcan.o
    0x080033c4   0x080033c4   0x00000004   PAD
    0x080033c8   0x080033c8   0x00000002   Code   RO         2370    .text.HAL_FDCAN_ErrorCallback  stm32h7xx_hal_fdcan.o
    0x080033ca   0x080033ca   0x00000006   PAD
    0x080033d0   0x080033d0   0x00000012   Code   RO          408    .text.HAL_FDCAN_ErrorStatusCallback  bsp_fdcan.o
    0x080033e2   0x080033e2   0x00000006   PAD
    0x080033e8   0x080033e8   0x000001e6   Code   RO         2260    .text.HAL_FDCAN_GetRxMessage  stm32h7xx_hal_fdcan.o
    0x080035ce   0x080035ce   0x00000002   PAD
    0x080035d0   0x080035d0   0x00000002   Code   RO         2338    .text.HAL_FDCAN_HighPriorityMessageCallback  stm32h7xx_hal_fdcan.o
    0x080035d2   0x080035d2   0x00000006   PAD
    0x080035d8   0x080035d8   0x00000322   Code   RO         2336    .text.HAL_FDCAN_IRQHandler  stm32h7xx_hal_fdcan.o
    0x080038fa   0x080038fa   0x00000006   PAD
    0x08003900   0x08003900   0x00000400   Code   RO         2180    .text.HAL_FDCAN_Init  stm32h7xx_hal_fdcan.o
    0x08003d00   0x08003d00   0x000000f4   Code   RO          557    .text.HAL_FDCAN_MspDeInit  fdcan.o
    0x08003df4   0x08003df4   0x00000004   PAD
    0x08003df8   0x08003df8   0x000001c4   Code   RO          555    .text.HAL_FDCAN_MspInit  fdcan.o
    0x08003fbc   0x08003fbc   0x00000004   PAD
    0x08003fc0   0x08003fc0   0x00000002   Code   RO         2354    .text.HAL_FDCAN_RxBufferNewMessageCallback  stm32h7xx_hal_fdcan.o
    0x08003fc2   0x08003fc2   0x00000006   PAD
    0x08003fc8   0x08003fc8   0x00000012   Code   RO          416    .text.HAL_FDCAN_RxFifo0Callback  bsp_fdcan.o
    0x08003fda   0x08003fda   0x00000006   PAD
    0x08003fe0   0x08003fe0   0x000000a4   Code   RO          418    .text.HAL_FDCAN_RxFifo1Callback  bsp_fdcan.o
    0x08004084   0x08004084   0x00000004   PAD
    0x08004088   0x08004088   0x00000034   Code   RO         2248    .text.HAL_FDCAN_Start  stm32h7xx_hal_fdcan.o
    0x080040bc   0x080040bc   0x00000004   PAD
    0x080040c0   0x080040c0   0x00000382   Code   RO         2186    .text.HAL_FDCAN_Stop  stm32h7xx_hal_fdcan.o
    0x08004442   0x08004442   0x00000006   PAD
    0x08004448   0x08004448   0x00000002   Code   RO         2368    .text.HAL_FDCAN_TT_GlobalTimeCallback  stm32h7xx_hal_fdcan.o
    0x0800444a   0x0800444a   0x00000006   PAD
    0x08004450   0x08004450   0x00000002   Code   RO         2362    .text.HAL_FDCAN_TT_ScheduleSyncCallback  stm32h7xx_hal_fdcan.o
    0x08004452   0x08004452   0x00000006   PAD
    0x08004458   0x08004458   0x00000002   Code   RO         2366    .text.HAL_FDCAN_TT_StopWatchCallback  stm32h7xx_hal_fdcan.o
    0x0800445a   0x0800445a   0x00000006   PAD
    0x08004460   0x08004460   0x00000002   Code   RO         2364    .text.HAL_FDCAN_TT_TimeMarkCallback  stm32h7xx_hal_fdcan.o
    0x08004462   0x08004462   0x00000006   PAD
    0x08004468   0x08004468   0x00000002   Code   RO         2358    .text.HAL_FDCAN_TimeoutOccurredCallback  stm32h7xx_hal_fdcan.o
    0x0800446a   0x0800446a   0x00000006   PAD
    0x08004470   0x08004470   0x00000002   Code   RO         2356    .text.HAL_FDCAN_TimestampWraparoundCallback  stm32h7xx_hal_fdcan.o
    0x08004472   0x08004472   0x00000006   PAD
    0x08004478   0x08004478   0x00000002   Code   RO         2340    .text.HAL_FDCAN_TxBufferAbortCallback  stm32h7xx_hal_fdcan.o
    0x0800447a   0x0800447a   0x00000006   PAD
    0x08004480   0x08004480   0x00000002   Code   RO         2352    .text.HAL_FDCAN_TxBufferCompleteCallback  stm32h7xx_hal_fdcan.o
    0x08004482   0x08004482   0x00000006   PAD
    0x08004488   0x08004488   0x00000002   Code   RO         2344    .text.HAL_FDCAN_TxEventFifoCallback  stm32h7xx_hal_fdcan.o
    0x0800448a   0x0800448a   0x00000006   PAD
    0x08004490   0x08004490   0x00000002   Code   RO         2350    .text.HAL_FDCAN_TxFifoEmptyCallback  stm32h7xx_hal_fdcan.o
    0x08004492   0x08004492   0x00000006   PAD
    0x08004498   0x08004498   0x00000110   Code   RO         1524    .text.HAL_GPIO_DeInit  stm32h7xx_hal_gpio.o
    0x080045a8   0x080045a8   0x000001a2   Code   RO         1522    .text.HAL_GPIO_Init  stm32h7xx_hal_gpio.o
    0x0800474a   0x0800474a   0x00000006   PAD
    0x08004750   0x08004750   0x0000000a   Code   RO         1528    .text.HAL_GPIO_WritePin  stm32h7xx_hal_gpio.o
    0x0800475a   0x0800475a   0x00000006   PAD
    0x08004760   0x08004760   0x0000000c   Code   RO         1874    .text.HAL_GetTick   stm32h7xx_hal.o
    0x0800476c   0x0800476c   0x00000004   PAD
    0x08004770   0x08004770   0x0000001a   Code   RO         1872    .text.HAL_IncTick   stm32h7xx_hal.o
    0x0800478a   0x0800478a   0x00000006   PAD
    0x08004790   0x08004790   0x00000064   Code   RO         1862    .text.HAL_Init      stm32h7xx_hal.o
    0x080047f4   0x080047f4   0x00000004   PAD
    0x080047f8   0x080047f8   0x000000a4   Code   RO          660    .text.HAL_InitTick  stm32h7xx_hal_timebase_tim.o
    0x0800489c   0x0800489c   0x00000004   PAD
    0x080048a0   0x080048a0   0x0000005e   Code   RO         1832    .text.HAL_MPU_ConfigRegion  stm32h7xx_hal_cortex.o
    0x080048fe   0x080048fe   0x00000002   PAD
    0x08004900   0x08004900   0x0000001a   Code   RO         1824    .text.HAL_MPU_Disable  stm32h7xx_hal_cortex.o
    0x0800491a   0x0800491a   0x00000006   PAD
    0x08004920   0x08004920   0x00000020   Code   RO         1826    .text.HAL_MPU_Enable  stm32h7xx_hal_cortex.o
    0x08004940   0x08004940   0x0000002a   Code   RO          651    .text.HAL_MspInit   stm32h7xx_hal_msp.o
    0x0800496a   0x0800496a   0x00000006   PAD
    0x08004970   0x08004970   0x0000002a   Code   RO         1816    .text.HAL_NVIC_DisableIRQ  stm32h7xx_hal_cortex.o
    0x0800499a   0x0800499a   0x00000006   PAD
    0x080049a0   0x080049a0   0x00000022   Code   RO         1814    .text.HAL_NVIC_EnableIRQ  stm32h7xx_hal_cortex.o
    0x080049c2   0x080049c2   0x00000006   PAD
    0x080049c8   0x080049c8   0x0000005a   Code   RO         1812    .text.HAL_NVIC_SetPriority  stm32h7xx_hal_cortex.o
    0x08004a22   0x08004a22   0x00000006   PAD
    0x08004a28   0x08004a28   0x00000020   Code   RO         1810    .text.HAL_NVIC_SetPriorityGrouping  stm32h7xx_hal_cortex.o
    0x08004a48   0x08004a48   0x00000026   Code   RO         1235    .text.HAL_PCDEx_ActivateLPM  stm32h7xx_hal_pcd_ex.o
    0x08004a6e   0x08004a6e   0x00000002   PAD
    0x08004a70   0x08004a70   0x00000002   Code   RO         1247    .text.HAL_PCDEx_LPM_Callback  stm32h7xx_hal_pcd_ex.o
    0x08004a72   0x08004a72   0x00000006   PAD
    0x08004a78   0x08004a78   0x00000008   Code   RO         1233    .text.HAL_PCDEx_SetRxFiFo  stm32h7xx_hal_pcd_ex.o
    0x08004a80   0x08004a80   0x000000da   Code   RO         1231    .text.HAL_PCDEx_SetTxFiFo  stm32h7xx_hal_pcd_ex.o
    0x08004b5a   0x08004b5a   0x00000006   PAD
    0x08004b60   0x08004b60   0x00000008   Code   RO          774    .text.HAL_PCD_ConnectCallback  usbd_conf.o
    0x08004b68   0x08004b68   0x00000012   Code   RO          760    .text.HAL_PCD_DataInStageCallback  usbd_conf.o
    0x08004b7a   0x08004b7a   0x00000006   PAD
    0x08004b80   0x08004b80   0x00000014   Code   RO          758    .text.HAL_PCD_DataOutStageCallback  usbd_conf.o
    0x08004b94   0x08004b94   0x00000004   PAD
    0x08004b98   0x08004b98   0x00000008   Code   RO          776    .text.HAL_PCD_DisconnectCallback  usbd_conf.o
    0x08004ba0   0x08004ba0   0x00000056   Code   RO         1201    .text.HAL_PCD_EP_Close  stm32h7xx_hal_pcd.o
    0x08004bf6   0x08004bf6   0x00000002   PAD
    0x08004bf8   0x08004bf8   0x00000068   Code   RO         1211    .text.HAL_PCD_EP_ClrStall  stm32h7xx_hal_pcd.o
    0x08004c60   0x08004c60   0x00000012   Code   RO         1205    .text.HAL_PCD_EP_GetRxCount  stm32h7xx_hal_pcd.o
    0x08004c72   0x08004c72   0x00000006   PAD
    0x08004c78   0x08004c78   0x0000006c   Code   RO         1199    .text.HAL_PCD_EP_Open  stm32h7xx_hal_pcd.o
    0x08004ce4   0x08004ce4   0x00000004   PAD
    0x08004ce8   0x08004ce8   0x0000003a   Code   RO         1203    .text.HAL_PCD_EP_Receive  stm32h7xx_hal_pcd.o
    0x08004d22   0x08004d22   0x00000006   PAD
    0x08004d28   0x08004d28   0x0000007c   Code   RO         1209    .text.HAL_PCD_EP_SetStall  stm32h7xx_hal_pcd.o
    0x08004da4   0x08004da4   0x00000004   PAD
    0x08004da8   0x08004da8   0x0000003e   Code   RO         1207    .text.HAL_PCD_EP_Transmit  stm32h7xx_hal_pcd.o
    0x08004de6   0x08004de6   0x00000002   PAD
    0x08004de8   0x08004de8   0x000009b8   Code   RO         1167    .text.HAL_PCD_IRQHandler  stm32h7xx_hal_pcd.o
    0x080057a0   0x080057a0   0x00000008   Code   RO          772    .text.HAL_PCD_ISOINIncompleteCallback  usbd_conf.o
    0x080057a8   0x080057a8   0x00000008   Code   RO          770    .text.HAL_PCD_ISOOUTIncompleteCallback  usbd_conf.o
    0x080057b0   0x080057b0   0x00000282   Code   RO         1155    .text.HAL_PCD_Init  stm32h7xx_hal_pcd.o
    0x08005a32   0x08005a32   0x00000006   PAD
    0x08005a38   0x08005a38   0x0000008c   Code   RO          752    .text.HAL_PCD_MspInit  usbd_conf.o
    0x08005ac4   0x08005ac4   0x00000004   PAD
    0x08005ac8   0x08005ac8   0x0000002a   Code   RO          764    .text.HAL_PCD_ResetCallback  usbd_conf.o
    0x08005af2   0x08005af2   0x00000006   PAD
    0x08005af8   0x08005af8   0x00000008   Code   RO          768    .text.HAL_PCD_ResumeCallback  usbd_conf.o
    0x08005b00   0x08005b00   0x00000008   Code   RO          762    .text.HAL_PCD_SOFCallback  usbd_conf.o
    0x08005b08   0x08005b08   0x00000026   Code   RO         1197    .text.HAL_PCD_SetAddress  stm32h7xx_hal_pcd.o
    0x08005b2e   0x08005b2e   0x00000002   PAD
    0x08005b30   0x08005b30   0x0000000e   Code   RO          756    .text.HAL_PCD_SetupStageCallback  usbd_conf.o
    0x08005b3e   0x08005b3e   0x00000002   PAD
    0x08005b40   0x08005b40   0x0000003e   Code   RO         1163    .text.HAL_PCD_Start  stm32h7xx_hal_pcd.o
    0x08005b7e   0x08005b7e   0x00000002   PAD
    0x08005b80   0x08005b80   0x00000034   Code   RO          766    .text.HAL_PCD_SuspendCallback  usbd_conf.o
    0x08005bb4   0x08005bb4   0x00000004   PAD
    0x08005bb8   0x08005bb8   0x0000004c   Code   RO         1726    .text.HAL_PWREx_ConfigSupply  stm32h7xx_hal_pwr_ex.o
    0x08005c04   0x08005c04   0x00000004   PAD
    0x08005c08   0x08005c08   0x00000012   Code   RO         1776    .text.HAL_PWREx_EnableUSBVoltageDetector  stm32h7xx_hal_pwr_ex.o
    0x08005c1a   0x08005c1a   0x00000006   PAD
    0x08005c20   0x08005c20   0x00000026   Code   RO         1413    .text.HAL_RCCEx_GetD3PCLK1Freq  stm32h7xx_hal_rcc_ex.o
    0x08005c46   0x08005c46   0x00000002   PAD
    0x08005c48   0x08005c48   0x0000012c   Code   RO         1409    .text.HAL_RCCEx_GetPLL2ClockFreq  stm32h7xx_hal_rcc_ex.o
    0x08005d74   0x08005d74   0x00000004   PAD
    0x08005d78   0x08005d78   0x0000012c   Code   RO         1411    .text.HAL_RCCEx_GetPLL3ClockFreq  stm32h7xx_hal_rcc_ex.o
    0x08005ea4   0x08005ea4   0x00000004   PAD
    0x08005ea8   0x08005ea8   0x00000aa8   Code   RO         1397    .text.HAL_RCCEx_PeriphCLKConfig  stm32h7xx_hal_rcc_ex.o
    0x08006950   0x08006950   0x00000268   Code   RO         1365    .text.HAL_RCC_ClockConfig  stm32h7xx_hal_rcc.o
    0x08006bb8   0x08006bb8   0x00000058   Code   RO         1383    .text.HAL_RCC_GetClockConfig  stm32h7xx_hal_rcc.o
    0x08006c10   0x08006c10   0x0000004c   Code   RO         1375    .text.HAL_RCC_GetHCLKFreq  stm32h7xx_hal_rcc.o
    0x08006c5c   0x08006c5c   0x00000004   PAD
    0x08006c60   0x08006c60   0x00000060   Code   RO         1377    .text.HAL_RCC_GetPCLK1Freq  stm32h7xx_hal_rcc.o
    0x08006cc0   0x08006cc0   0x00000060   Code   RO         1379    .text.HAL_RCC_GetPCLK2Freq  stm32h7xx_hal_rcc.o
    0x08006d20   0x08006d20   0x00000118   Code   RO         1367    .text.HAL_RCC_GetSysClockFreq  stm32h7xx_hal_rcc.o
    0x08006e38   0x08006e38   0x0000052c   Code   RO         1363    .text.HAL_RCC_OscConfig  stm32h7xx_hal_rcc.o
    0x08007364   0x08007364   0x00000004   PAD
    0x08007368   0x08007368   0x00000002   Code   RO         1141    .text.HAL_TIMEx_Break2Callback  stm32h7xx_hal_tim_ex.o
    0x0800736a   0x0800736a   0x00000006   PAD
    0x08007370   0x08007370   0x00000002   Code   RO         1139    .text.HAL_TIMEx_BreakCallback  stm32h7xx_hal_tim_ex.o
    0x08007372   0x08007372   0x00000006   PAD
    0x08007378   0x08007378   0x00000002   Code   RO         1135    .text.HAL_TIMEx_CommutCallback  stm32h7xx_hal_tim_ex.o
    0x0800737a   0x0800737a   0x00000006   PAD
    0x08007380   0x08007380   0x000000de   Code   RO         1119    .text.HAL_TIMEx_MasterConfigSynchronization  stm32h7xx_hal_tim_ex.o
    0x0800745e   0x0800745e   0x00000002   PAD
    0x08007460   0x08007460   0x00000060   Code   RO          824    .text.HAL_TIM_Base_Init  stm32h7xx_hal_tim.o
    0x080074c0   0x080074c0   0x00000074   Code   RO          576    .text.HAL_TIM_Base_MspInit  tim.o
    0x08007534   0x08007534   0x00000004   PAD
    0x08007538   0x08007538   0x000000dc   Code   RO          838    .text.HAL_TIM_Base_Start_IT  stm32h7xx_hal_tim.o
    0x08007614   0x08007614   0x00000004   PAD
    0x08007618   0x08007618   0x00000200   Code   RO         1004    .text.HAL_TIM_ConfigClockSource  stm32h7xx_hal_tim.o
    0x08007818   0x08007818   0x00000002   Code   RO          960    .text.HAL_TIM_IC_CaptureCallback  stm32h7xx_hal_tim.o
    0x0800781a   0x0800781a   0x00000006   PAD
    0x08007820   0x08007820   0x0000016c   Code   RO          958    .text.HAL_TIM_IRQHandler  stm32h7xx_hal_tim.o
    0x0800798c   0x0800798c   0x00000004   PAD
    0x08007990   0x08007990   0x00000002   Code   RO          962    .text.HAL_TIM_OC_DelayElapsedCallback  stm32h7xx_hal_tim.o
    0x08007992   0x08007992   0x00000006   PAD
    0x08007998   0x08007998   0x00000002   Code   RO          964    .text.HAL_TIM_PWM_PulseFinishedCallback  stm32h7xx_hal_tim.o
    0x0800799a   0x0800799a   0x00000006   PAD
    0x080079a0   0x080079a0   0x000000e4   Code   RO          500    .text.HAL_TIM_PeriodElapsedCallback  main.o
    0x08007a84   0x08007a84   0x00000004   PAD
    0x08007a88   0x08007a88   0x00000002   Code   RO          968    .text.HAL_TIM_TriggerCallback  stm32h7xx_hal_tim.o
    0x08007a8a   0x08007a8a   0x00000006   PAD
    0x08007a90   0x08007a90   0x00000036   Code   RO         2549    .text.HAL_UARTEx_DisableFifoMode  stm32h7xx_hal_uart_ex.o
    0x08007ac6   0x08007ac6   0x00000002   PAD
    0x08007ac8   0x08007ac8   0x00000002   Code   RO         2476    .text.HAL_UARTEx_RxEventCallback  stm32h7xx_hal_uart.o
    0x08007aca   0x08007aca   0x00000006   PAD
    0x08007ad0   0x08007ad0   0x00000002   Code   RO         2535    .text.HAL_UARTEx_RxFifoFullCallback  stm32h7xx_hal_uart_ex.o
    0x08007ad2   0x08007ad2   0x00000006   PAD
    0x08007ad8   0x08007ad8   0x00000090   Code   RO         2553    .text.HAL_UARTEx_SetRxFifoThreshold  stm32h7xx_hal_uart_ex.o
    0x08007b68   0x08007b68   0x00000090   Code   RO         2551    .text.HAL_UARTEx_SetTxFifoThreshold  stm32h7xx_hal_uart_ex.o
    0x08007bf8   0x08007bf8   0x00000002   Code   RO         2537    .text.HAL_UARTEx_TxFifoEmptyCallback  stm32h7xx_hal_uart_ex.o
    0x08007bfa   0x08007bfa   0x00000006   PAD
    0x08007c00   0x08007c00   0x00000002   Code   RO         2533    .text.HAL_UARTEx_WakeupCallback  stm32h7xx_hal_uart_ex.o
    0x08007c02   0x08007c02   0x00000006   PAD
    0x08007c08   0x08007c08   0x00000052   Code   RO          450    .text.HAL_UART_ErrorCallback  bsp_uart.o
    0x08007c5a   0x08007c5a   0x00000006   PAD
    0x08007c60   0x08007c60   0x00000772   Code   RO         2470    .text.HAL_UART_IRQHandler  stm32h7xx_hal_uart.o
    0x080083d2   0x080083d2   0x00000006   PAD
    0x080083d8   0x080083d8   0x00000064   Code   RO         2386    .text.HAL_UART_Init  stm32h7xx_hal_uart.o
    0x0800843c   0x0800843c   0x00000004   PAD
    0x08008440   0x08008440   0x00000114   Code   RO          594    .text.HAL_UART_MspInit  usart.o
    0x08008554   0x08008554   0x00000004   PAD
    0x08008558   0x08008558   0x000000ac   Code   RO         2422    .text.HAL_UART_Receive_IT  stm32h7xx_hal_uart.o
    0x08008604   0x08008604   0x00000004   PAD
    0x08008608   0x08008608   0x0000006e   Code   RO          448    .text.HAL_UART_RxCpltCallback  bsp_uart.o
    0x08008676   0x08008676   0x00000002   PAD
    0x08008678   0x08008678   0x0000012a   Code   RO         2412    .text.HAL_UART_Transmit_IT  stm32h7xx_hal_uart.o
    0x080087a2   0x080087a2   0x00000006   PAD
    0x080087a8   0x080087a8   0x00000014   Code   RO          452    .text.HAL_UART_TxCpltCallback  bsp_uart.o
    0x080087bc   0x080087bc   0x00000004   PAD
    0x080087c0   0x080087c0   0x00000002   Code   RO          610    .text.HardFault_Handler  stm32h7xx_it.o
    0x080087c2   0x080087c2   0x00000006   PAD
    0x080087c8   0x080087c8   0x00000004   Code   RO          180    .text.IMU_DelayMs   imu.o
    0x080087cc   0x080087cc   0x00000004   PAD
    0x080087d0   0x080087d0   0x00000060   Code   RO          174    .text.IMU_Init      imu.o
    0x08008830   0x08008830   0x000000d8   Code   RO          178    .text.IMU_RegUpdateCallback  imu.o
    0x08008908   0x08008908   0x00000014   Code   RO          176    .text.IMU_SerialWrite  imu.o
    0x0800891c   0x0800891c   0x00000004   PAD
    0x08008920   0x08008920   0x00000012   Code   RO           28    .text.INS_Task      ins_task.o
    0x08008932   0x08008932   0x00000006   PAD
    0x08008938   0x08008938   0x00000518   Code   RO          272    .text.InverseKinematics_Continuous  leg.o
    0x08008e50   0x08008e50   0x000000ec   Code   RO           15    .text.LEG_task_USB  control_task.o
    0x08008f3c   0x08008f3c   0x00000004   PAD
    0x08008f40   0x08008f40   0x00000268   Code   RO          428    .text.MCU_Init      bsp_mcu.o
    0x080091a8   0x080091a8   0x00000074   Code   RO          549    .text.MX_FDCAN1_Init  fdcan.o
    0x0800921c   0x0800921c   0x00000004   PAD
    0x08009220   0x08009220   0x00000072   Code   RO          551    .text.MX_FDCAN2_Init  fdcan.o
    0x08009292   0x08009292   0x00000006   PAD
    0x08009298   0x08009298   0x00000072   Code   RO          553    .text.MX_FDCAN3_Init  fdcan.o
    0x0800930a   0x0800930a   0x00000006   PAD
    0x08009310   0x08009310   0x000000dc   Code   RO          523    .text.MX_FREERTOS_Init  freertos.o
    0x080093ec   0x080093ec   0x00000004   PAD
    0x080093f0   0x080093f0   0x000000aa   Code   RO          511    .text.MX_GPIO_Init  gpio.o
    0x0800949a   0x0800949a   0x00000006   PAD
    0x080094a0   0x080094a0   0x00000072   Code   RO          572    .text.MX_TIM3_Init  tim.o
    0x08009512   0x08009512   0x00000006   PAD
    0x08009518   0x08009518   0x00000074   Code   RO          574    .text.MX_TIM4_Init  tim.o
    0x0800958c   0x0800958c   0x00000004   PAD
    0x08009590   0x08009590   0x0000007c   Code   RO          590    .text.MX_UART7_Init  usart.o
    0x0800960c   0x0800960c   0x00000004   PAD
    0x08009610   0x08009610   0x0000007c   Code   RO          592    .text.MX_USART10_UART_Init  usart.o
    0x0800968c   0x0800968c   0x00000004   PAD
    0x08009690   0x08009690   0x0000006c   Code   RO          675    .text.MX_USB_DEVICE_Init  usb_device.o
    0x080096fc   0x080096fc   0x00000004   PAD
    0x08009700   0x08009700   0x000000c0   Code   RO          298    .text.Mecanum_Calc  mecanum_classic.o
    0x080097c0   0x080097c0   0x00000004   Code   RO           13    .text.Mecanum_task_USB  control_task.o
    0x080097c4   0x080097c4   0x00000004   PAD
    0x080097c8   0x080097c8   0x00000002   Code   RO          612    .text.MemManage_Handler  stm32h7xx_it.o
    0x080097ca   0x080097ca   0x00000006   PAD
    0x080097d0   0x080097d0   0x00000002   Code   RO          608    .text.NMI_Handler   stm32h7xx_it.o
    0x080097d2   0x080097d2   0x00000006   PAD
    0x080097d8   0x080097d8   0x0000000c   Code   RO          634    .text.OTG_HS_IRQHandler  stm32h7xx_it.o
    0x080097e4   0x080097e4   0x00000004   PAD
    0x080097e8   0x080097e8   0x00000148   Code   RO           39    .text.PID_calc      pid.o
    0x08009930   0x08009930   0x000002e4   Code   RO           51    .text.PID_devices_Init  pid_user.o
    0x08009c14   0x08009c14   0x00000004   PAD
    0x08009c18   0x08009c18   0x00000032   Code   RO           37    .text.PID_init      pid.o
    0x08009c4a   0x08009c4a   0x00000006   PAD
    0x08009c50   0x08009c50   0x00000044   Code   RO           53    .text.PID_velocity_realize_2  pid_user.o
    0x08009c94   0x08009c94   0x0000000c   PAD
    0x08009ca0   0x08009ca0   0x00000064   Code   RO         2994    .text.PendSV_Handler  port.o
    0x08009d04   0x08009d04   0x00000004   PAD
    0x08009d08   0x08009d08   0x00000122   Code   RO         1399    .text.RCCEx_PLL2_Config  stm32h7xx_hal_rcc_ex.o
    0x08009e2a   0x08009e2a   0x00000006   PAD
    0x08009e30   0x08009e30   0x00000122   Code   RO         1401    .text.RCCEx_PLL3_Config  stm32h7xx_hal_rcc_ex.o
    0x08009f52   0x08009f52   0x00000006   PAD
    0x08009f58   0x08009f58   0x000002f8   Code   RO          472    .text.Receive       bsp_usb.o
    0x0800a250   0x0800a250   0x00000024   Code   RO         2978    .text.SVC_Handler   port.o
    0x0800a274   0x0800a274   0x00000004   PAD
    0x0800a278   0x0800a278   0x000001ac   Code   RO          470    .text.Send_Cmd_Data  bsp_usb.o
    0x0800a424   0x0800a424   0x00000004   PAD
    0x0800a428   0x0800a428   0x0000002e   Code   RO         2996    .text.SysTick_Handler  port.o
    0x0800a456   0x0800a456   0x00000002   PAD
    0x0800a458   0x0800a458   0x000000d0   Code   RO          496    .text.SystemClock_Config  main.o
    0x0800a528   0x0800a528   0x000000d2   Code   RO         2572    .text.SystemInit    system_stm32h7xx.o
    0x0800a5fa   0x0800a5fa   0x00000006   PAD
    0x0800a600   0x0800a600   0x0000000c   Code   RO          628    .text.TIM2_IRQHandler  stm32h7xx_it.o
    0x0800a60c   0x0800a60c   0x00000004   PAD
    0x0800a610   0x0800a610   0x0000000c   Code   RO          630    .text.TIM3_IRQHandler  stm32h7xx_it.o
    0x0800a61c   0x0800a61c   0x00000004   PAD
    0x0800a620   0x0800a620   0x0000000c   Code   RO          632    .text.TIM4_IRQHandler  stm32h7xx_it.o
    0x0800a62c   0x0800a62c   0x00000004   PAD
    0x0800a630   0x0800a630   0x00000178   Code   RO          828    .text.TIM_Base_SetConfig  stm32h7xx_hal_tim.o
    0x0800a7a8   0x0800a7a8   0x000000be   Code   RO          256    .text.UART10_Receive  crc.o
    0x0800a866   0x0800a866   0x00000002   PAD
    0x0800a868   0x0800a868   0x0000000c   Code   RO          636    .text.UART7_IRQHandler  stm32h7xx_it.o
    0x0800a874   0x0800a874   0x00000004   PAD
    0x0800a878   0x0800a878   0x000000e0   Code   RO         2390    .text.UART_AdvFeatureConfig  stm32h7xx_hal_uart.o
    0x0800a958   0x0800a958   0x00000176   Code   RO         2394    .text.UART_CheckIdleState  stm32h7xx_hal_uart.o
    0x0800aace   0x0800aace   0x00000002   PAD
    0x0800aad0   0x0800aad0   0x0000000c   Code   RO         2472    .text.UART_DMAAbortOnError  stm32h7xx_hal_uart.o
    0x0800aadc   0x0800aadc   0x00000004   PAD
    0x0800aae0   0x0800aae0   0x000001c4   Code   RO         2512    .text.UART_RxISR_16BIT  stm32h7xx_hal_uart.o
    0x0800aca4   0x0800aca4   0x00000004   PAD
    0x0800aca8   0x0800aca8   0x0000033a   Code   RO         2508    .text.UART_RxISR_16BIT_FIFOEN  stm32h7xx_hal_uart.o
    0x0800afe2   0x0800afe2   0x00000006   PAD
    0x0800afe8   0x0800afe8   0x000001c8   Code   RO         2514    .text.UART_RxISR_8BIT  stm32h7xx_hal_uart.o
    0x0800b1b0   0x0800b1b0   0x0000033e   Code   RO         2510    .text.UART_RxISR_8BIT_FIFOEN  stm32h7xx_hal_uart.o
    0x0800b4ee   0x0800b4ee   0x00000002   PAD
    0x0800b4f0   0x0800b4f0   0x0000049c   Code   RO         2392    .text.UART_SetConfig  stm32h7xx_hal_uart.o
    0x0800b98c   0x0800b98c   0x00000004   PAD
    0x0800b990   0x0800b990   0x00000274   Code   RO         2424    .text.UART_Start_Receive_IT  stm32h7xx_hal_uart.o
    0x0800bc04   0x0800bc04   0x00000004   PAD
    0x0800bc08   0x0800bc08   0x000000d0   Code   RO         2418    .text.UART_TxISR_16BIT  stm32h7xx_hal_uart.o
    0x0800bcd8   0x0800bcd8   0x000000ec   Code   RO         2414    .text.UART_TxISR_16BIT_FIFOEN  stm32h7xx_hal_uart.o
    0x0800bdc4   0x0800bdc4   0x00000004   PAD
    0x0800bdc8   0x0800bdc8   0x000000cc   Code   RO         2420    .text.UART_TxISR_8BIT  stm32h7xx_hal_uart.o
    0x0800be94   0x0800be94   0x00000004   PAD
    0x0800be98   0x0800be98   0x000000e8   Code   RO         2416    .text.UART_TxISR_8BIT_FIFOEN  stm32h7xx_hal_uart.o
    0x0800bf80   0x0800bf80   0x00000358   Code   RO         2408    .text.UART_WaitOnFlagUntilTimeout  stm32h7xx_hal_uart.o
    0x0800c2d8   0x0800c2d8   0x0000000c   Code   RO          638    .text.USART10_IRQHandler  stm32h7xx_it.o
    0x0800c2e4   0x0800c2e4   0x00000004   PAD
    0x0800c2e8   0x0800c2e8   0x00000072   Code   RO         3117    .text.USBD_CDC_DataIn  usbd_cdc.o
    0x0800c35a   0x0800c35a   0x00000006   PAD
    0x0800c360   0x0800c360   0x0000003c   Code   RO         3119    .text.USBD_CDC_DataOut  usbd_cdc.o
    0x0800c39c   0x0800c39c   0x00000004   PAD
    0x0800c3a0   0x0800c3a0   0x0000005a   Code   RO         3111    .text.USBD_CDC_DeInit  usbd_cdc.o
    0x0800c3fa   0x0800c3fa   0x00000006   PAD
    0x0800c400   0x0800c400   0x00000038   Code   RO         3115    .text.USBD_CDC_EP0_RxReady  usbd_cdc.o
    0x0800c438   0x0800c438   0x00000010   Code   RO         3127    .text.USBD_CDC_GetDeviceQualifierDescriptor  usbd_cdc.o
    0x0800c448   0x0800c448   0x00000052   Code   RO         3123    .text.USBD_CDC_GetFSCfgDesc  usbd_cdc.o
    0x0800c49a   0x0800c49a   0x00000006   PAD
    0x0800c4a0   0x0800c4a0   0x00000056   Code   RO         3121    .text.USBD_CDC_GetHSCfgDesc  usbd_cdc.o
    0x0800c4f6   0x0800c4f6   0x00000002   PAD
    0x0800c4f8   0x0800c4f8   0x00000052   Code   RO         3125    .text.USBD_CDC_GetOtherSpeedCfgDesc  usbd_cdc.o
    0x0800c54a   0x0800c54a   0x00000006   PAD
    0x0800c550   0x0800c550   0x000000ce   Code   RO         3109    .text.USBD_CDC_Init  usbd_cdc.o
    0x0800c61e   0x0800c61e   0x00000002   PAD
    0x0800c620   0x0800c620   0x00000030   Code   RO         3137    .text.USBD_CDC_ReceivePacket  usbd_cdc.o
    0x0800c650   0x0800c650   0x00000018   Code   RO         3129    .text.USBD_CDC_RegisterInterface  usbd_cdc.o
    0x0800c668   0x0800c668   0x0000001c   Code   RO         3133    .text.USBD_CDC_SetRxBuffer  usbd_cdc.o
    0x0800c684   0x0800c684   0x00000004   PAD
    0x0800c688   0x0800c688   0x00000020   Code   RO         3131    .text.USBD_CDC_SetTxBuffer  usbd_cdc.o
    0x0800c6a8   0x0800c6a8   0x000000f0   Code   RO         3113    .text.USBD_CDC_Setup  usbd_cdc.o
    0x0800c798   0x0800c798   0x00000044   Code   RO         3135    .text.USBD_CDC_TransmitPacket  usbd_cdc.o
    0x0800c7dc   0x0800c7dc   0x00000004   PAD
    0x0800c7e0   0x0800c7e0   0x00000012   Code   RO         3024    .text.USBD_ClrClassConfig  usbd_core.o
    0x0800c7f2   0x0800c7f2   0x00000006   PAD
    0x0800c7f8   0x0800c7f8   0x00000004   Code   RO         3032    .text.USBD_CoreFindEP  usbd_core.o
    0x0800c7fc   0x0800c7fc   0x00000004   PAD
    0x0800c800   0x0800c800   0x00000004   Code   RO         3030    .text.USBD_CoreFindIF  usbd_core.o
    0x0800c804   0x0800c804   0x00000004   PAD
    0x0800c808   0x0800c808   0x00000010   Code   RO         3093    .text.USBD_CtlContinueRx  usbd_ioreq.o
    0x0800c818   0x0800c818   0x00000010   Code   RO         3089    .text.USBD_CtlContinueSendData  usbd_ioreq.o
    0x0800c828   0x0800c828   0x00000016   Code   RO         3068    .text.USBD_CtlError  usbd_ctlreq.o
    0x0800c83e   0x0800c83e   0x00000002   PAD
    0x0800c840   0x0800c840   0x0000001e   Code   RO         3091    .text.USBD_CtlPrepareRx  usbd_ioreq.o
    0x0800c85e   0x0800c85e   0x00000002   PAD
    0x0800c860   0x0800c860   0x00000016   Code   RO         3097    .text.USBD_CtlReceiveStatus  usbd_ioreq.o
    0x0800c876   0x0800c876   0x00000002   PAD
    0x0800c878   0x0800c878   0x0000001a   Code   RO         3087    .text.USBD_CtlSendData  usbd_ioreq.o
    0x0800c892   0x0800c892   0x00000006   PAD
    0x0800c898   0x0800c898   0x00000016   Code   RO         3095    .text.USBD_CtlSendStatus  usbd_ioreq.o
    0x0800c8ae   0x0800c8ae   0x00000002   PAD
    0x0800c8b0   0x0800c8b0   0x00000084   Code   RO         3054    .text.USBD_GetEpDesc  usbd_core.o
    0x0800c934   0x0800c934   0x00000004   PAD
    0x0800c938   0x0800c938   0x000000fc   Code   RO         3076    .text.USBD_GetString  usbd_ctlreq.o
    0x0800ca34   0x0800ca34   0x00000004   PAD
    0x0800ca38   0x0800ca38   0x00000024   Code   RO          694    .text.USBD_HS_ConfigStrDescriptor  usbd_desc.o
    0x0800ca5c   0x0800ca5c   0x00000004   PAD
    0x0800ca60   0x0800ca60   0x0000000e   Code   RO          684    .text.USBD_HS_DeviceDescriptor  usbd_desc.o
    0x0800ca6e   0x0800ca6e   0x00000002   PAD
    0x0800ca70   0x0800ca70   0x00000028   Code   RO          696    .text.USBD_HS_InterfaceStrDescriptor  usbd_desc.o
    0x0800ca98   0x0800ca98   0x0000000e   Code   RO          686    .text.USBD_HS_LangIDStrDescriptor  usbd_desc.o
    0x0800caa6   0x0800caa6   0x00000002   PAD
    0x0800caa8   0x0800caa8   0x0000002c   Code   RO          688    .text.USBD_HS_ManufacturerStrDescriptor  usbd_desc.o
    0x0800cad4   0x0800cad4   0x00000004   PAD
    0x0800cad8   0x0800cad8   0x00000030   Code   RO          690    .text.USBD_HS_ProductStrDescriptor  usbd_desc.o
    0x0800cb08   0x0800cb08   0x0000016e   Code   RO          692    .text.USBD_HS_SerialStrDescriptor  usbd_desc.o
    0x0800cc76   0x0800cc76   0x00000002   PAD
    0x0800cc78   0x0800cc78   0x00000028   Code   RO         3010    .text.USBD_Init     usbd_core.o
    0x0800cca0   0x0800cca0   0x00000022   Code   RO          796    .text.USBD_LL_ClearStallEP  usbd_conf.o
    0x0800ccc2   0x0800ccc2   0x00000006   PAD
    0x0800ccc8   0x0800ccc8   0x00000022   Code   RO          790    .text.USBD_LL_CloseEP  usbd_conf.o
    0x0800ccea   0x0800ccea   0x00000006   PAD
    0x0800ccf0   0x0800ccf0   0x000000ba   Code   RO         3034    .text.USBD_LL_DataInStage  usbd_core.o
    0x0800cdaa   0x0800cdaa   0x00000006   PAD
    0x0800cdb0   0x0800cdb0   0x00000078   Code   RO         3028    .text.USBD_LL_DataOutStage  usbd_core.o
    0x0800ce28   0x0800ce28   0x00000004   Code   RO         3050    .text.USBD_LL_DevConnected  usbd_core.o
    0x0800ce2c   0x0800ce2c   0x00000004   PAD
    0x0800ce30   0x0800ce30   0x00000020   Code   RO         3052    .text.USBD_LL_DevDisconnected  usbd_core.o
    0x0800ce50   0x0800ce50   0x00000008   Code   RO          806    .text.USBD_LL_GetRxDataSize  usbd_conf.o
    0x0800ce58   0x0800ce58   0x00000072   Code   RO          778    .text.USBD_LL_Init  usbd_conf.o
    0x0800ceca   0x0800ceca   0x00000006   PAD
    0x0800ced0   0x0800ced0   0x00000022   Code   RO          798    .text.USBD_LL_IsStallEP  usbd_conf.o
    0x0800cef2   0x0800cef2   0x00000006   PAD
    0x0800cef8   0x0800cef8   0x0000002c   Code   RO         3046    .text.USBD_LL_IsoINIncomplete  usbd_core.o
    0x0800cf24   0x0800cf24   0x00000004   PAD
    0x0800cf28   0x0800cf28   0x0000002c   Code   RO         3048    .text.USBD_LL_IsoOUTIncomplete  usbd_core.o
    0x0800cf54   0x0800cf54   0x00000004   PAD
    0x0800cf58   0x0800cf58   0x00000028   Code   RO          788    .text.USBD_LL_OpenEP  usbd_conf.o
    0x0800cf80   0x0800cf80   0x00000022   Code   RO          804    .text.USBD_LL_PrepareReceive  usbd_conf.o
    0x0800cfa2   0x0800cfa2   0x00000006   PAD
    0x0800cfa8   0x0800cfa8   0x00000060   Code   RO         3036    .text.USBD_LL_Reset  usbd_core.o
    0x0800d008   0x0800d008   0x00000014   Code   RO         3042    .text.USBD_LL_Resume  usbd_core.o
    0x0800d01c   0x0800d01c   0x00000004   PAD
    0x0800d020   0x0800d020   0x0000001e   Code   RO         3044    .text.USBD_LL_SOF   usbd_core.o
    0x0800d03e   0x0800d03e   0x00000002   PAD
    0x0800d040   0x0800d040   0x00000008   Code   RO         3038    .text.USBD_LL_SetSpeed  usbd_core.o
    0x0800d048   0x0800d048   0x00000022   Code   RO          800    .text.USBD_LL_SetUSBAddress  usbd_conf.o
    0x0800d06a   0x0800d06a   0x00000006   PAD
    0x0800d070   0x0800d070   0x00000062   Code   RO         3026    .text.USBD_LL_SetupStage  usbd_core.o
    0x0800d0d2   0x0800d0d2   0x00000006   PAD
    0x0800d0d8   0x0800d0d8   0x00000022   Code   RO          794    .text.USBD_LL_StallEP  usbd_conf.o
    0x0800d0fa   0x0800d0fa   0x00000006   PAD
    0x0800d100   0x0800d100   0x00000022   Code   RO          784    .text.USBD_LL_Start  usbd_conf.o
    0x0800d122   0x0800d122   0x00000006   PAD
    0x0800d128   0x0800d128   0x0000001c   Code   RO         3040    .text.USBD_LL_Suspend  usbd_core.o
    0x0800d144   0x0800d144   0x00000004   PAD
    0x0800d148   0x0800d148   0x00000022   Code   RO          802    .text.USBD_LL_Transmit  usbd_conf.o
    0x0800d16a   0x0800d16a   0x00000006   PAD
    0x0800d170   0x0800d170   0x00000016   Code   RO         3074    .text.USBD_ParseSetupRequest  usbd_ctlreq.o
    0x0800d186   0x0800d186   0x00000002   PAD
    0x0800d188   0x0800d188   0x00000046   Code   RO         3014    .text.USBD_RegisterClass  usbd_core.o
    0x0800d1ce   0x0800d1ce   0x00000002   PAD
    0x0800d1d0   0x0800d1d0   0x00000010   Code   RO         3022    .text.USBD_SetClassConfig  usbd_core.o
    0x0800d1e0   0x0800d1e0   0x00000004   Code   RO         3016    .text.USBD_Start    usbd_core.o
    0x0800d1e4   0x0800d1e4   0x00000004   PAD
    0x0800d1e8   0x0800d1e8   0x00000362   Code   RO         3066    .text.USBD_StdDevReq  usbd_ctlreq.o
    0x0800d54a   0x0800d54a   0x00000006   PAD
    0x0800d550   0x0800d550   0x00000166   Code   RO         3072    .text.USBD_StdEPReq  usbd_ctlreq.o
    0x0800d6b6   0x0800d6b6   0x00000002   PAD
    0x0800d6b8   0x0800d6b8   0x0000007c   Code   RO         3070    .text.USBD_StdItfReq  usbd_ctlreq.o
    0x0800d734   0x0800d734   0x00000004   PAD
    0x0800d738   0x0800d738   0x00000002   Code   RO          810    .text.USBD_static_free  usbd_conf.o
    0x0800d73a   0x0800d73a   0x00000006   PAD
    0x0800d740   0x0800d740   0x0000000a   Code   RO          808    .text.USBD_static_malloc  usbd_conf.o
    0x0800d74a   0x0800d74a   0x00000006   PAD
    0x0800d750   0x0800d750   0x0000008a   Code   RO         1279    .text.USB_ActivateEndpoint  stm32h7xx_ll_usb.o
    0x0800d7da   0x0800d7da   0x00000006   PAD
    0x0800d7e0   0x0800d7e0   0x00000020   Code   RO         1321    .text.USB_ActivateSetup  stm32h7xx_ll_usb.o
    0x0800d800   0x0800d800   0x0000022e   Code   RO         1257    .text.USB_CoreInit  stm32h7xx_ll_usb.o
    0x0800da2e   0x0800da2e   0x00000002   PAD
    0x0800da30   0x0800da30   0x00000086   Code   RO         1283    .text.USB_DeactivateEndpoint  stm32h7xx_ll_usb.o
    0x0800dab6   0x0800dab6   0x00000002   PAD
    0x0800dab8   0x0800dab8   0x0000001e   Code   RO         1303    .text.USB_DevConnect  stm32h7xx_ll_usb.o
    0x0800dad6   0x0800dad6   0x00000002   PAD
    0x0800dad8   0x0800dad8   0x0000001e   Code   RO         1305    .text.USB_DevDisconnect  stm32h7xx_ll_usb.o
    0x0800daf6   0x0800daf6   0x00000002   PAD
    0x0800daf8   0x0800daf8   0x0000049e   Code   RO         1269    .text.USB_DevInit   stm32h7xx_ll_usb.o
    0x0800df96   0x0800df96   0x00000002   PAD
    0x0800df98   0x0800df98   0x0000000e   Code   RO         1263    .text.USB_DisableGlobalInt  stm32h7xx_ll_usb.o
    0x0800dfa6   0x0800dfa6   0x00000002   PAD
    0x0800dfa8   0x0800dfa8   0x0000005a   Code   RO         1323    .text.USB_EP0_OutStart  stm32h7xx_ll_usb.o
    0x0800e002   0x0800e002   0x00000006   PAD
    0x0800e008   0x0800e008   0x00000052   Code   RO         1297    .text.USB_EPClearStall  stm32h7xx_ll_usb.o
    0x0800e05a   0x0800e05a   0x00000006   PAD
    0x0800e060   0x0800e060   0x00000040   Code   RO         1295    .text.USB_EPSetStall  stm32h7xx_ll_usb.o
    0x0800e0a0   0x0800e0a0   0x0000022c   Code   RO         1287    .text.USB_EPStartXfer  stm32h7xx_ll_usb.o
    0x0800e2cc   0x0800e2cc   0x00000004   PAD
    0x0800e2d0   0x0800e2d0   0x0000010e   Code   RO         1291    .text.USB_EPStopXfer  stm32h7xx_ll_usb.o
    0x0800e3de   0x0800e3de   0x00000002   PAD
    0x0800e3e0   0x0800e3e0   0x0000000e   Code   RO         1261    .text.USB_EnableGlobalInt  stm32h7xx_ll_usb.o
    0x0800e3ee   0x0800e3ee   0x00000002   PAD
    0x0800e3f0   0x0800e3f0   0x000000be   Code   RO         1273    .text.USB_FlushTxFifo  stm32h7xx_ll_usb.o
    0x0800e4ae   0x0800e4ae   0x00000002   PAD
    0x0800e4b0   0x0800e4b0   0x0000001a   Code   RO         1277    .text.USB_GetDevSpeed  stm32h7xx_ll_usb.o
    0x0800e4ca   0x0800e4ca   0x00000006   PAD
    0x0800e4d0   0x0800e4d0   0x00000008   Code   RO         1267    .text.USB_GetMode   stm32h7xx_ll_usb.o
    0x0800e4d8   0x0800e4d8   0x0000000e   Code   RO         1313    .text.USB_ReadDevAllInEpInterrupt  stm32h7xx_ll_usb.o
    0x0800e4e6   0x0800e4e6   0x00000002   PAD
    0x0800e4e8   0x0800e4e8   0x0000000e   Code   RO         1311    .text.USB_ReadDevAllOutEpInterrupt  stm32h7xx_ll_usb.o
    0x0800e4f6   0x0800e4f6   0x00000002   PAD
    0x0800e4f8   0x0800e4f8   0x00000024   Code   RO         1317    .text.USB_ReadDevInEPInterrupt  stm32h7xx_ll_usb.o
    0x0800e51c   0x0800e51c   0x00000004   PAD
    0x0800e520   0x0800e520   0x00000010   Code   RO         1315    .text.USB_ReadDevOutEPInterrupt  stm32h7xx_ll_usb.o
    0x0800e530   0x0800e530   0x00000008   Code   RO         1307    .text.USB_ReadInterrupts  stm32h7xx_ll_usb.o
    0x0800e538   0x0800e538   0x000000b0   Code   RO         1293    .text.USB_ReadPacket  stm32h7xx_ll_usb.o
    0x0800e5e8   0x0800e5e8   0x00000368   Code   RO         1265    .text.USB_SetCurrentMode  stm32h7xx_ll_usb.o
    0x0800e950   0x0800e950   0x00000022   Code   RO         1301    .text.USB_SetDevAddress  stm32h7xx_ll_usb.o
    0x0800e972   0x0800e972   0x00000006   PAD
    0x0800e978   0x0800e978   0x00000118   Code   RO         1259    .text.USB_SetTurnaroundTime  stm32h7xx_ll_usb.o
    0x0800ea90   0x0800ea90   0x00000078   Code   RO         1289    .text.USB_WritePacket  stm32h7xx_ll_usb.o
    0x0800eb08   0x0800eb08   0x00000002   Code   RO          616    .text.UsageFault_Handler  stm32h7xx_it.o
    0x0800eb0a   0x0800eb0a   0x00000006   PAD
    0x0800eb10   0x0800eb10   0x00000016   Code   RO          214    .text.WitDelayMsRegister  wit_c_sdk.o
    0x0800eb26   0x0800eb26   0x00000002   PAD
    0x0800eb28   0x0800eb28   0x00000028   Code   RO          210    .text.WitInit       wit_c_sdk.o
    0x0800eb50   0x0800eb50   0x00000016   Code   RO          204    .text.WitRegisterCallBack  wit_c_sdk.o
    0x0800eb66   0x0800eb66   0x00000002   PAD
    0x0800eb68   0x0800eb68   0x000002ca   Code   RO          194    .text.WitSerialDataIn  wit_c_sdk.o
    0x0800ee32   0x0800ee32   0x00000006   PAD
    0x0800ee38   0x0800ee38   0x00000016   Code   RO          192    .text.WitSerialWriteRegister  wit_c_sdk.o
    0x0800ee4e   0x0800ee4e   0x00000002   PAD
    0x0800ee50   0x0800ee50   0x0000005a   Code   RO          234    .text.WitSetContent  wit_c_sdk.o
    0x0800eeaa   0x0800eeaa   0x00000006   PAD
    0x0800eeb0   0x0800eeb0   0x0000005a   Code   RO          232    .text.WitSetOutputRate  wit_c_sdk.o
    0x0800ef0a   0x0800ef0a   0x00000006   PAD
    0x0800ef10   0x0800ef10   0x0000017a   Code   RO          206    .text.WitWriteReg   wit_c_sdk.o
    0x0800f08a   0x0800f08a   0x00000006   PAD
    0x0800f090   0x0800f090   0x00000142   Code   RO          196    .text.__CRC16       wit_c_sdk.o
    0x0800f1d2   0x0800f1d2   0x00000006   PAD
    0x0800f1d8   0x0800f1d8   0x0000005a   Code   RO          398    .text.bsp_can_init  bsp_fdcan.o
    0x0800f232   0x0800f232   0x00000006   PAD
    0x0800f238   0x0800f238   0x00000120   Code   RO          402    .text.bsp_fdcan_set_baud  bsp_fdcan.o
    0x0800f358   0x0800f358   0x000001b0   Code   RO          110    .text.dm_motor_ctrl_send  dm_motor_drv.o
    0x0800f508   0x0800f508   0x00000076   Code   RO          104    .text.dm_motor_disable  dm_motor_drv.o
    0x0800f57e   0x0800f57e   0x00000002   PAD
    0x0800f580   0x0800f580   0x0000006c   Code   RO          100    .text.dm_motor_enable  dm_motor_drv.o
    0x0800f5ec   0x0800f5ec   0x00000004   PAD
    0x0800f5f0   0x0800f5f0   0x000000c8   Code   RO          124    .text.dm_motor_fbdata  dm_motor_drv.o
    0x0800f6b8   0x0800f6b8   0x0000014e   Code   RO           83    .text.dm_motor_init  dm_motor_ctrl.o
    0x0800f806   0x0800f806   0x00000002   PAD
    0x0800f808   0x0800f808   0x0000005c   Code   RO           89    .text.fdcan1_rx_callback  dm_motor_ctrl.o
    0x0800f864   0x0800f864   0x00000004   PAD
    0x0800f868   0x0800f868   0x00000048   Code   RO          406    .text.fdcanx_receive  bsp_fdcan.o
    0x0800f8b0   0x0800f8b0   0x00000094   Code   RO          404    .text.fdcanx_send_data  bsp_fdcan.o
    0x0800f944   0x0800f944   0x00000004   PAD
    0x0800f948   0x0800f948   0x00000054   Code   RO          148    .text.get_motor_measure  fdcan_receive.o
    0x0800f99c   0x0800f99c   0x00000004   PAD
    0x0800f9a0   0x0800f9a0   0x0000000c   Code   RO          150    .text.get_motor_offset  fdcan_receive.o
    0x0800f9ac   0x0800f9ac   0x00000004   PAD
    0x0800f9b0   0x0800f9b0   0x0000005a   Code   RO          494    .text.main          main.o
    0x0800fa0a   0x0800fa0a   0x00000006   PAD
    0x0800fa10   0x0800fa10   0x00000010   Code   RO         2856    .text.osDelay       cmsis_os.o
    0x0800fa20   0x0800fa20   0x0000000a   Code   RO         2838    .text.osKernelStart  cmsis_os.o
    0x0800fa2a   0x0800fa2a   0x00000006   PAD
    0x0800fa30   0x0800fa30   0x00000060   Code   RO         2844    .text.osThreadCreate  cmsis_os.o
    0x0800fa90   0x0800fa90   0x00000062   Code   RO           63    .text.pid_call_3    pid_user.o
    0x0800faf2   0x0800faf2   0x00000006   PAD
    0x0800faf8   0x0800faf8   0x0000004a   Code   RO          114    .text.pos_ctrl      dm_motor_drv.o
    0x0800fb42   0x0800fb42   0x00000006   PAD
    0x0800fb48   0x0800fb48   0x000000fc   Code   RO         2736    .text.prvAddNewTaskToReadyList  tasks.o
    0x0800fc44   0x0800fc44   0x00000004   PAD
    0x0800fc48   0x0800fc48   0x00000086   Code   RO         2766    .text.prvIdleTask   tasks.o
    0x0800fcce   0x0800fcce   0x00000002   PAD
    0x0800fcd0   0x0800fcd0   0x0000011a   Code   RO         2734    .text.prvInitialiseNewTask  tasks.o
    0x0800fdea   0x0800fdea   0x00000006   PAD
    0x0800fdf0   0x0800fdf0   0x00000028   Code   RO         2986    .text.prvPortStartFirstTask  port.o
    0x0800fe18   0x0800fe18   0x00000040   Code   RO         2976    .text.prvTaskExitError  port.o
    0x0800fe58   0x0800fe58   0x000001f4   Code   RO         2952    .text.pvPortMalloc  heap_4.o
    0x0801004c   0x0801004c   0x00000004   PAD
    0x08010050   0x08010050   0x0000002c   Code   RO         2974    .text.pxPortInitialiseStack  port.o
    0x0801007c   0x0801007c   0x00000004   PAD
    0x08010080   0x08010080   0x00000036   Code   RO          132    .text.read_motor_data  dm_motor_drv.o
    0x080100b6   0x080100b6   0x00000002   PAD
    0x080100b8   0x080100b8   0x00000232   Code   RO           87    .text.receive_motor_data  dm_motor_ctrl.o
    0x080102ea   0x080102ea   0x00000006   PAD
    0x080102f0   0x080102f0   0x00000030   Code   RO          138    .text.save_motor_data  dm_motor_drv.o
    0x08010320   0x08010320   0x0000002a   Code   RO         2625    .text.uxListRemove  list.o
    0x0801034a   0x0801034a   0x00000006   PAD
    0x08010350   0x08010350   0x0000001a   Code   RO          521    .text.vApplicationGetIdleTaskMemory  freertos.o
    0x0801036a   0x0801036a   0x00000006   PAD
    0x08010370   0x08010370   0x00000016   Code   RO         2617    .text.vListInitialise  list.o
    0x08010386   0x08010386   0x00000002   PAD
    0x08010388   0x08010388   0x00000006   Code   RO         2619    .text.vListInitialiseItem  list.o
    0x0801038e   0x0801038e   0x00000002   PAD
    0x08010390   0x08010390   0x00000062   Code   RO         2623    .text.vListInsert   list.o
    0x080103f2   0x080103f2   0x00000006   PAD
    0x080103f8   0x080103f8   0x0000001c   Code   RO         2621    .text.vListInsertEnd  list.o
    0x08010414   0x08010414   0x00000004   PAD
    0x08010418   0x08010418   0x00000014   Code   RO         2984    .text.vPortEnableVFP  port.o
    0x0801042c   0x0801042c   0x00000004   PAD
    0x08010430   0x08010430   0x0000004a   Code   RO         2990    .text.vPortEnterCritical  port.o
    0x0801047a   0x0801047a   0x00000006   PAD
    0x08010480   0x08010480   0x0000002e   Code   RO         2992    .text.vPortExitCritical  port.o
    0x080104ae   0x080104ae   0x00000002   PAD
    0x080104b0   0x080104b0   0x000000d4   Code   RO         2954    .text.vPortFree     heap_4.o
    0x08010584   0x08010584   0x00000004   PAD
    0x08010588   0x08010588   0x00000034   Code   RO         2982    .text.vPortSetupTimerInterrupt  port.o
    0x080105bc   0x080105bc   0x00000004   PAD
    0x080105c0   0x080105c0   0x0000009e   Code   RO         2742    .text.vTaskDelay    tasks.o
    0x0801065e   0x0801065e   0x00000002   PAD
    0x08010660   0x08010660   0x000000cc   Code   RO         2764    .text.vTaskStartScheduler  tasks.o
    0x0801072c   0x0801072c   0x00000004   PAD
    0x08010730   0x08010730   0x00000010   Code   RO         2744    .text.vTaskSuspendAll  tasks.o
    0x08010740   0x08010740   0x0000006e   Code   RO         2758    .text.vTaskSwitchContext  tasks.o
    0x080107ae   0x080107ae   0x00000002   PAD
    0x080107b0   0x080107b0   0x00000046   Code   RO          136    .text.write_motor_data  dm_motor_drv.o
    0x080107f6   0x080107f6   0x00000002   PAD
    0x080107f8   0x080107f8   0x0000018a   Code   RO         2980    .text.xPortStartScheduler  port.o
    0x08010982   0x08010982   0x00000006   PAD
    0x08010988   0x08010988   0x00000060   Code   RO         2738    .text.xTaskCreate   tasks.o
    0x080109e8   0x080109e8   0x0000007a   Code   RO         2732    .text.xTaskCreateStatic  tasks.o
    0x08010a62   0x08010a62   0x00000006   PAD
    0x08010a68   0x08010a68   0x00000106   Code   RO         2770    .text.xTaskIncrementTick  tasks.o
    0x08010b6e   0x08010b6e   0x00000002   PAD
    0x08010b70   0x08010b70   0x000000ea   Code   RO         2748    .text.xTaskResumeAll  tasks.o
    0x08010c5a   0x08010c5a   0x00000026   Code   RO         3199    i.__ARM_fpclassifyf  m_wv.l(fpclassifyf.o)
    0x08010c80   0x08010c80   0x00000118   Code   RO         3163    i.__hardfp_acosf    m_wv.l(acosf.o)
    0x08010d98   0x08010d98   0x000002ac   Code   RO         3169    i.__hardfp_atan2f   m_wv.l(atan2f.o)
    0x08011044   0x08011044   0x00000150   Code   RO         3175    i.__hardfp_cosf     m_wv.l(cosf.o)
    0x08011194   0x08011194   0x00000190   Code   RO         3181    i.__hardfp_sinf     m_wv.l(sinf.o)
    0x08011324   0x08011324   0x00000006   Code   RO         3202    i.__mathlib_flt_infnan  m_wv.l(funder.o)
    0x0801132a   0x0801132a   0x00000006   Code   RO         3203    i.__mathlib_flt_infnan2  m_wv.l(funder.o)
    0x08011330   0x08011330   0x00000010   Code   RO         3204    i.__mathlib_flt_invalid  m_wv.l(funder.o)
    0x08011340   0x08011340   0x00000010   Code   RO         3207    i.__mathlib_flt_underflow  m_wv.l(funder.o)
    0x08011350   0x08011350   0x00000154   Code   RO         3215    i.__mathlib_rredf2  m_wv.l(rredf.o)
    0x080114a4   0x080114a4   0x0000003e   Code   RO         3220    i.sqrtf             m_wv.l(sqrtf.o)
    0x080114e2   0x080114e2   0x0000001a   Code   RO         3335    x$fpl$fpinit        fz_wv.l(fpinit.o)
    0x080114fc   0x080114fc   0x00000000   Code   RO         3198    x$fpl$usenofp       fz_wv.l(usenofp.o)
    0x080114fc   0x080114fc   0x00000020   Data   RO         3216    .constdata          m_wv.l(rredf.o)
    0x0801151c   0x0801151c   0x0000004c   Data   RO         2376    .rodata..L__const.HAL_FDCAN_Init.CvtEltSize  stm32h7xx_hal_fdcan.o
    0x08011568   0x08011568   0x00000006   Data   RO         2521    .rodata..Lswitch.table.UART_SetConfig.7  stm32h7xx_hal_uart.o
    0x0801156e   0x0801156e   0x00000006   Data   RO         2522    .rodata..Lswitch.table.UART_SetConfig.9  stm32h7xx_hal_uart.o
    0x08011574   0x08011574   0x00000010   Data   RO         2578    .rodata.D1CorePrescTable  system_stm32h7xx.o
    0x08011584   0x08011584   0x00000018   Data   RO         2520    .rodata.UARTPrescTable  stm32h7xx_hal_uart.o
    0x0801159c   0x0801159c   0x00000100   Data   RO          245    .rodata.__auchCRCHi  wit_c_sdk.o
    0x0801169c   0x0801169c   0x00000100   Data   RO          246    .rodata.__auchCRCLo  wit_c_sdk.o
    0x0801179c   0x0801179c   0x00000010   Data   RO         2377    .rodata.cst16       stm32h7xx_hal_fdcan.o
    0x080117ac   0x080117ac   0x00000010   Data   RO         2563    .rodata.cst8        stm32h7xx_hal_uart_ex.o
    0x080117bc   0x080117bc   0x0000002e   Data   RO          533    .rodata.str1.1      freertos.o
    0x080117ea   0x080117ea   0x00000002   PAD
    0x080117ec   0x080117ec   0x00000040   Data   RO         3396    Region$$Table       anon$$obj.o


    Execution Region RW_IRAM1 (Exec base: 0x20000000, Load base: 0x08011830, Size: 0x00008268, Max: 0x00020000, ABSOLUTE)

    Exec Addr    Load Addr    Size         Type   Attr      Idx    E Section Name        Object

    0x20000000   0x08011830   0x00000008   Data   RW         1971    .data..L_MergedGlobals  stm32h7xx_hal.o
    0x20000008   0x08011838   0x00000020   Data   RW          700    .data.HS_Desc       usbd_desc.o
    0x20000028   0x08011858   0x00000038   Data   RW         3139    .data.USBD_CDC      usbd_cdc.o
    0x20000060   0x08011890   0x00000043   Data   RW         3141    .data.USBD_CDC_CfgDesc  usbd_cdc.o
    0x200000a3   0x080118d3   0x00000001   PAD
    0x200000a4   0x080118d4   0x0000000a   Data   RW         3140    .data.USBD_CDC_DeviceQualifierDesc  usbd_cdc.o
    0x200000ae   0x080118de   0x00000002   PAD
    0x200000b0   0x080118e0   0x00000012   Data   RW          701    .data.USBD_HS_DeviceDesc  usbd_desc.o
    0x200000c2   0x080118f2   0x00000002   PAD
    0x200000c4   0x080118f4   0x00000004   Data   RW          703    .data.USBD_LangIDDesc  usbd_desc.o
    0x200000c8   0x080118f8   0x0000001a   Data   RW          704    .data.USBD_StringSerial  usbd_desc.o
    0x200000e2   0x08011912   0x00000002   PAD
    0x200000e4   0x08011914   0x00000004   Data   RW          282    .data.rf_last_theta1  leg.o
    0x200000e8   0x08011918   0x00000004   Data   RW         3000    .data.uxCriticalNesting  port.o
    0x200000ec   0x0801191c   0x00000004   PAD
    0x200000f0        -       0x00000030   Zero   RW           19    .bss..L_MergedGlobals  control_task.o
    0x20000120        -       0x00000024   Zero   RW          247    .bss..L_MergedGlobals  wit_c_sdk.o
    0x20000144        -       0x0000003d   Zero   RW          378    .bss..L_MergedGlobals  arm_echo_uart10.o
    0x20000181   0x0801191c   0x00000003   PAD
    0x20000184        -       0x0000000c   Zero   RW          476    .bss..L_MergedGlobals  bsp_usb.o
    0x20000190        -       0x00000018   Zero   RW          743    .bss..L_MergedGlobals  usbd_cdc_if.o
    0x200001a8        -       0x00000078   Zero   RW         2827    .bss..L_MergedGlobals  tasks.o
    0x20000220        -       0x00000008   Zero   RW         3001    .bss..L_MergedGlobals  port.o
    0x20000228        -       0x00000054   Zero   RW          535    .bss.Start_Control_TControlBlock  freertos.o
    0x2000027c        -       0x00002000   Zero   RW          538    .bss.Start_INS_TaskBuffer  freertos.o
    0x2000227c        -       0x00000054   Zero   RW          539    .bss.Start_INS_TaskControlBlock  freertos.o
    0x200022d0        -       0x00000001   Zero   RW         3078    .bss.USBD_SetConfig.cfgidx  usbd_ctlreq.o
    0x200022d1   0x0801191c   0x00000003   PAD
    0x200022d4        -       0x00000200   Zero   RW          705    .bss.USBD_StrDesc   usbd_desc.o
    0x200024d4        -       0x00000800   Zero   RW          742    .bss.UserTxBufferHS  usbd_cdc_if.o
    0x20002cd4        -       0x0000005c   Zero   RW          354    .bss.g_arm_ik       arm_user.o
    0x20002d30        -       0x0000007c   Zero   RW          355    .bss.g_arm_ik_app   arm_user.o
    0x20002dac        -       0x000002dc   Zero   RW          677    .bss.hUsbDeviceHS   usb_device.o
    0x20003088        -       0x000000a0   Zero   RW          559    .bss.hfdcan1        fdcan.o
    0x20003128        -       0x000000a0   Zero   RW          561    .bss.hfdcan3        fdcan.o
    0x200031c8        -       0x0000004c   Zero   RW          581    .bss.htim4          tim.o
    0x20003214        -       0x00000094   Zero   RW          599    .bss.huart10        usart.o
    0x200032a8        -       0x00000004   Zero   RW          284    .bss.lb_leg         leg.o
    0x200032ac        -       0x00000aa0   Zero   RW           91    .bss.motor          dm_motor_ctrl.o
    0x20003d4c        -       0x000000e0   Zero   RW          164    .bss.motor_fdcan2   fdcan_receive.o
    0x20003e2c        -       0x00000280   Zero   RW           71    .bss.pid_pos_2      pid_user.o
    0x200040ac        -       0x00000280   Zero   RW           73    .bss.pid_pos_3      pid_user.o
    0x2000432c        -       0x00000008   Zero   RW          279    .bss.rf_leg         leg.o
    0x20004334        -       0x00000120   Zero   RW          243    .bss.sReg           wit_c_sdk.o
    0x20004454        -       0x00000004   Zero   RW          474    .bss.s_usbSendDropFrames  bsp_usb.o
    0x20004458        -       0x0000000c   Zero   RW          300    .bss.total_vel      mecanum_classic.o
    0x20004464        -       0x00003c00   Zero   RW         2964    .bss.ucHeap         heap_4.o
    0x20008064   0x0801191c   0x00000004   PAD
    0x20008068        -       0x00000200   Zero   RW          485    HEAP                startup_stm32h723xx.o


    Execution Region RW_IRAM2 (Exec base: 0x24000000, Load base: 0x08011920, Size: 0x00008268, Max: 0x00020000, ABSOLUTE)

    Exec Addr    Load Addr    Size         Type   Attr      Idx    E Section Name        Object

    0x24000000   0x08011920   0x00000060   Data   RW           74    .data..L_MergedGlobals  pid_user.o
    0x24000060   0x08011980   0x00000008   Data   RW          289    .data..L_MergedGlobals  leg.o
    0x24000068   0x08011988   0x00000008   Data   RW         2579    .data..L_MergedGlobals  system_stm32h7xx.o
    0x24000070   0x08011990   0x00000014   Data   RW          738    .data.USBD_Interface_fops_HS  usbd_cdc_if.o
    0x24000084   0x080119a4   0x00000004   Data   RW          280    .data.lf_last_theta1  leg.o
    0x24000088   0x080119a8   0x00000004   Data   RW          281    .data.lf_last_theta2  leg.o
    0x2400008c   0x080119ac   0x00000010   Data   RW          302    .data.mecParam      mecanum_classic.o
    0x2400009c   0x080119bc   0x00000020   Data   RW           67    .data.motor_position_3508_pid_3  pid_user.o
    0x240000bc   0x080119dc   0x00000004   Data   RW          283    .data.rf_last_theta2  leg.o
    0x240000c0   0x080119e0   0x00000001   Data   RW          244    .data.s_ucAddr      wit_c_sdk.o
    0x240000c1   0x080119e1   0x00000007   PAD
    0x240000c8        -       0x00000060   Zero   RW         3247    .bss                c_w.l(libspace.o)
    0x24000128        -       0x00000042   Zero   RW          261    .bss..L_MergedGlobals  crc.o
    0x2400016a   0x080119e1   0x00000002   PAD
    0x2400016c        -       0x0000003c   Zero   RW          389    .bss..L_MergedGlobals  data_analysis.o
    0x240001a8        -       0x0000000c   Zero   RW          540    .bss..L_MergedGlobals  freertos.o
    0x240001b4        -       0x00000020   Zero   RW         2965    .bss..L_MergedGlobals  heap_4.o
    0x240001d4        -       0x00000028   Zero   RW         2828    .bss..L_MergedGlobals.2  tasks.o
    0x240001fc        -       0x00000004   Zero   RW          562    .bss.HAL_RCC_FDCAN_CLK_ENABLED  fdcan.o
    0x24000200        -       0x00000001   Zero   RW          286    .bss.LEG_Cmd        leg.o
    0x24000201   0x080119e1   0x00000003   PAD
    0x24000204        -       0x00002000   Zero   RW          536    .bss.Start_CAN_TaskBuffer  freertos.o
    0x24002204        -       0x00000054   Zero   RW          537    .bss.Start_CAN_TaskControlBlock  freertos.o
    0x24002258        -       0x00002000   Zero   RW          534    .bss.Start_Control_TBuffer  freertos.o
    0x24004258        -       0x00000220   Zero   RW          815    .bss.USBD_static_malloc.mem  usbd_conf.o
    0x24004478        -       0x00000800   Zero   RW          741    .bss.UserRxBufferHS  usbd_cdc_if.o
    0x24004c78        -       0x00000001   Zero   RW          260    .bss.btReceiveData  crc.o
    0x24004c79   0x080119e1   0x00000003   PAD
    0x24004c7c        -       0x000000a0   Zero   RW          560    .bss.hfdcan2        fdcan.o
    0x24004d1c        -       0x000004e4   Zero   RW          814    .bss.hpcd_USB_OTG_HS  usbd_conf.o
    0x24005200        -       0x0000004c   Zero   RW          666    .bss.htim2          stm32h7xx_hal_timebase_tim.o
    0x2400524c        -       0x0000004c   Zero   RW          580    .bss.htim3          tim.o
    0x24005298        -       0x00000094   Zero   RW          598    .bss.huart7         usart.o
    0x2400532c        -       0x00000028   Zero   RW          182    .bss.imu_data       imu.o
    0x24005354        -       0x00000001   Zero   RW          183    .bss.imu_rx_byte    imu.o
    0x24005355   0x080119e1   0x00000003   PAD
    0x24005358        -       0x00000008   Zero   RW          278    .bss.lf_leg         leg.o
    0x24005360        -       0x000000e0   Zero   RW          165    .bss.motor_fdcan3   fdcan_receive.o
    0x24005440        -       0x00000280   Zero   RW           70    .bss.pid_v_2        pid_user.o
    0x240056c0        -       0x00000280   Zero   RW           72    .bss.pid_v_3        pid_user.o
    0x24005940        -       0x0000008c   Zero   RW         2826    .bss.pxReadyTasksLists  tasks.o
    0x240059cc        -       0x00000004   Zero   RW          285    .bss.rb_leg         leg.o
    0x240059d0        -       0x00001000   Zero   RW          740    .bss.s_rxRing       usbd_cdc_if.o
    0x240069d0        -       0x00001000   Zero   RW          739    .bss.s_txRing       usbd_cdc_if.o
    0x240079d0        -       0x00000100   Zero   RW          242    .bss.s_ucWitDataBuff  wit_c_sdk.o
    0x24007ad0        -       0x00000010   Zero   RW          301    .bss.total_speed    mecanum_classic.o
    0x24007ae0        -       0x0000012c   Zero   RW          475    .bss.usb_Buf        bsp_usb.o
    0x24007c0c        -       0x00000004   Zero   RW         1970    .bss.uwTick         stm32h7xx_hal.o
    0x24007c10        -       0x00000200   Zero   RW          532    .bss.xIdleStack     freertos.o
    0x24007e10        -       0x00000054   Zero   RW          531    .bss.xIdleTaskTCBBuffer  freertos.o
    0x24007e64   0x080119e1   0x00000004   PAD
    0x24007e68        -       0x00000400   Zero   RW          484    STACK               startup_stm32h723xx.o


==============================================================================

Image component sizes


      Code (inc. data)   RO Data    RW Data    ZI Data      Debug   Object Name

       620          0          0          0         61       7095   arm_echo_uart10.o
      1998         88          0          0          0      11533   arm_ik_3r_safe_stm32h7.o
       730         16          0          0        216       6817   arm_user.o
       968        164          0          0          0       9475   bsp_fdcan.o
       616          0          0          0          0       3392   bsp_mcu.o
        24          0          0          0          0       2025   bsp_tick.o
       212          0          0          0          0       4711   bsp_uart.o
      1188          8          0          0        316       6518   bsp_usb.o
       844          4          0          0          0       2099   can_task.o
       122          0          0          0          0      24913   cmsis_os.o
      1212         32          0          0         48       5252   control_task.o
       934         78          0          0         67       4543   crc.o
      1332        142          0          0         60      13005   data_analysis.o
       988        188          0          0       2720       4947   dm_motor_ctrl.o
      1104         42          0          0          0      20659   dm_motor_drv.o
      1040          0          0          0        484      12434   fdcan.o
       292          0          0          0        448       9079   fdcan_receive.o
       246         84         46          0      25436       3975   freertos.o
       170          0          0          0          0       3198   gpio.o
       712          0          0          0      15392       5768   heap_4.o
       336         12          0          0         41       5310   imu.o
        18          0          0          0          0        957   ins_task.o
      1304         52          0         24         25       4805   leg.o
       196          0          0          0          0       2362   list.o
       536          0          0          0          0      12520   main.o
       192          4          0         16         28       2005   mecanum_classic.o
       378          4          0          0          0       2076   pid.o
       906         16          0        128       2560       4146   pid_user.o
       916         16          0          4          8       4354   port.o
        72         30        716          0       1536        864   startup_stm32h723xx.o
       178          0          0          8          4      15971   stm32h7xx_hal.o
       350          0          0          0          0      12449   stm32h7xx_hal_cortex.o
      2022          0          0          0          0      17971   stm32h7xx_hal_dma.o
      4002          0         92          0          0      61517   stm32h7xx_hal_fdcan.o
       700          0          0          0          0       7047   stm32h7xx_hal_gpio.o
        42          0          0          0          0       5476   stm32h7xx_hal_msp.o
      3790          0          0          0          0      17484   stm32h7xx_hal_pcd.o
       266          0          0          0          0       6413   stm32h7xx_hal_pcd_ex.o
        94          0          0          0          0       9674   stm32h7xx_hal_pwr_ex.o
      2576         16          0          0          0      11397   stm32h7xx_hal_rcc.o
      3946        138          0          0          0      19762   stm32h7xx_hal_rcc_ex.o
      1576          0          0          0          0      65848   stm32h7xx_hal_tim.o
       228          0          0          0          0      26313   stm32h7xx_hal_tim_ex.o
       164          0          0          0         76       9744   stm32h7xx_hal_timebase_tim.o
      9196        332         36          0          0      43625   stm32h7xx_hal_uart.o
       348          0         16          0          0      11596   stm32h7xx_hal_uart_ex.o
       156          0          0          0          0      12643   stm32h7xx_it.o
      4988          0          0          0          0      40175   stm32h7xx_ll_usb.o
       254          0         16          8          0       5674   system_stm32h7xx.o
      1870          8          0          0        300      28142   tasks.o
       346          0          0          0        152      10369   tim.o
       524          0          0          0        296      11713   usart.o
       108          0          0          0        732       3317   usb_device.o
      1232         12          0        133          0      11803   usbd_cdc.o
       744          0          0         20      12312       8775   usbd_cdc_if.o
       780          0          0          0       1796      22490   usbd_conf.o
       998          0          0          0          0      11245   usbd_core.o
      1644         36          0          0          1      10266   usbd_ctlreq.o
       562         72          0         80        512       4411   usbd_desc.o
       132          0          0          0          0       4784   usbd_ioreq.o
      1700         42        512          1        580      12666   wit_c_sdk.o

    ----------------------------------------------------------------------
     66978       1724       1500        432      66240     741597   Object Totals
         0          0         64          0          0          0   (incl. Generated)
      1256         88          2         10         33          0   (incl. Padding)

    ----------------------------------------------------------------------

      Code (inc. data)   RO Data    RW Data    ZI Data      Debug   Library Member Name

        90          0          0          0          0          0   __dczerorl2.o
         8          0          0          0          0         68   __main.o
         0          0          0          0          0          0   __rtentry.o
        12          0          0          0          0          0   __rtentry2.o
         6          0          0          0          0          0   __rtentry4.o
        94          8          0          0          0          0   __scatter.o
        26          0          0          0          0          0   __scatter_copy.o
        28          0          0          0          0          0   __scatter_zi.o
        22          0          0          0          0        100   _rserrno.o
        18          0          0          0          0         80   exit.o
         6          0          0          0          0        152   heapauxi.o
         0          0          0          0          0          0   indicate_semi.o
         2          0          0          0          0          0   libinit.o
         6          0          0          0          0          0   libinit2.o
         2          0          0          0          0          0   libshutdown.o
         2          0          0          0          0          0   libshutdown2.o
         8          4          0          0         96         68   libspace.o
       240          0          0          0          0        100   lludivv7m.o
         8          4          0          0          0         68   rt_errno_addr_intlibspace.o
        78          0          0          0          0         80   rt_memclr_w.o
       138          0          0          0          0         68   rt_memcpy_v6.o
       100          0          0          0          0         80   rt_memcpy_w.o
         2          0          0          0          0          0   rtexit.o
        10          0          0          0          0          0   rtexit2.o
        12          4          0          0          0         68   sys_exit.o
        74          0          0          0          0         80   sys_stackheap_outer.o
         2          0          0          0          0         68   use_no_semi.o
        26          0          0          0          0        116   fpinit.o
         0          0          0          0          0          0   usenofp.o
       280         46          0          0          0        176   acosf.o
       684         90          0          0          0        208   atan2f.o
       336         56          0          0          0        136   cosf.o
        38          0          0          0          0        116   fpclassifyf.o
        44         12          0          0          0        464   funder.o
       340         24         32          0          0        160   rredf.o
       400         56          0          0          0        212   sinf.o
        62          0          0          0          0        136   sqrtf.o

    ----------------------------------------------------------------------
      3214        304         32          0         96       2804   Library Totals
        10          0          0          0          0          0   (incl. Padding)

    ----------------------------------------------------------------------

      Code (inc. data)   RO Data    RW Data    ZI Data      Debug   Library Name

       994         20          0          0         96       1080   c_w.l
        26          0          0          0          0        116   fz_wv.l
      2184        284         32          0          0       1608   m_wv.l

    ----------------------------------------------------------------------
      3214        304         32          0         96       2804   Library Totals

    ----------------------------------------------------------------------

==============================================================================


      Code (inc. data)   RO Data    RW Data    ZI Data      Debug   

     70192       2028       1532        432      66336     741889   Grand Totals
     70192       2028       1532        432      66336     741889   ELF Image Totals
     70192       2028       1532        432          0          0   ROM Totals

==============================================================================

    Total RO  Size (Code + RO Data)                71724 (  70.04kB)
    Total RW  Size (RW Data + ZI Data)             66768 (  65.20kB)
    Total ROM Size (Code + RO Data + RW Data)      72156 (  70.46kB)

==============================================================================

